04-03 11:41:59.285  1111  4191 I ExperimentPackageManage: Package com.android.media.swcodec name not found! Using module version.
04-03 11:41:59.289  1111  4191 I ExperimentPackageManage: Package com.android.appsearch name not found! Using module version.
04-03 11:41:59.291  1111  4191 I ExperimentPackageManage: Package com.android.neuralnetworks name not found! Using module version.
04-03 11:41:59.291  1111  4191 I ExperimentPackageManage: Package com.google.android.odad name not found! Using module version.
04-03 11:41:59.292  1111  4191 I ExperimentPackageManage: Package com.android.media name not found! Using module version.
04-03 11:41:59.297  1111  4191 I ExperimentPackageManage: Package com.android.privateads.apk name not found! Using module version.
04-03 11:41:59.298  1111  4191 I ExperimentPackageManage: Package com.google.android.as.oss name not found! Using module version.
04-03 11:41:59.305  5740  5740 D IdlingResourceRegistry: All idling resources are idle.
04-03 11:41:59.307  5740  5740 I chatty  : uid=10173(com.example.lunchtray) identical 2 lines
04-03 11:41:59.307  5740  5740 D IdlingResourceRegistry: All idling resources are idle.
04-03 11:41:59.308  5740  5740 I ViewInteraction: Checking 'MatchesViewAssertion{viewMatcher=with text: a string containing "Subtotal: $2.00"}' assertion on view with id is <com.example.lunchtray:id/subtotal>
04-03 11:41:59.311  5740  5740 D IdlingResourceRegistry: All idling resources are idle.
04-03 11:41:59.311  5740  5740 D IdlingResourceRegistry: All idling resources are idle.
04-03 11:41:59.312  5740  5740 I ViewInteraction: Performing 'single click' action on view with id is <com.example.lunchtray:id/rice>
04-03 11:41:59.325  5740  5740 D IdlingResourceRegistry: All idling resources are idle.
04-03 11:41:59.325  5740  5740 D IdlingResourceRegistry: All idling resources are idle.
04-03 11:41:59.328  5097  5786 W t_app_installe: Accessing hidden field Ljava/util/Collections$SynchronizedCollection;->mutex:Ljava/lang/Object; (greylist-max-o, reflection, denied)
04-03 11:41:59.329  5097  5786 W t_app_installe: Accessing hidden method Ljava/util/Collections$SynchronizedSet;-><init>(Ljava/util/Set;Ljava/lang/Object;)V (greylist-max-o, reflection, denied)
04-03 11:41:59.329  5097  5786 W t_app_installe: Accessing hidden method Ljava/util/Collections$SynchronizedCollection;-><init>(Ljava/util/Collection;Ljava/lang/Object;)V (greylist-max-o, reflection, denied)
04-03 11:41:59.335  1111  4191 I ayny    : updateFromConfigurations using legacy put method [CONTEXT service_id=204 ]
04-03 11:41:59.335  5740  5740 D IdlingResourceRegistry: All idling resources are idle.
04-03 11:41:59.348  5740  5740 I chatty  : uid=10173(com.example.lunchtray) identical 4 lines
04-03 11:41:59.348  5740  5740 D IdlingResourceRegistry: All idling resources are idle.
04-03 11:41:59.350  1236  1961 I SuperDelight: SuperDelightDownloadMetadataParser.parse():177 SuperDelightDownloadMetadataParser#parse(delight): Manifest parsed with 884 packs
04-03 11:41:59.350  1236  1961 I SuperDelight: SuperDelightMergingStrategy.merge():57 SuperDelightMergingStrategy#merge(): selected[[main_en_us_2020052800_1]] synced[[main_en_us_2020052800_1]]
04-03 11:41:59.351  1236  1961 I SP      : Sync for delight succeeded in 317 ms: no changes
04-03 11:41:59.351  1236  1961 I SP      : GC for 'delight' (10) with ttl of 0 ms took 0 ms (0/0/0)
04-03 11:41:59.352  5740  5740 D IdlingResourceRegistry: All idling resources are idle.
04-03 11:41:59.353  5740  5740 D IdlingResourceRegistry: All idling resources are idle.
04-03 11:41:59.385   515  2999 I system_server: oneway function results will be dropped but finished with status OK and parcel size 4
04-03 11:41:59.399   288   288 D Zygote  : Forked child process 5791
04-03 11:41:59.405  5740  5740 D IdlingResourceRegistry: All idling resources are idle.
04-03 11:41:59.405  5740  5740 D IdlingResourceRegistry: All idling resources are idle.
04-03 11:41:59.411  5791  5791 W d.configupdate: Unexpected CPU variant for X86 using defaults: x86
04-03 11:41:59.419  5791  5791 E d.configupdate: Not starting debugger since process cannot load the jdwp agent.
04-03 11:41:59.422  1111  2957 I NetworkScheduler.Stats: Task com.google.android.gms/com.google.android.gms.gass.chimera.SchedulePeriodicTasksService started execution. cause:5 exec_start_elapsed_seconds: 82 [CONTEXT service_id=218 ]
04-03 11:41:59.449  1111  4191 I ExperimentPackageManage: Package com.google.android.as name not found! Using module version.
04-03 11:41:59.449  1111  4191 I ExperimentPackageManage: Package com.android.refreshratecontrol name not found! Using module version.
04-03 11:41:59.450  1111  4191 I ExperimentPackageManage: Package com.google.android.as name not found! Using module version.
04-03 11:41:59.452  1111  4191 I ExperimentPackageManage: Package com.google.oslo name not found! Using module version.
04-03 11:41:59.457  5791  5791 D ApplicationLoaders: Returning zygote-cached class loader: /system/framework/android.test.base.jar
04-03 11:41:59.461  1111  4191 I ExperimentPackageManage: Package com.google.android.art name not found! Using module version.
04-03 11:41:59.462  1111  4191 I ExperimentPackageManage: Package com.google.android.art name not found! Using module version.
04-03 11:41:59.463  5791  5791 I d.configupdate: The ClassLoaderContext is a special shared library.
04-03 11:41:59.463  5791  5791 D nativeloader: classloader namespace configured for unbundled product apk. library_path=/product/priv-app/ConfigUpdater/lib/x86:/product/lib:/system/product/lib
04-03 11:41:59.465  1111  4191 I ExperimentPackageManage: Package com.android.media name not found! Using module version.
04-03 11:41:59.465  1111  4191 I ExperimentPackageManage: Package com.android.media.swcodec name not found! Using module version.
04-03 11:41:59.470  1111  4191 I ExperimentPackageManage: Package com.android.appsearch name not found! Using module version.
04-03 11:41:59.470  1111  4191 I ExperimentPackageManage: Package com.android.neuralnetworks name not found! Using module version.
04-03 11:41:59.471  1111  4191 I ExperimentPackageManage: Package com.google.android.odad name not found! Using module version.
04-03 11:41:59.472  1111  4191 I ExperimentPackageManage: Package com.android.media name not found! Using module version.
04-03 11:41:59.473  1111  4191 I ExperimentPackageManage: Package com.android.privateads.apk name not found! Using module version.
04-03 11:41:59.476  1111  4191 I ExperimentPackageManage: Package com.google.android.as.oss name not found! Using module version.
04-03 11:41:59.490  5791  5791 D NetworkSecurityConfig: No Network Security Config specified, using platform default
04-03 11:41:59.490  5791  5791 D NetworkSecurityConfig: No Network Security Config specified, using platform default
04-03 11:41:59.495  1111  4635 I NetworkScheduler.Stats: Task com.google.android.gms/com.google.android.gms.ads.jams.NegotiationService started execution. cause:5 exec_start_elapsed_seconds: 82 [CONTEXT service_id=218 ]
04-03 11:41:59.515  1111  2957 I NetworkScheduler.Stats: Task com.google.android.gms/com.google.android.gms.ads.jams.NegotiationService finished executing. cause:5 result: 1 elapsed_millis: 77 uptime_millis: 77 exec_start_elapsed_seconds: 82 [CONTEXT service_id=218 ]
04-03 11:41:59.517   515  4376 I system_server: oneway function results will be dropped but finished with status OK and parcel size 4
04-03 11:41:59.556  5740  5740 D IdlingResourceRegistry: All idling resources are idle.
04-03 11:41:59.556  5740  5740 D IdlingResourceRegistry: All idling resources are idle.
04-03 11:41:59.559  1111  5577 I ExperimentPackageManage: Package com.google.android.as name not found! Using module version.
04-03 11:41:59.562  1111  5577 I ExperimentPackageManage: Package com.android.refreshratecontrol name not found! Using module version.
04-03 11:41:59.563  1111  5577 I ExperimentPackageManage: Package com.google.android.as name not found! Using module version.
04-03 11:41:59.567  1111  5577 I ExperimentPackageManage: Package com.google.oslo name not found! Using module version.
04-03 11:41:59.567  1111  5577 I ExperimentPackageManage: Package com.google.android.art name not found! Using module version.
04-03 11:41:59.568  1111  5577 I ExperimentPackageManage: Package com.google.android.art name not found! Using module version.
04-03 11:41:59.576  2950  2950 W ConfigurationUpdatedRec: Received update for unknown package com.google.android.gms.icing.mdd#com.google.android.apps.messaging
04-03 11:41:59.578  2950  3098 I BuglePhenotype: onReceive for bugle package [CONTEXT package_name="com.google.android.apps.messaging" ]
04-03 11:41:59.580  1111  5577 I ExperimentPackageManage: Package com.android.media name not found! Using module version.
04-03 11:41:59.581  1111  5577 I ExperimentPackageManage: Package com.android.media.swcodec name not found! Using module version.
04-03 11:41:59.583  2950  2950 W ConfigurationUpdatedRec: Received update for unknown package com.google.android.apps.messaging
04-03 11:41:59.585  2950  3098 I BuglePhenotype: onReceive for cslib package [CONTEXT package_name="com.google.android.ims.library" ]
04-03 11:41:59.593  2950  2950 W ConfigurationUpdatedRec: Received update for unknown package com.google.android.ims.library
04-03 11:41:59.593  5097  5097 D CompatibilityChangeReporter: Compat change id reported: 119147584; UID 10102; state: ENABLED
04-03 11:41:59.596  1111  5577 I ExperimentPackageManage: Package com.android.appsearch name not found! Using module version.
04-03 11:41:59.597  1111  5577 I ExperimentPackageManage: Package com.android.neuralnetworks name not found! Using module version.
04-03 11:41:59.598  1111  5577 I ExperimentPackageManage: Package com.google.android.odad name not found! Using module version.
04-03 11:41:59.600  1111  5577 I ExperimentPackageManage: Package com.android.media name not found! Using module version.
04-03 11:41:59.601  2950  2950 W ConfigurationUpdatedRec: Received update for unknown package com.google.android.libraries.internal.growth.growthkit#com.google.android.apps.messaging
04-03 11:41:59.612  1111  5577 I ExperimentPackageManage: Package com.android.privateads.apk name not found! Using module version.
04-03 11:41:59.612  1111  5577 I ExperimentPackageManage: Package com.google.android.as.oss name not found! Using module version.
04-03 11:41:59.624  5740  5740 D IdlingResourceRegistry: All idling resources are idle.
04-03 11:41:59.626  5740  5740 I chatty  : uid=10173(com.example.lunchtray) identical 2 lines
04-03 11:41:59.627  5740  5740 D IdlingResourceRegistry: All idling resources are idle.
04-03 11:41:59.628  5740  5740 I ViewInteraction: Checking 'MatchesViewAssertion{viewMatcher=with text: a string containing "Subtotal: $1.50"}' assertion on view with id is <com.example.lunchtray:id/subtotal>
04-03 11:41:59.628  5740  5762 I TestRunner: finished: radio_buttons_update_side_menu_subtotal(com.example.lunchtray.OrderFunctionalityTests)
