04-03 11:42:02.353  5825  5924 W ConfiguratorPhenotypeUt: Package com.android.refreshratecontrol name not found! Using module version. [CONTEXT service_id=204 ]
04-03 11:42:02.354  5825  5924 W ConfiguratorPhenotypeUt: Package com.google.android.as name not found! Using module version. [CONTEXT service_id=204 ]
04-03 11:42:02.354  5825  5924 W ConfiguratorPhenotypeUt: Package com.android.neuralnetworks name not found! Using module version. [CONTEXT service_id=204 ]
04-03 11:42:02.359  5825  5924 W ConfiguratorPhenotypeUt: Package com.google.android.as.oss name not found! Using module version. [CONTEXT service_id=204 ]
04-03 11:42:02.360  5825  5924 W ConfiguratorPhenotypeUt: Package com.android.media name not found! Using module version. [CONTEXT service_id=204 ]
04-03 11:42:02.362  5421  5487 I GmsApiChimeraSvc: Using MissingApiServiceBroker for com.google.android.gms.connectedhome.service.START due to missing BoundService implementation
04-03 11:42:02.366  5825  5924 W ConfiguratorPhenotypeUt: Package com.google.android.odad name not found! Using module version. [CONTEXT service_id=204 ]
04-03 11:42:02.367  5825  5924 W ConfiguratorPhenotypeUt: Package com.android.appsearch name not found! Using module version. [CONTEXT service_id=204 ]
04-03 11:42:02.368  5825  5924 W ConfiguratorPhenotypeUt: Package com.google.android.art name not found! Using module version. [CONTEXT service_id=204 ]
04-03 11:42:02.369  5825  5924 W ConfiguratorPhenotypeUt: Package com.android.media.swcodec name not found! Using module version. [CONTEXT service_id=204 ]
04-03 11:42:02.385  5825  5909 I NetworkScheduler.Stats: Task com.google.android.gms/com.google.android.gms.icing.proxy.IcingInternalCorporaUpdateService started execution. cause:9 exec_start_elapsed_seconds: 85 [CONTEXT service_id=218 ]
04-03 11:42:02.387  5825  5909 I NetworkScheduler.Stats: Task com.google.android.gms/com.google.android.gms.icing.proxy.IcingInternalCorporaUpdateService finished executing. cause:9 result: 1 elapsed_millis: 132 uptime_millis: 132 exec_start_elapsed_seconds: 85 [CONTEXT service_id=218 ]
04-03 11:42:02.410  5421  5953 W ModuleInitIntentOp: Dropping unexpected action com.google.android.gms.phenotype.COMMITTED
04-03 11:42:02.410  5421  5566 I SyncIntentOperation: Handling the intent: Intent { act=com.google.android.gms.phenotype.COMMITTED flg=0x10 pkg=com.google.android.gms cmp=com.google.android.gms/.chimera.GmsIntentOperationService (has extras) }. [CONTEXT service_id=80 ]
04-03 11:42:02.411  5421  5953 I MdiSyncModule: flag handling is skipping irrelevant intent.
04-03 11:42:02.414  5740  5740 D IdlingResourceRegistry: All idling resources are idle.
04-03 11:42:02.415  5740  5740 I chatty  : uid=10173(com.example.lunchtray) identical 2 lines
04-03 11:42:02.415  5740  5740 D IdlingResourceRegistry: All idling resources are idle.
04-03 11:42:02.415  5740  5740 I ViewInteraction: Performing 'single click' action on view with id is <com.example.lunchtray:id/bread>
04-03 11:42:02.419  5421  5951 I GmsSyncPolicyEngine: Periodic sync 1 disabled by policy, cancelled.
04-03 11:42:02.420  5421  5951 I GmsSyncPolicyEngine: Periodic sync 2 disabled by policy, cancelled.
04-03 11:42:02.420  5740  5740 D IdlingResourceRegistry: All idling resources are idle.
04-03 11:42:02.420  5740  5740 D IdlingResourceRegistry: All idling resources are idle.
04-03 11:42:02.421  5825  5860 W WearableService: onGetService: Wear is not available on this device.
04-03 11:42:02.427  5825  5859 I GCoreUlr: DispatchingService ignoring Intent { act=android.net.wifi.WIFI_STATE_CHANGED flg=0x4000010 (has extras) } because ULR inactive
04-03 11:42:02.430  5825  5921 I PTCommittedOperation: Receive new configuration for com.google.android.gms.platformconfigurator
04-03 11:42:02.433  5740  5740 D IdlingResourceRegistry: All idling resources are idle.
04-03 11:42:02.442  5740  5740 I chatty  : uid=10173(com.example.lunchtray) identical 2 lines
04-03 11:42:02.442  5740  5740 D IdlingResourceRegistry: All idling resources are idle.
04-03 11:42:02.447  5825  5859 I GCoreUlr: WorldUpdater received intent Intent { act=com.google.android.location.reporting.ACTION_UPDATE_WORLD cmp=com.google.android.gms/com.google.android.location.reporting.service.DispatchingService (has extras) } with receiverAction com.google.android.location.internal.server.ACTION_RESTARTED
04-03 11:42:02.449  5740  5740 D IdlingResourceRegistry: All idling resources are idle.
04-03 11:42:02.449  5740  5740 D IdlingResourceRegistry: All idling resources are idle.
04-03 11:42:02.453  5825  5859 I GCoreUlr: WorldUpdater:com.google.android.location.internal.server.ACTION_RESTARTED: Ensuring that reporting is stopped because of reasons: (no Google accounts)
04-03 11:42:02.454  5740  5740 D IdlingResourceRegistry: All idling resources are idle.
04-03 11:42:02.458  5740  5740 I chatty  : uid=10173(com.example.lunchtray) identical 2 lines
04-03 11:42:02.458  5740  5740 D IdlingResourceRegistry: All idling resources are idle.
04-03 11:42:02.459  5825  5859 I GCoreUlr: Unbound from all signal providers.
04-03 11:42:02.466  5825  5825 I GCoreUlr: Unbound from all signal providers.
04-03 11:42:02.466  5825  5825 I GCoreUlr: Stopping handler for UlrDispSvcFast
04-03 11:42:02.476  5825  5837 I .gms.persisten: Background young concurrent copying GC freed 431751(24MB) AllocSpace objects, 199(10MB) LOS objects, 67% free, 11MB/35MB, paused 1.912ms total 219.707ms
04-03 11:42:02.483   515  4829 I system_server: oneway function results will be dropped but finished with status OK and parcel size 4
04-03 11:42:02.505  5740  5740 D IdlingResourceRegistry: All idling resources are idle.
04-03 11:42:02.538  5740  5740 D IdlingResourceRegistry: All idling resources are idle.
04-03 11:42:02.581   515  5985 I system_server: The ClassLoaderContext is a special shared library.
04-03 11:42:02.604   515  5985 I chatty  : uid=1000(system) BackgroundDexOp identical 3 lines
04-03 11:42:02.615   515  5985 I system_server: The ClassLoaderContext is a special shared library.
04-03 11:42:02.616   515  4829 I system_server: oneway function results will be dropped but finished with status OK and parcel size 4
04-03 11:42:02.618   515  5985 I system_server: The ClassLoaderContext is a special shared library.
04-03 11:42:02.622   515  5985 I system_server: The ClassLoaderContext is a special shared library.
04-03 11:42:02.629   515  5985 I PackageDexOptimizer: Running dexopt (dexoptNeeded=1) on: /data/app/~~xgAVA3TFxYmCE9qgNNeG6g==/com.example.wordsapp.test-EUF-NC46hsDmar1tj68coA==/base.apk pkg=com.example.wordsapp.test isa=x86 dexoptFlags=boot_complete,debuggable,public,enable_hidden_api_checks targetFilter=verify oatDir=/data/app/~~xgAVA3TFxYmCE9qgNNeG6g==/com.example.wordsapp.test-EUF-NC46hsDmar1tj68coA==/oat classLoaderContext=PCL[]{PCL[/system/framework/android.test.base.jar]#PCL[/system/framework/android.test.mock.jar]{PCL[/system/framework/android.test.base.jar]}#PCL[/system/framework/android.test.runner.jar]{PCL[/system/framework/android.test.base.jar]#PCL[/system/framework/android.test.mock.jar]{PCL[/system/framework/android.test.base.jar]}}}
04-03 11:42:02.630   417  1310 V installd: DexInv: --- BEGIN '/data/app/~~xgAVA3TFxYmCE9qgNNeG6g==/com.example.wordsapp.test-EUF-NC46hsDmar1tj68coA==/base.apk' ---
04-03 11:42:02.646  5987  5987 W dex2oat32: Unexpected CPU variant for X86 using defaults: x86
04-03 11:42:02.646  5987  5987 W dex2oat32: Mismatch between dex2oat instruction set features to use (ISA: X86 Feature string: -ssse3,-sse4.1,-sse4.2,-avx,-avx2,-popcnt) and those from CPP defines (ISA: X86 Feature string: ssse3,-sse4.1,-sse4.2,-avx,-avx2,-popcnt) for the command line:
04-03 11:42:02.646  5987  5987 W dex2oat32: /apex/com.android.art/bin/dex2oat32 --zip-fd=7 --zip-location=base.apk --input-vdex-fd=-1 --output-vdex-fd=9 --oat-fd=8 --oat-location=/data/app/~~xgAVA3TFxYmCE9qgNNeG6g==/com.example.wordsapp.test-EUF-NC46hsDmar1tj68coA==/oat/x86/base.odex --instruction-set=x86 --instruction-set-variant=x86 --instruction-set-features=default --runtime-arg -Xbootclasspath:/apex/com.android.art/javalib/core-oj.jar:/apex/com.android.art/javalib/core-libart.jar:/apex/com.android.art/javalib/core-icu4j.jar:/apex/com.android.art/javalib/okhttp.jar:/apex/com.android.art/javalib/bouncycastle.jar:/apex/com.android.art/javalib/apache-xml.jar:/system/framework/framework.jar:/system/framework/ext.jar:/system/framework/telephony-common.jar:/system/framework/voip-common.jar:/system/framework/ims-common.jar:/system/framework/framework-atb-backward-compatibility.jar --runtime-arg -Xms64m --runtime-arg -Xmx512m --updatable-bcp-packages-file=/system/etc/updatable-bcp-packages.txt --resolve-startup-const-strings=true --max-image-block-size=524288 --compiler-filter=verify --swap-fd=10 --debuggable --classpath-dir=/data/app/~~xgAVA3TFxYmCE9qgNNeG6g==/com.example.wordsapp.test-EUF-NC46hsDmar1tj68coA== --class-loader-context=PCL[]{PCL[/system/framework/android.test.base.jar]#PCL[/system/framework/android.test.mock.jar]{PCL[/system/framework/android.test.base.jar]}#PCL[/system/framework/android.test.runner.jar]{PCL[/system/framework/android.test.base.jar]#PCL[/system/framework/android.test.mock.jar]{PCL[/system/framework/android.test.base.jar]}}} --generate-mini-debug-info --compact-dex-level=none --runtime-arg -Xtarget-sdk-version:30 --runtime-arg -Xhidden-api-policy:enabled --compilation-reason=boot
04-03 11:42:02.646  5987  5987 I dex2oat32: /apex/com.android.art/bin/dex2oat32 --input-vdex-fd=-1 --output-vdex-fd=9 --updatable-bcp-packages-file=/system/etc/updatable-bcp-packages.txt --resolve-startup-const-strings=true --max-image-block-size=524288 --compiler-filter=verify --debuggable --classpath-dir=/data/app/~~xgAVA3TFxYmCE9qgNNeG6g==/com.example.wordsapp.test-EUF-NC46hsDmar1tj68coA== --class-loader-context=PCL[]{PCL[/system/framework/android.test.base.jar]#PCL[/system/framework/android.test.mock.jar]{PCL[/system/framework/android.test.base.jar]}#PCL[/system/framework/android.test.runner.jar]{PCL[/system/framework/android.test.base.jar]#PCL[/system/framework/android.test.mock.jar]{PCL[/system/framework/android.test.base.jar]}}} --generate-mini-debug-info --compact-dex-level=none --compilation-reason=boot
04-03 11:42:02.648  5987  5987 I dex2oat32: setting boot class path to /apex/com.android.art/javalib/core-oj.jar:/apex/com.android.art/javalib/core-libart.jar:/apex/com.android.art/javalib/core-icu4j.jar:/apex/com.android.art/javalib/okhttp.jar:/apex/com.android.art/javalib/bouncycastle.jar:/apex/com.android.art/javalib/apache-xml.jar:/system/framework/framework.jar:/system/framework/ext.jar:/system/framework/telephony-common.jar:/system/framework/voip-common.jar:/system/framework/ims-common.jar:/system/framework/framework-atb-backward-compatibility.jar
04-03 11:42:02.689  5740  5740 D IdlingResourceRegistry: All idling resources are idle.
04-03 11:42:02.758  5740  5740 I chatty  : uid=10173(com.example.lunchtray) identical 4 lines
04-03 11:42:02.758  5740  5740 D IdlingResourceRegistry: All idling resources are idle.
04-03 11:42:02.759  5740  5740 I ViewInteraction: Performing 'single click' action on view with id is <com.example.lunchtray:id/cancel_button>
04-03 11:42:02.763  5740  5740 D IdlingResourceRegistry: All idling resources are idle.
04-03 11:42:02.799  5740  5740 I chatty  : uid=10173(com.example.lunchtray) identical 10 lines
04-03 11:42:02.799  5740  5740 D IdlingResourceRegistry: All idling resources are idle.
04-03 11:42:02.814   515  5375 I system_server: oneway function results will be dropped but finished with status OK and parcel size 4
04-03 11:42:02.840  5740  5740 D IdlingResourceRegistry: All idling resources are idle.
04-03 11:42:02.840  5740  5740 D IdlingResourceRegistry: All idling resources are idle.
04-03 11:42:02.841   515  4829 D WifiNl80211Manager: Scan result ready event
04-03 11:42:02.841   515  4829 D WifiNative: Scan result ready event
04-03 11:42:02.871  5987  5987 I dex2oat32: dex2oat took 226.306ms (231.506ms cpu) (threads: 4) arena alloc=0B (0B) java alloc=715KB (732296B) native alloc=2018KB (2066512B) free=1620KB (1659856B)
04-03 11:42:02.875   417  1310 V installd: DexInv: --- END '/data/app/~~xgAVA3TFxYmCE9qgNNeG6g==/com.example.wordsapp.test-EUF-NC46hsDmar1tj68coA==/base.apk' (success) ---
04-03 11:42:02.887   515  5985 I system_server: The ClassLoaderContext is a special shared library.
04-03 11:42:02.890   515  5985 I chatty  : uid=1000(system) BackgroundDexOp identical 1 line
04-03 11:42:02.899   515  5985 I system_server: The ClassLoaderContext is a special shared library.
04-03 11:42:02.900   515  5985 I PackageDexOptimizer: Running dexopt (dexoptNeeded=1) on: /data/app/~~G-aYH1cYmelG_BPuG67kbg==/com.example.lunchtray-Fi6p390flei2rrGO8pOA1w==/base.apk pkg=com.example.lunchtray isa=x86 dexoptFlags=boot_complete,debuggable,public,enable_hidden_api_checks targetFilter=verify oatDir=/data/app/~~G-aYH1cYmelG_BPuG67kbg==/com.example.lunchtray-Fi6p390flei2rrGO8pOA1w==/oat classLoaderContext=PCL[]{}
04-03 11:42:02.902   417  1310 V installd: DexInv: --- BEGIN '/data/app/~~G-aYH1cYmelG_BPuG67kbg==/com.example.lunchtray-Fi6p390flei2rrGO8pOA1w==/base.apk' ---
04-03 11:42:02.913  5993  5993 W dex2oat32: Unexpected CPU variant for X86 using defaults: x86
04-03 11:42:02.913  5993  5993 W dex2oat32: Mismatch between dex2oat instruction set features to use (ISA: X86 Feature string: -ssse3,-sse4.1,-sse4.2,-avx,-avx2,-popcnt) and those from CPP defines (ISA: X86 Feature string: ssse3,-sse4.1,-sse4.2,-avx,-avx2,-popcnt) for the command line:
04-03 11:42:02.913  5993  5993 W dex2oat32: /apex/com.android.art/bin/dex2oat32 --zip-fd=7 --zip-location=base.apk --input-vdex-fd=-1 --output-vdex-fd=9 --oat-fd=8 --oat-location=/data/app/~~G-aYH1cYmelG_BPuG67kbg==/com.example.lunchtray-Fi6p390flei2rrGO8pOA1w==/oat/x86/base.odex --instruction-set=x86 --instruction-set-variant=x86 --instruction-set-features=default --runtime-arg -Xbootclasspath:/apex/com.android.art/javalib/core-oj.jar:/apex/com.android.art/javalib/core-libart.jar:/apex/com.android.art/javalib/core-icu4j.jar:/apex/com.android.art/javalib/okhttp.jar:/apex/com.android.art/javalib/bouncycastle.jar:/apex/com.android.art/javalib/apache-xml.jar:/system/framework/framework.jar:/system/framework/ext.jar:/system/framework/telephony-common.jar:/system/framework/voip-common.jar:/system/framework/ims-common.jar:/system/framework/framework-atb-backward-compatibility.jar --runtime-arg -Xms64m --runtime-arg -Xmx512m --updatable-bcp-packages-file=/system/etc/updatable-bcp-packages.txt --resolve-startup-const-strings=true --max-image-block-size=524288 --compiler-filter=verify --swap-fd=10 --debuggable --classpath-dir=/data/app/~~G-aYH1cYmelG_BPuG67kbg==/com.example.lunchtray-Fi6p390flei2rrGO8pOA1w== --class-loader-context=PCL[]{} --generate-mini-debug-info --compact-dex-level=none --runtime-arg -Xtarget-sdk-version:30 --runtime-arg -Xhidden-api-policy:enabled --compilation-reason=boot
04-03 11:42:02.913  5993  5993 I dex2oat32: /apex/com.android.art/bin/dex2oat32 --input-vdex-fd=-1 --output-vdex-fd=9 --updatable-bcp-packages-file=/system/etc/updatable-bcp-packages.txt --resolve-startup-const-strings=true --max-image-block-size=524288 --compiler-filter=verify --debuggable --classpath-dir=/data/app/~~G-aYH1cYmelG_BPuG67kbg==/com.example.lunchtray-Fi6p390flei2rrGO8pOA1w== --class-loader-context=PCL[]{} --generate-mini-debug-info --compact-dex-level=none --compilation-reason=boot
04-03 11:42:02.914  5993  5993 I dex2oat32: setting boot class path to /apex/com.android.art/javalib/core-oj.jar:/apex/com.android.art/javalib/core-libart.jar:/apex/com.android.art/javalib/core-icu4j.jar:/apex/com.android.art/javalib/okhttp.jar:/apex/com.android.art/javalib/bouncycastle.jar:/apex/com.android.art/javalib/apache-xml.jar:/system/framework/framework.jar:/system/framework/ext.jar:/system/framework/telephony-common.jar:/system/framework/voip-common.jar:/system/framework/ims-common.jar:/system/framework/framework-atb-backward-compatibility.jar
04-03 11:42:02.948   515  3875 I system_server: oneway function results will be dropped but finished with status OK and parcel size 4
04-03 11:42:02.991  5740  5740 D IdlingResourceRegistry: All idling resources are idle.
04-03 11:42:03.056  5740  5740 I chatty  : uid=10173(com.example.lunchtray) identical 4 lines
04-03 11:42:03.057  5740  5740 D IdlingResourceRegistry: All idling resources are idle.
04-03 11:42:03.057  5740  5740 I ViewInteraction: Performing 'single click' action on view with id is <com.example.lunchtray:id/start_order_btn>
04-03 11:42:03.072  5740  5740 D IdlingResourceRegistry: All idling resources are idle.
04-03 11:42:03.099  5740  5740 I chatty  : uid=10173(com.example.lunchtray) identical 8 lines
04-03 11:42:03.099  5740  5740 D IdlingResourceRegistry: All idling resources are idle.
04-03 11:42:03.103   515  4829 I system_server: oneway function results will be dropped but finished with status OK and parcel size 4
04-03 11:42:03.164  5740  5740 D IdlingResourceRegistry: All idling resources are idle.
04-03 11:42:03.164  5740  5740 D IdlingResourceRegistry: All idling resources are idle.
04-03 11:42:03.236   515  4829 I system_server: oneway function results will be dropped but finished with status OK and parcel size 4
04-03 11:42:03.315  5740  5740 D IdlingResourceRegistry: All idling resources are idle.
04-03 11:42:03.381  5740  5740 I chatty  : uid=10173(com.example.lunchtray) identical 4 lines
04-03 11:42:03.381  5740  5740 D IdlingResourceRegistry: All idling resources are idle.
04-03 11:42:03.382  5740  5740 I ViewInteraction: Checking 'MatchesViewAssertion{viewMatcher=is displayed on the screen to the user}' assertion on view with text: is "Subtotal: $0.00"
04-03 11:42:03.382  5740  5762 I TestRunner: finished: order_reset_after_cancel_from_accompaniment_menu(com.example.lunchtray.OrderFunctionalityTests)
