04-03 11:42:24.998  6599  6599 E ding:backgroun: Not starting debugger since process cannot load the jdwp agent.
04-03 11:42:25.006  6599  6599 I ding:backgroun: The ClassLoaderContext is a special shared library.
04-03 11:42:25.007  6599  6599 I ding:backgroun: The ClassLoaderContext is a special shared library.
04-03 11:42:25.009  5825  5872 I aylt    : Scheduling Phenotype for a PhenotypeSyncImmediately(7, com.google.android.finsky.instantapps) one off with window [1, 2] in seconds [CONTEXT service_id=51 ]
04-03 11:42:25.011  6599  6599 W ding:backgroun: JIT profile information will not be recorded: profile file does not exist.
04-03 11:42:25.011  6599  6599 I chatty  : uid=10102 com.android.vending:background identical 2 lines
04-03 11:42:25.011  6599  6599 W ding:backgroun: JIT profile information will not be recorded: profile file does not exist.
04-03 11:42:25.013   515  1424 I system_server: oneway function results will be dropped but finished with status OK and parcel size 4
04-03 11:42:25.017  6599  6599 D NetworkSecurityConfig: No Network Security Config specified, using platform default
04-03 11:42:25.017  6599  6599 D NetworkSecurityConfig: No Network Security Config specified, using platform default
04-03 11:42:25.019  6599  6599 I Finsky:background: [2] fen.g(6): Process created at version: 29.8.13-21 [0] [PR] 435704331
04-03 11:42:25.042  5825  5839 W System  : A resource failed to call close.
04-03 11:42:25.042  5825  5839 W System  : A resource failed to call close.
04-03 11:42:25.061  6599  6599 I Finsky:background: [2] ota.e(18): Finished reading experiment flags from file [0tGUNCGIkbk4o6-fQ335kUYSKwVj4lusnHT-A5Dsy08].
04-03 11:42:25.063  6434  6515 I Finsky  : [527] qus.accept(51): SCH: Scheduling phonesky job Id: 1-1337, CT: 1648986143751, Constraints: [{ L: 0, D: 34710749, C: 1, I: 1, N: 1 }, { L: 0, D: 0, C: 1, I: 1, N: 0 }]
04-03 11:42:25.064  6599  6599 I Finsky:background: [2] ota.e(18): Finished reading experiment flags from file [Se-xCc4LzNyh3UrKMIU2sUf-PUKz4oQEbpKZDMuaFno].
04-03 11:42:25.066  5740  5740 D IdlingResourceRegistry: All idling resources are idle.
04-03 11:42:25.066  5740  5740 D IdlingResourceRegistry: All idling resources are idle.
04-03 11:42:25.067  6599  6599 I Finsky:background: [2] lni.onCreate(2): IPC-SERVER: Starting gRPC host service...
04-03 11:42:25.087  6599  6599 I TetheringManager: registerTetheringEventCallback:com.android.vending
04-03 11:42:25.098   515   616 D WifiNetworkFactory: got request NetworkRequest [ TRACK_DEFAULT id=69, [ Capabilities: INTERNET&NOT_RESTRICTED&TRUSTED Uid: 10102 AdministratorUids: [] RequestorUid: 10102 RequestorPackageName: com.android.vending] ] with score 60 and providerId 3
04-03 11:42:25.099   515   616 D UntrustedWifiNetworkFactory: got request NetworkRequest [ TRACK_DEFAULT id=69, [ Capabilities: INTERNET&NOT_RESTRICTED&TRUSTED Uid: 10102 AdministratorUids: [] RequestorUid: 10102 RequestorPackageName: com.android.vending] ] with score 60 and providerId 3
04-03 11:42:25.099   874   874 D PhoneSwitcherNetworkRequstListener: got request NetworkRequest [ TRACK_DEFAULT id=69, [ Capabilities: INTERNET&NOT_RESTRICTED&TRUSTED Uid: 10102 AdministratorUids: [] RequestorUid: 10102 RequestorPackageName: com.android.vending] ] with score 60 and providerId 3
04-03 11:42:25.102   691   691 V KeyguardUpdateMonitor: onSubscriptionInfoChanged()
04-03 11:42:25.103   691   691 V KeyguardUpdateMonitor: SubInfo:{id=1 iccId=890141032[****] simSlotIndex=0 carrierId=1 displayName=T-Mobile carrierName=T-Mobile nameSource=3 iconTint=-16746133 number=[****] dataRoaming=0 iconBitmap=android.graphics.Bitmap@e3bdd49 mcc=310 mnc=260 countryIso=us isEmbedded=false nativeAccessRules=null cardString=890141032[****] cardId=-1 isOpportunistic=false groupUUID=null isGroupDisabled=false profileClass=-1 ehplmns=null hplmns=null subscriptionType=0 groupOwner=null carrierConfigAccessRules=null areUiccApplicationsEnabled=true}
04-03 11:42:25.104   874   874 D Telephony: isEmergencyPreferredAccount: subId=1, activeData=1
04-03 11:42:25.104   874   874 D Telephony: isEmergencyPreferredAccount: Device does not require preference.
04-03 11:42:25.107  6434  6515 I Finsky  : [527] qug.apply(9): SCH: Scheduling 2 system job(s)
04-03 11:42:25.107  6434  6515 I Finsky  : [527] qug.apply(15): SCH: Scheduling system job Id: 9021, L: 0, D: 0, C: false, I: false, N: 0
04-03 11:42:25.112  5825  6493 I NetworkScheduler.Stats: Task com.google.android.gms/com.google.android.gms.clearcut.uploader.QosUploaderService started execution. cause:5 exec_start_elapsed_seconds: 107 [CONTEXT service_id=218 ]
04-03 11:42:25.113  5825  6493 I NetworkScheduler.Stats: Task com.google.android.gms/com.google.android.gms.auth.account.be.legacy.AuthCronService started execution. cause:5 exec_start_elapsed_seconds: 107 [CONTEXT service_id=218 ]
04-03 11:42:25.114  6434  6515 I Finsky  : [527] qug.apply(15): SCH: Scheduling system job Id: 9032, L: 0, D: 34709386, C: false, I: false, N: 1
04-03 11:42:25.119  6434  6434 I Finsky  : [2] rck.onStartJob(4): SCH: job service start with id 9021.
04-03 11:42:25.120  6434  6434 I Finsky  : [2] rck.onStartJob(4): SCH: job service start with id 9032.
04-03 11:42:25.123  5825  6493 I NetworkScheduler.Stats: Task com.google.android.gms/com.google.android.gms.clearcut.uploader.QosUploaderService finished executing. cause:5 result: 1 elapsed_millis: 54 uptime_millis: 54 exec_start_elapsed_seconds: 107 [CONTEXT service_id=218 ]
04-03 11:42:25.130  6434  6513 I Finsky  : [525] rat.a(111): SCH: Satisfied jobs for 9021 are: 1-1337
04-03 11:42:25.131  5740  5740 D IdlingResourceRegistry: All idling resources are idle.
04-03 11:42:25.131  5740  5740 D IdlingResourceRegistry: All idling resources are idle.
04-03 11:42:25.132  6434  6629 I Finsky  : [574] raz.accept(48): SCH: Job 1-1337 starting
04-03 11:42:25.132  5740  5740 D IdlingResourceRegistry: All idling resources are idle.
04-03 11:42:25.132  5740  5740 D IdlingResourceRegistry: All idling resources are idle.
04-03 11:42:25.133  5740  5740 I ViewInteraction: Performing 'single click' action on view with id is <com.example.lunchtray:id/bread>
04-03 11:42:25.134  6599  6630 I Finsky:background: [530] iga.f(1): getDownloads()
04-03 11:42:25.135  5740  5740 D IdlingResourceRegistry: All idling resources are idle.
04-03 11:42:25.135  5740  5740 D IdlingResourceRegistry: All idling resources are idle.
04-03 11:42:25.140  6434  6514 I Finsky  : [526] iil.g(1): getDownloads()
04-03 11:42:25.142  6599  6630 I Finsky:background: [530] iga.f(1): getDownloads()
04-03 11:42:25.148  5740  5740 D IdlingResourceRegistry: All idling resources are idle.
04-03 11:42:25.148  5740  5740 D IdlingResourceRegistry: All idling resources are idle.
04-03 11:42:25.148  6434  6514 I Finsky  : [526] qus.accept(51): SCH: Scheduling phonesky job Id: 29-29, CT: 1648986143466, Constraints: [{ L: 30000, D: 60000, C: 1, I: 1, N: 0 }]
04-03 11:42:25.157  5740  5740 D IdlingResourceRegistry: All idling resources are idle.
04-03 11:42:25.173  5740  5740 I chatty  : uid=10173(com.example.lunchtray) identical 6 lines
04-03 11:42:25.173  5740  5740 D IdlingResourceRegistry: All idling resources are idle.
04-03 11:42:25.180  6434  6434 I Finsky  : [2] kai.a(6): Starting Hygiene for reason 8
04-03 11:42:25.180  6434  6434 I Finsky  : [2] kai.a(10): Diff version or system, clear token
04-03 11:42:25.180  6434  6434 W Finsky  : [2] eua.d(18): For unauth, use getDfeApiNonAuthenticated() instead!
04-03 11:42:25.181  6434  6434 I Finsky  : [2] yaw.j(2): Diff app version, maybe clear cache
04-03 11:42:25.181  6434  6434 W Finsky  : [2] eua.d(18): For unauth, use getDfeApiNonAuthenticated() instead!
04-03 11:42:25.181  6434  6513 I Finsky  : [525] rat.a(111): SCH: Satisfied jobs for 9032 are: 1-1337
04-03 11:42:25.190  6434  6515 I Finsky  : [527] qug.apply(9): SCH: Scheduling 0 system job(s)
04-03 11:42:25.193   515  1424 I system_server: oneway function results will be dropped but finished with status OK and parcel size 4
04-03 11:42:25.195  6434  6514 I Finsky  : [526] qus.accept(51): SCH: Scheduling phonesky job Id: 12-1, CT: 1648986143765, Constraints: [{ L: 15000, D: 86400000, C: 1, I: 1, N: 1 }]
04-03 11:42:25.198  5825  5825 D BoundBrokerSvc: onBind: Intent { act=com.google.android.gms.usagereporting.service.START pkg=com.google.android.gms }
04-03 11:42:25.198  5825  5825 D BoundBrokerSvc: Loading bound service for intent: Intent { act=com.google.android.gms.usagereporting.service.START pkg=com.google.android.gms }
04-03 11:42:25.201  6434  6514 I Finsky  : [526] qug.apply(9): SCH: Scheduling 0 system job(s)
04-03 11:42:25.202  6434  6514 I Finsky  : [526] vp.invoke(35): [ContentSync] finished, scheduled=true
04-03 11:42:25.202  6434  6514 I Finsky  : [526] qus.accept(51): SCH: Scheduling phonesky job Id: 41-7, CT: 1648986144848, Constraints: [{ L: 3600000, D: 3600000, C: 1, I: 1, N: 0 }]
04-03 11:42:25.210  6434  6514 I Finsky  : [526] qug.apply(9): SCH: Scheduling 0 system job(s)
04-03 11:42:25.211  6434  6514 I Finsky  : [526] kmp.accept(23): IQ::HLD: Auto resume job was scheduled successfully for com.google.android.setupwizard:com.google.android.setupwizard.
04-03 11:42:25.215  6434  6434 I Finsky  : [2] kan.f(10): Probe unauthenticated for hygiene pass
04-03 11:42:25.220  6434  6584 I Finsky  : [559] kmk.run(34): Installer: Installer starting
04-03 11:42:25.220  6434  6584 I Finsky  : [559] kmk.run(37): Installer: Installer started
04-03 11:42:25.221  6434  6509 I Finsky  : [522] qus.accept(51): SCH: Scheduling phonesky job Id: 37-12, CT: 1648986144937, Constraints: [{ L: 0, D: 0, C: 1, I: 1, N: 0 }, { L: 0, D: 0, C: 1, I: 1, N: 0 }]
04-03 11:42:25.224  5740  5740 D IdlingResourceRegistry: All idling resources are idle.
04-03 11:42:25.224  5740  5740 D IdlingResourceRegistry: All idling resources are idle.
04-03 11:42:25.226  6434  6514 I Finsky  : [526] wmo.g(10): [PLUS] Triggering sync due to NOW_EXCLUSIVE urgency payload
04-03 11:42:25.228  6434  6509 I Finsky  : [522] wmm.apply(9): [PLUS] Adding payload
04-03 11:42:25.229  6434  6434 I Finsky  : [2] kmw.T(7): Installer: found apps to install. isMultiUserMode=false, apps=[]
04-03 11:42:25.230  6434  6515 I Finsky  : [527] qug.apply(9): SCH: Scheduling 0 system job(s)
04-03 11:42:25.234  6434  6636 I Finsky  : [579] klp.a(21): IV2: found recoverable installs: []
04-03 11:42:25.237  6434  6515 I Finsky  : [527] wmt.a(1): [PLUS] Syncing for users with urgency above: NOW_EXCLUSIVE
04-03 11:42:25.248  6434  6509 I Finsky  : [522] sef.a(68): [PLUS] Syncing 1 train(s)
04-03 11:42:25.249  6434  6509 I Finsky  : [522] xrb.a(43): [PLUS] Sending payloads for account: [2fKVkThB4QBVOwc88U06EJ4S6Yyqenathz2XlaLEUMg]
04-03 11:42:25.250  6434  6634 I Finsky  : [577] kqx.apply(83): IQ: Creating job 84, for (REQ_CHARGING, REQ_GEARHEAD_PROJECTION_OFF, IGNORE_HOLDOFF=true, NETWORK=UNMETERED, PROVISIONING_STATE=PROVISIONED)
04-03 11:42:25.251  6434  6634 I Finsky  : [577] kqx.apply(83): IQ: Creating job 85, for (REQ_DEVICE_IDLE, REQ_GEARHEAD_PROJECTION_OFF, MIN_BATTERY=50, SHOULD_APPLY_BUDGET=true, NETWORK=UNMETERED, PROVISIONING_STATE=PROVISIONED)
04-03 11:42:25.251  6434  6634 I Finsky  : [577] kqx.apply(83): IQ: Creating job 86, for (REQ_CHARGING, REQ_DEVICE_IDLE, REQ_GEARHEAD_PROJECTION_OFF, NETWORK=UNMETERED, PROVISIONING_STATE=PROVISIONED)
04-03 11:42:25.251  6434  6634 I Finsky  : [577] kqx.apply(83): IQ: Creating job 87, for (REQ_DEVICE_IDLE, REQ_GEARHEAD_PROJECTION_OFF, MIN_BATTERY=50, SHOULD_APPLY_BUDGET=true, IGNORE_HOLDOFF=true, NETWORK=UNMETERED, PROVISIONING_STATE=PROVISIONED)
04-03 11:42:25.251  6434  6634 I Finsky  : [577] kqx.apply(83): IQ: Creating job 88, for (REQ_CHARGING, REQ_GEARHEAD_PROJECTION_OFF, NETWORK=UNMETERED, PROVISIONING_STATE=PROVISIONED)
04-03 11:42:25.251  6434  6634 I Finsky  : [577] kvh.y(9): IQ: Bulk scheduling created jobs
04-03 11:42:25.256  6434  6634 I Finsky  : [577] kvh.H(6): IQ: Pruning inactive install requests
04-03 11:42:25.256  6434  6634 I Finsky  : [577] kvh.r(11): IQ: No matching installs to run for jobs: []
04-03 11:42:25.257  6434  6634 I Finsky  : [577] kvh.H(6): IQ: Pruning inactive install requests
04-03 11:42:25.258  6434  6634 I Finsky  : [577] kvh.r(11): IQ: No matching installs to run for jobs: []
04-03 11:42:25.260  6434  6553 I Finsky  : [556] nhv.accept(69): Retaining com.google.android.trichromelibrary from pruning.
04-03 11:42:25.263  6434  6434 I Finsky  : [2] sdg.a(1): Connecting InstallListener to SplitInstallService broadcaster...
04-03 11:42:25.293   874  1079 E DatabaseUtils: Writing exception to parcel
04-03 11:42:25.293   874  1079 E DatabaseUtils: java.lang.SecurityException: No permission to access APN settings
04-03 11:42:25.293   874  1079 E DatabaseUtils: 	at com.android.providers.telephony.TelephonyProvider.checkPermission(TelephonyProvider.java:3947)
04-03 11:42:25.293   874  1079 E DatabaseUtils: 	at com.android.providers.telephony.TelephonyProvider.checkPermissionCompat(TelephonyProvider.java:3964)
04-03 11:42:25.293   874  1079 E DatabaseUtils: 	at com.android.providers.telephony.TelephonyProvider.query(TelephonyProvider.java:2927)
04-03 11:42:25.293   874  1079 E DatabaseUtils: 	at android.content.ContentProvider.query(ContentProvider.java:1379)
04-03 11:42:25.293   874  1079 E DatabaseUtils: 	at android.content.ContentProvider.query(ContentProvider.java:1475)
04-03 11:42:25.293   874  1079 E DatabaseUtils: 	at android.content.ContentProvider$Transport.query(ContentProvider.java:278)
04-03 11:42:25.293   874  1079 E DatabaseUtils: 	at android.content.ContentProviderNative.onTransact(ContentProviderNative.java:106)
04-03 11:42:25.293   874  1079 E DatabaseUtils: 	at android.os.Binder.execTransactInternal(Binder.java:1154)
04-03 11:42:25.293   874  1079 E DatabaseUtils: 	at android.os.Binder.execTransact(Binder.java:1123)
04-03 11:42:25.293  6434  6531 W Finsky  : [540] guw.a(14): Failed to read APN: java.lang.SecurityException: No permission to access APN settings
04-03 11:42:25.302  5825  5872 I Auth    : [ReflectiveChannelBinder] Successfully bound channel!
04-03 11:42:25.319  6434  6509 I Finsky  : [522] qus.accept(51): SCH: Scheduling phonesky job Id: 3-84, CT: 1648986145252, Constraints: [{ L: 0, D: 86400000, C: 2, I: 1, N: 2 }]
04-03 11:42:25.319  6434  6509 I Finsky  : [522] qus.accept(51): SCH: Scheduling phonesky job Id: 3-85, CT: 1648986145252, Constraints: [{ L: 0, D: 86400000, C: 1, I: 2, N: 2 }]
04-03 11:42:25.319  6434  6509 I Finsky  : [522] qus.accept(51): SCH: Scheduling phonesky job Id: 3-86, CT: 1648986145252, Constraints: [{ L: 0, D: 86400000, C: 2, I: 2, N: 2 }]
04-03 11:42:25.319  6434  6509 I Finsky  : [522] qus.accept(51): SCH: Scheduling phonesky job Id: 3-87, CT: 1648986145252, Constraints: [{ L: 0, D: 86400000, C: 1, I: 2, N: 2 }]
04-03 11:42:25.319  6434  6509 I Finsky  : [522] qus.accept(51): SCH: Scheduling phonesky job Id: 3-88, CT: 1648986145252, Constraints: [{ L: 0, D: 86400000, C: 2, I: 1, N: 2 }]
04-03 11:42:25.325   515  1424 I system_server: oneway function results will be dropped but finished with status OK and parcel size 4
04-03 11:42:25.330  6434  6509 I Finsky  : [522] qug.apply(9): SCH: Scheduling 0 system job(s)
04-03 11:42:25.375  5740  5740 D IdlingResourceRegistry: All idling resources are idle.
04-03 11:42:25.375  5740  5740 D IdlingResourceRegistry: All idling resources are idle.
04-03 11:42:25.378  6434  6531 W android.vendin: Accessing hidden method Lcom/android/org/conscrypt/ConscryptEngineSocket;->setUseSessionTickets(Z)V (greylist-max-q,core-platform-api, reflection, denied)
04-03 11:42:25.378  6434  6531 W android.vendin: Accessing hidden method Lcom/android/org/conscrypt/OpenSSLSocketImpl;->setUseSessionTickets(Z)V (greylist-max-q,core-platform-api, reflection, denied)
04-03 11:42:25.378  5825  5872 W Conscrypt: Could not set socket write timeout: java.net.SocketException: Socket closed
04-03 11:42:25.378  6434  6531 W android.vendin: Accessing hidden method Lcom/android/org/conscrypt/AbstractConscryptSocket;->setUseSessionTickets(Z)V (greylist-max-q, reflection, denied)
04-03 11:42:25.378  6434  6531 W android.vendin: Accessing hidden method Lcom/android/org/conscrypt/ConscryptEngineSocket;->setHostname(Ljava/lang/String;)V (greylist-max-q,core-platform-api, reflection, denied)
04-03 11:42:25.378  6434  6531 W android.vendin: Accessing hidden method Lcom/android/org/conscrypt/OpenSSLSocketImpl;->setHostname(Ljava/lang/String;)V (greylist-max-q,core-platform-api, reflection, denied)
04-03 11:42:25.378  6434  6531 W android.vendin: Accessing hidden method Lcom/android/org/conscrypt/AbstractConscryptSocket;->setHostname(Ljava/lang/String;)V (greylist-max-q, reflection, denied)
04-03 11:42:25.378  6434  6531 W android.vendin: Accessing hidden method Lcom/android/org/conscrypt/OpenSSLSocketImpl;->setAlpnProtocols([B)V (greylist-max-q,core-platform-api, reflection, denied)
04-03 11:42:25.378  6434  6531 W android.vendin: Accessing hidden method Lcom/android/org/conscrypt/AbstractConscryptSocket;->setAlpnProtocols([B)V (greylist-max-q, reflection, denied)
04-03 11:42:25.379  5825  5872 W Conscrypt: 	at com.google.android.gms.org.conscrypt.Platform.setSocketWriteTimeout(:com.google.android.gms@220618040@22.06.18 (150700-433619428):2)
04-03 11:42:25.379  5825  5872 W Conscrypt: 	at com.google.android.gms.org.conscrypt.ConscryptFileDescriptorSocket.setSoWriteTimeout(:com.google.android.gms@220618040@22.06.18 (150700-433619428):0)
04-03 11:42:25.439  5740  5740 D IdlingResourceRegistry: All idling resources are idle.
04-03 11:42:25.439  5740  5740 I chatty  : uid=10173(com.example.lunchtray) identical 2 lines
04-03 11:42:25.440  5740  5740 D IdlingResourceRegistry: All idling resources are idle.
04-03 11:42:25.440  5740  5740 I ViewInteraction: Performing 'single click' action on view with id is <com.example.lunchtray:id/next_button>
04-03 11:42:25.444  5740  5740 D IdlingResourceRegistry: All idling resources are idle.
04-03 11:42:25.444  5740  5740 D IdlingResourceRegistry: All idling resources are idle.
04-03 11:42:25.451  5825  5872 W Conscrypt: Could not set socket write timeout: java.net.SocketException: Socket closed
04-03 11:42:25.451  5825  5872 W Conscrypt: 	at com.google.android.gms.org.conscrypt.Platform.setSocketWriteTimeout(:com.google.android.gms@220618040@22.06.18 (150700-433619428):2)
04-03 11:42:25.451  5825  5872 W Conscrypt: 	at com.google.android.gms.org.conscrypt.ConscryptFileDescriptorSocket.setSoWriteTimeout(:com.google.android.gms@220618040@22.06.18 (150700-433619428):0)
04-03 11:42:25.456  5740  5740 D IdlingResourceRegistry: All idling resources are idle.
04-03 11:42:25.474  5740  5740 I chatty  : uid=10173(com.example.lunchtray) identical 4 lines
04-03 11:42:25.474  5740  5740 D IdlingResourceRegistry: All idling resources are idle.
04-03 11:42:25.478  2854  2854 I SetupWizard: [aob] Binding play setup service
04-03 11:42:25.478  5740  5740 D IdlingResourceRegistry: All idling resources are idle.
04-03 11:42:25.479  5740  5740 D IdlingResourceRegistry: All idling resources are idle.
04-03 11:42:25.482  1236  1347 I PeriodicStatsRunner: PeriodicStatsRunner.call():180 call()
04-03 11:42:25.482  1236  1347 I PeriodicStatsRunner: PeriodicStatsRunner.call():184 No submit PeriodicStats since input started.
04-03 11:42:25.483  5740  5740 D IdlingResourceRegistry: All idling resources are idle.
04-03 11:42:25.483  5740  5740 D IdlingResourceRegistry: All idling resources are idle.
04-03 11:42:25.500  6434  6531 W android.vendin: Accessing hidden method Lcom/android/org/conscrypt/OpenSSLSocketImpl;->getAlpnSelectedProtocol()[B (greylist-max-q,core-platform-api, reflection, denied)
04-03 11:42:25.500  6434  6531 W android.vendin: Accessing hidden method Lcom/android/org/conscrypt/AbstractConscryptSocket;->getAlpnSelectedProtocol()[B (greylist-max-q, reflection, denied)
04-03 11:42:25.500   515  1155 I system_server: oneway function results will be dropped but finished with status OK and parcel size 4
04-03 11:42:25.522  5740  5740 D IdlingResourceRegistry: All idling resources are idle.
04-03 11:42:25.523  5740  5740 D IdlingResourceRegistry: All idling resources are idle.
04-03 11:42:25.533  5825  5872 W GLSUser : [AppCertManager] IOException while requesting key:
04-03 11:42:25.533  5825  5872 W GLSUser : java.io.IOException: Invalid device key response.
04-03 11:42:25.533  5825  5872 W GLSUser : 	at kmm.b(:com.google.android.gms@220618040@22.06.18 (150700-433619428):28)
04-03 11:42:25.533  5825  5872 W GLSUser : 	at kmk.b(:com.google.android.gms@220618040@22.06.18 (150700-433619428):2)
04-03 11:42:25.533  5825  5872 W GLSUser : 	at kmf.a(:com.google.android.gms@220618040@22.06.18 (150700-433619428):0)
04-03 11:42:25.533  5825  5872 W GLSUser : 	at kmi.a(:com.google.android.gms@220618040@22.06.18 (150700-433619428):5)
04-03 11:42:25.533  5825  5872 W GLSUser : 	at ihu.call(:com.google.android.gms@220618040@22.06.18 (150700-433619428):13)
04-03 11:42:25.533  5825  5872 W GLSUser : 	at java.util.concurrent.FutureTask.run(FutureTask.java:266)
04-03 11:42:25.533  5825  5872 W GLSUser : 	at wah.c(:com.google.android.gms@220618040@22.06.18 (150700-433619428):6)
04-03 11:42:25.533  5825  5872 W GLSUser : 	at wah.run(:com.google.android.gms@220618040@22.06.18 (150700-433619428):7)
04-03 11:42:25.533  5825  5872 W GLSUser : 	at java.util.concurrent.ThreadPoolExecutor.runWorker(ThreadPoolExecutor.java:1167)
04-03 11:42:25.533  5825  5872 W GLSUser : 	at java.util.concurrent.ThreadPoolExecutor$Worker.run(ThreadPoolExecutor.java:641)
04-03 11:42:25.533  5825  5872 W GLSUser : 	at wfl.run(:com.google.android.gms@220618040@22.06.18 (150700-433619428):0)
04-03 11:42:25.533  5825  5872 W GLSUser : 	at java.lang.Thread.run(Thread.java:923)
04-03 11:42:25.540  5825  6493 I NetworkScheduler.Stats: Task com.google.android.gms/com.google.android.gms.auth.account.be.legacy.AuthCronService finished executing. cause:5 result: 3 elapsed_millis: 483 uptime_millis: 483 exec_start_elapsed_seconds: 107 [CONTEXT service_id=218 ]
04-03 11:42:25.624  5421  5421 D BoundBrokerSvc: onUnbind: Intent { act=com.google.android.gms.measurement.START pkg=com.google.android.gms }
04-03 11:42:25.633   515  1424 I system_server: oneway function results will be dropped but finished with status OK and parcel size 4
04-03 11:42:25.673  5740  5740 D IdlingResourceRegistry: All idling resources are idle.
04-03 11:42:25.738  5740  5740 I chatty  : uid=10173(com.example.lunchtray) identical 4 lines
04-03 11:42:25.739  5740  5740 D IdlingResourceRegistry: All idling resources are idle.
04-03 11:42:25.739  5740  5740 I ViewInteraction: Performing 'single click' action on view with id is <com.example.lunchtray:id/cancel_button>
04-03 11:42:25.741  5740  5740 D IdlingResourceRegistry: All idling resources are idle.
04-03 11:42:25.781  5740  5740 I chatty  : uid=10173(com.example.lunchtray) identical 10 lines
04-03 11:42:25.781  5740  5740 D IdlingResourceRegistry: All idling resources are idle.
04-03 11:42:25.790   515   843 I system_server: oneway function results will be dropped but finished with status OK and parcel size 4
04-03 11:42:25.822  5740  5740 D IdlingResourceRegistry: All idling resources are idle.
04-03 11:42:25.822  5740  5740 D IdlingResourceRegistry: All idling resources are idle.
04-03 11:42:25.921   515   843 I system_server: oneway function results will be dropped but finished with status OK and parcel size 4
04-03 11:42:25.973  5740  5740 D IdlingResourceRegistry: All idling resources are idle.
04-03 11:42:26.038  5740  5740 I chatty  : uid=10173(com.example.lunchtray) identical 4 lines
04-03 11:42:26.039  5740  5740 D IdlingResourceRegistry: All idling resources are idle.
04-03 11:42:26.039  5740  5740 I ViewInteraction: Performing 'single click' action on view with id is <com.example.lunchtray:id/start_order_btn>
04-03 11:42:26.054  5740  5740 D IdlingResourceRegistry: All idling resources are idle.
04-03 11:42:26.079  5740  5740 I chatty  : uid=10173(com.example.lunchtray) identical 6 lines
04-03 11:42:26.079  5740  5740 D IdlingResourceRegistry: All idling resources are idle.
04-03 11:42:26.082   515   843 I system_server: oneway function results will be dropped but finished with status OK and parcel size 4
04-03 11:42:26.116  5740  5740 D IdlingResourceRegistry: All idling resources are idle.
04-03 11:42:26.117  5740  5740 D IdlingResourceRegistry: All idling resources are idle.
04-03 11:42:26.208   515   843 I system_server: oneway function results will be dropped but finished with status OK and parcel size 4
04-03 11:42:26.267  5740  5740 D IdlingResourceRegistry: All idling resources are idle.
04-03 11:42:26.267  5740  5740 D IdlingResourceRegistry: All idling resources are idle.
04-03 11:42:26.323  1236  1347 I PeriodicStatsRunner: PeriodicStatsRunner.call():180 call()
04-03 11:42:26.324  1236  1347 I PeriodicStatsRunner: PeriodicStatsRunner.call():184 No submit PeriodicStats since input started.
04-03 11:42:26.333  5740  5740 D IdlingResourceRegistry: All idling resources are idle.
04-03 11:42:26.333  5740  5740 I chatty  : uid=10173(com.example.lunchtray) identical 2 lines
04-03 11:42:26.333  5740  5740 D IdlingResourceRegistry: All idling resources are idle.
04-03 11:42:26.334  5740  5740 I ViewInteraction: Checking 'MatchesViewAssertion{viewMatcher=is displayed on the screen to the user}' assertion on view with text: is "Subtotal: $0.00"
04-03 11:42:26.334  5740  5762 I TestRunner: finished: order_reset_after_cancel_from_checkout(com.example.lunchtray.OrderFunctionalityTests)
