04-03 11:42:15.248  6268  6268 D NetworkSecurityConfig: Using Network Security Config from resource network_security_config debugBuild: false
04-03 11:42:15.303  5740  5740 D IdlingResourceRegistry: All idling resources are idle.
04-03 11:42:15.304  5740  5740 I chatty  : uid=10173(com.example.lunchtray) identical 2 lines
04-03 11:42:15.304  5740  5740 D IdlingResourceRegistry: All idling resources are idle.
04-03 11:42:15.304  5740  5740 I ViewInteraction: Performing 'single click' action on view with id is <com.example.lunchtray:id/next_button>
04-03 11:42:15.307  5740  5740 D IdlingResourceRegistry: All idling resources are idle.
04-03 11:42:15.345  5740  5740 I chatty  : uid=10173(com.example.lunchtray) identical 10 lines
04-03 11:42:15.345  5740  5740 D IdlingResourceRegistry: All idling resources are idle.
04-03 11:42:15.346  6268  6298 W DynamiteModule: Local module descriptor class for providerinstaller not found.
04-03 11:42:15.349  6268  6298 W ProviderInstaller: Failed to load providerinstaller module: No acceptable module found. Local version is 0 and remote version is 0.
04-03 11:42:15.352  6268  6298 I s.youtube.musi: The ClassLoaderContext is a special shared library.
04-03 11:42:15.354  6268  6298 I s.youtube.musi: The ClassLoaderContext is a special shared library.
04-03 11:42:15.363  6268  6298 V NativeCrypto: Registering com/google/android/gms/org/conscrypt/NativeCrypto's 294 native methods...
04-03 11:42:15.377  6268  6298 I ProviderInstaller: Installed default security provider GmsCore_OpenSSL
04-03 11:42:15.385   515   843 I system_server: oneway function results will be dropped but finished with status OK and parcel size 4
04-03 11:42:15.387  5740  5740 D IdlingResourceRegistry: All idling resources are idle.
04-03 11:42:15.387  5740  5740 D IdlingResourceRegistry: All idling resources are idle.
04-03 11:42:15.392  6268  6300 I TetheringManager: registerTetheringEventCallback:com.google.android.apps.youtube.music
04-03 11:42:15.416   874   874 D PhoneSwitcherNetworkRequstListener: got request NetworkRequest [ TRACK_DEFAULT id=66, [ Capabilities: INTERNET&NOT_RESTRICTED&TRUSTED Uid: 10111 AdministratorUids: [] RequestorUid: 10111 RequestorPackageName: com.google.android.apps.youtube.music] ] with score 60 and providerId 3
04-03 11:42:15.417   515   616 D WifiNetworkFactory: got request NetworkRequest [ TRACK_DEFAULT id=66, [ Capabilities: INTERNET&NOT_RESTRICTED&TRUSTED Uid: 10111 AdministratorUids: [] RequestorUid: 10111 RequestorPackageName: com.google.android.apps.youtube.music] ] with score 60 and providerId 3
04-03 11:42:15.417   515   616 D UntrustedWifiNetworkFactory: got request NetworkRequest [ TRACK_DEFAULT id=66, [ Capabilities: INTERNET&NOT_RESTRICTED&TRUSTED Uid: 10111 AdministratorUids: [] RequestorUid: 10111 RequestorPackageName: com.google.android.apps.youtube.music] ] with score 60 and providerId 3
04-03 11:42:15.422   874   874 D Telephony: isEmergencyPreferredAccount: subId=1, activeData=1
04-03 11:42:15.422   874   874 D Telephony: isEmergencyPreferredAccount: Device does not require preference.
04-03 11:42:15.422   691   691 V KeyguardUpdateMonitor: onSubscriptionInfoChanged()
04-03 11:42:15.422   691   691 V KeyguardUpdateMonitor: SubInfo:{id=1 iccId=890141032[****] simSlotIndex=0 carrierId=1 displayName=T-Mobile carrierName=T-Mobile nameSource=3 iconTint=-16746133 number=[****] dataRoaming=0 iconBitmap=android.graphics.Bitmap@b87a913 mcc=310 mnc=260 countryIso=us isEmbedded=false nativeAccessRules=null cardString=890141032[****] cardId=-1 isOpportunistic=false groupUUID=null isGroupDisabled=false profileClass=-1 ehplmns=null hplmns=null subscriptionType=0 groupOwner=null carrierConfigAccessRules=null areUiccApplicationsEnabled=true}
04-03 11:42:15.434  6268  6304 E GEL_DELAYED_EVENT_DEBUG: Failed delayed event dispatch, no dispatchers.
04-03 11:42:15.452  1236  1347 I PeriodicStatsRunner: PeriodicStatsRunner.call():180 call()
04-03 11:42:15.452  1236  1347 I PeriodicStatsRunner: PeriodicStatsRunner.call():184 No submit PeriodicStats since input started.
04-03 11:42:15.461  6268  6302 E AwarenessClientProvider: Account associated with identity was null
04-03 11:42:15.463  6268  6300 I DynamiteModule: Considering local module com.google.android.gms.ads.dynamite:0 and remote module com.google.android.gms.ads.dynamite:214106404
04-03 11:42:15.463  6268  6300 I DynamiteModule: Selected remote version of com.google.android.gms.ads.dynamite, version >= 214106404
04-03 11:42:15.464  6268  6304 E AwarenessRouterSyncMgr: Exception while syncing fences
04-03 11:42:15.464  6268  6304 E AwarenessRouterSyncMgr: java.util.concurrent.ExecutionException: java.lang.IllegalStateException: Account associated with identity was null
04-03 11:42:15.464  6268  6304 E AwarenessRouterSyncMgr: 	at zsp.a(PG:135)
04-03 11:42:15.464  6268  6304 E AwarenessRouterSyncMgr: 	at zsp.get(PG:82)
04-03 11:42:15.464  6268  6304 E AwarenessRouterSyncMgr: 	at zwj.a(PG:1)
04-03 11:42:15.464  6268  6304 E AwarenessRouterSyncMgr: 	at zuv.a(PG:4)
04-03 11:42:15.464  6268  6304 E AwarenessRouterSyncMgr: 	at fyf.run(Unknown Source:1)
04-03 11:42:15.464  6268  6304 E AwarenessRouterSyncMgr: 	at java.util.concurrent.Executors$RunnableAdapter.call(Executors.java:462)
04-03 11:42:15.464  6268  6304 E AwarenessRouterSyncMgr: 	at java.util.concurrent.FutureTask.run(FutureTask.java:266)
04-03 11:42:15.464  6268  6304 E AwarenessRouterSyncMgr: 	at java.util.concurrent.ScheduledThreadPoolExecutor$ScheduledFutureTask.run(ScheduledThreadPoolExecutor.java:301)
04-03 11:42:15.464  6268  6304 E AwarenessRouterSyncMgr: 	at java.util.concurrent.ThreadPoolExecutor.runWorker(ThreadPoolExecutor.java:1167)
04-03 11:42:15.464  6268  6304 E AwarenessRouterSyncMgr: 	at java.util.concurrent.ThreadPoolExecutor$Worker.run(ThreadPoolExecutor.java:641)
04-03 11:42:15.464  6268  6304 E AwarenessRouterSyncMgr: 	at pqt.run(PG:13)
04-03 11:42:15.464  6268  6304 E AwarenessRouterSyncMgr: 	at java.lang.Thread.run(Thread.java:923)
04-03 11:42:15.464  6268  6304 E AwarenessRouterSyncMgr: Caused by: java.lang.IllegalStateException: Account associated with identity was null
04-03 11:42:15.464  6268  6304 E AwarenessRouterSyncMgr: 	at fxj.a(Unknown Source:3)
04-03 11:42:15.464  6268  6304 E AwarenessRouterSyncMgr: 	at zsr.a(PG:3)
04-03 11:42:15.464  6268  6304 E AwarenessRouterSyncMgr: 	at zst.run(PG:23)
04-03 11:42:15.464  6268  6304 E AwarenessRouterSyncMgr: 	at zvn.run(PG:2)
04-03 11:42:15.464  6268  6304 E AwarenessRouterSyncMgr: 	... 7 more
04-03 11:42:15.501  6268  6309 W GoogleTagManager: Failed to extract the container from the resource file. Resource is a UTF-8 encoded string but doesn't contain a JSON container
04-03 11:42:15.510  6268  6301 I FA      : App measurement disabled by setAnalyticsCollectionEnabled(false)
04-03 11:42:15.511  6268  6301 I FA      : App measurement initialized, version: 28015
04-03 11:42:15.511  6268  6301 I FA      : To enable debug logging run: adb shell setprop log.tag.FA VERBOSE
04-03 11:42:15.511  6268  6301 I FA      : To enable faster debug mode event logging run:
04-03 11:42:15.511  6268  6301 I FA      :   adb shell setprop debug.firebase.analytics.app com.google.android.apps.youtube.music
04-03 11:42:15.519  6268  6304 W s.youtube.musi: Accessing hidden field Ljava/util/Collections$SynchronizedCollection;->mutex:Ljava/lang/Object; (greylist-max-o, reflection, denied)
04-03 11:42:15.519   515   843 I system_server: oneway function results will be dropped but finished with status OK and parcel size 4
04-03 11:42:15.519  6268  6304 W s.youtube.musi: Accessing hidden method Ljava/util/Collections$SynchronizedSet;-><init>(Ljava/util/Set;Ljava/lang/Object;)V (greylist-max-o, reflection, denied)
04-03 11:42:15.519  6268  6304 W s.youtube.musi: Accessing hidden method Ljava/util/Collections$SynchronizedCollection;-><init>(Ljava/util/Collection;Ljava/lang/Object;)V (greylist-max-o, reflection, denied)
04-03 11:42:15.536  6268  6268 V MediaRouter: Selecting route: RouteInfo{ name=Phone, description=null, status=null, category=RouteCategory{ name=System types=ROUTE_TYPE_LIVE_AUDIO ROUTE_TYPE_LIVE_VIDEO  groupable=false }, supportedTypes=ROUTE_TYPE_LIVE_AUDIO ROUTE_TYPE_LIVE_VIDEO , presentationDisplay=null }
04-03 11:42:15.538  5740  5740 D IdlingResourceRegistry: All idling resources are idle.
04-03 11:42:15.538  5740  5740 D IdlingResourceRegistry: All idling resources are idle.
04-03 11:42:15.546  6268  6300 D DynamitePackage: Instantiated singleton DynamitePackage.
04-03 11:42:15.546  6268  6300 D DynamitePackage: Instantiating com.google.android.gms.ads.adshield.ChimeraAdShieldCreatorImpl
04-03 11:42:15.547  6268  6268 V MediaRouter: Selecting route: RouteInfo{ name=Phone, description=null, status=null, category=RouteCategory{ name=System types=ROUTE_TYPE_LIVE_AUDIO ROUTE_TYPE_LIVE_VIDEO  groupable=false }, supportedTypes=ROUTE_TYPE_LIVE_AUDIO ROUTE_TYPE_LIVE_VIDEO , presentationDisplay=null }
04-03 11:42:15.603  5740  5740 D IdlingResourceRegistry: All idling resources are idle.
04-03 11:42:15.603  5740  5740 I chatty  : uid=10173(com.example.lunchtray) identical 2 lines
04-03 11:42:15.603  5740  5740 D IdlingResourceRegistry: All idling resources are idle.
04-03 11:42:15.604  5740  5740 I ViewInteraction: Checking 'MatchesViewAssertion{viewMatcher=with text: a string containing "Subtotal: $10.00"}' assertion on view with id is <com.example.lunchtray:id/subtotal>
04-03 11:42:15.605   874   874 D PhoneSwitcherNetworkRequstListener: got request NetworkRequest [ TRACK_DEFAULT id=68, [ Capabilities: INTERNET&NOT_RESTRICTED&TRUSTED Uid: 10111 AdministratorUids: [] RequestorUid: 10111 RequestorPackageName: com.google.android.apps.youtube.music] ] with score 60 and providerId 3
04-03 11:42:15.605   515   616 D WifiNetworkFactory: got request NetworkRequest [ TRACK_DEFAULT id=68, [ Capabilities: INTERNET&NOT_RESTRICTED&TRUSTED Uid: 10111 AdministratorUids: [] RequestorUid: 10111 RequestorPackageName: com.google.android.apps.youtube.music] ] with score 60 and providerId 3
04-03 11:42:15.605   515   616 D UntrustedWifiNetworkFactory: got request NetworkRequest [ TRACK_DEFAULT id=68, [ Capabilities: INTERNET&NOT_RESTRICTED&TRUSTED Uid: 10111 AdministratorUids: [] RequestorUid: 10111 RequestorPackageName: com.google.android.apps.youtube.music] ] with score 60 and providerId 3
04-03 11:42:15.611   874   874 D Telephony: isEmergencyPreferredAccount: subId=1, activeData=1
04-03 11:42:15.611   874   874 D Telephony: isEmergencyPreferredAccount: Device does not require preference.
04-03 11:42:15.612  5740  5740 D IdlingResourceRegistry: All idling resources are idle.
04-03 11:42:15.612  5740  5740 D IdlingResourceRegistry: All idling resources are idle.
04-03 11:42:15.612  5740  5740 I ViewInteraction: Checking 'MatchesViewAssertion{viewMatcher=with text: a string containing "Tax: $0.80"}' assertion on view with id is <com.example.lunchtray:id/tax>
04-03 11:42:15.613  5740  5740 D IdlingResourceRegistry: All idling resources are idle.
04-03 11:42:15.613  5740  5740 D IdlingResourceRegistry: All idling resources are idle.
04-03 11:42:15.613  5740  5740 I ViewInteraction: Checking 'MatchesViewAssertion{viewMatcher=with text: a string containing "Total: $10.80"}' assertion on view with id is <com.example.lunchtray:id/total>
04-03 11:42:15.614  5740  5762 I TestRunner: finished: subtotal_tax_total_in_checkout(com.example.lunchtray.OrderFunctionalityTests)
