04-03 11:42:13.336  5740  5762 I TestRunner: started: subtotal_tax_total_in_checkout(com.example.lunchtray.OrderFunctionalityTests)
04-03 11:42:13.339  5740  5762 W Settings: Setting always_finish_activities has moved from android.provider.Settings.System to android.provider.Settings.Global, returning read-only value.
04-03 11:42:13.343   515   535 D EventSequenceValidator: inc AccIntentStartedEvents to 2
04-03 11:42:13.350  5825  5825 D BoundBrokerSvc: onUnbind: Intent { act=com.google.android.gms.common.telemetry.service.START pkg=com.google.android.gms cmp=com.google.android.gms/.chimera.PersistentApiService }
04-03 11:42:13.351   515   843 W InputReader: Device virtio_input_multi_touch_9 is associated with display ADISPLAY_ID_NONE.
04-03 11:42:13.351   515   843 W InputReader: Device virtio_input_multi_touch_7 is associated with display ADISPLAY_ID_NONE.
04-03 11:42:13.351   515   843 W InputReader: Device virtio_input_multi_touch_10 is associated with display ADISPLAY_ID_NONE.
04-03 11:42:13.351   515   843 W InputReader: Device virtio_input_multi_touch_4 is associated with display ADISPLAY_ID_NONE.
04-03 11:42:13.351   515   843 W InputReader: Device virtio_input_multi_touch_11 is associated with display ADISPLAY_ID_NONE.
04-03 11:42:13.351   515   843 W InputReader: Device virtio_input_multi_touch_5 is associated with display ADISPLAY_ID_NONE.
04-03 11:42:13.351   515   843 W InputReader: Device virtio_input_multi_touch_2 is associated with display ADISPLAY_ID_NONE.
04-03 11:42:13.351   515   843 W InputReader: Device virtio_input_multi_touch_6 is associated with display ADISPLAY_ID_NONE.
04-03 11:42:13.351   515   843 W InputReader: Device virtio_input_multi_touch_3 is associated with display ADISPLAY_ID_NONE.
04-03 11:42:13.351   515   843 W InputReader: Device virtio_input_multi_touch_8 is associated with display ADISPLAY_ID_NONE.
04-03 11:42:13.351   515   843 W InputReader: Device virtio_input_multi_touch_9 is associated with display ADISPLAY_ID_NONE.
04-03 11:42:13.351   515   843 W InputReader: Device virtio_input_multi_touch_7 is associated with display ADISPLAY_ID_NONE.
04-03 11:42:13.351   515   843 W InputReader: Device virtio_input_multi_touch_10 is associated with display ADISPLAY_ID_NONE.
04-03 11:42:13.351   515   843 W InputReader: Device virtio_input_multi_touch_4 is associated with display ADISPLAY_ID_NONE.
04-03 11:42:13.351   515   843 W InputReader: Device virtio_input_multi_touch_11 is associated with display ADISPLAY_ID_NONE.
04-03 11:42:13.351   515   843 W InputReader: Device virtio_input_multi_touch_5 is associated with display ADISPLAY_ID_NONE.
04-03 11:42:13.351   515   843 W InputReader: Device virtio_input_multi_touch_2 is associated with display ADISPLAY_ID_NONE.
04-03 11:42:13.351   515   843 W InputReader: Device virtio_input_multi_touch_6 is associated with display ADISPLAY_ID_NONE.
04-03 11:42:13.351   515   843 W InputReader: Device virtio_input_multi_touch_3 is associated with display ADISPLAY_ID_NONE.
04-03 11:42:13.351   515   843 W InputReader: Device virtio_input_multi_touch_8 is associated with display ADISPLAY_ID_NONE.
04-03 11:42:13.363   307   349 D goldfish-address-space: claimShared: Ask to claim region [0x3f47e9000 0x3f4fd2000]
04-03 11:42:13.363  5740  5740 D LifecycleMonitor: Lifecycle status change: androidx.test.core.app.InstrumentationActivityInvoker$BootstrapActivity@dba0780 in: PRE_ON_CREATE
04-03 11:42:13.363  5740  5740 D LifecycleMonitor: running callback: androidx.test.core.app.ActivityScenario$1@90c55f3
04-03 11:42:13.364  5740  5740 V ActivityScenario: Activity lifecycle changed event received but ignored because the intent does not match. startActivityIntent=Intent { act=android.intent.action.MAIN cat=[android.intent.category.LAUNCHER] cmp=com.example.lunchtray/.MainActivity }, activity.getIntent()=Intent { act=android.intent.action.MAIN cat=[android.intent.category.LAUNCHER] flg=0x10008000 cmp=com.example.lunchtray/androidx.test.core.app.InstrumentationActivityInvoker$BootstrapActivity (has extras) }, activity=androidx.test.core.app.InstrumentationActivityInvoker$BootstrapActivity@dba0780
04-03 11:42:13.364  5740  5740 D LifecycleMonitor: callback completes: androidx.test.core.app.ActivityScenario$1@90c55f3
04-03 11:42:13.364  5740  5740 D LifecycleMonitor: running callback: androidx.test.core.app.ActivityScenario$1@ca6a48
04-03 11:42:13.364  5740  5740 V ActivityScenario: Activity lifecycle changed event received but ignored because the intent does not match. startActivityIntent=Intent { act=android.intent.action.MAIN cat=[android.intent.category.LAUNCHER] cmp=com.example.lunchtray/.MainActivity }, activity.getIntent()=Intent { act=android.intent.action.MAIN cat=[android.intent.category.LAUNCHER] flg=0x10008000 cmp=com.example.lunchtray/androidx.test.core.app.InstrumentationActivityInvoker$BootstrapActivity (has extras) }, activity=androidx.test.core.app.InstrumentationActivityInvoker$BootstrapActivity@dba0780
04-03 11:42:13.364  5740  5740 D LifecycleMonitor: callback completes: androidx.test.core.app.ActivityScenario$1@ca6a48
04-03 11:42:13.364  5740  5740 D LifecycleMonitor: running callback: androidx.test.core.app.ActivityScenario$1@3e8d795
04-03 11:42:13.364  5740  5740 V ActivityScenario: Activity lifecycle changed event received but ignored because the intent does not match. startActivityIntent=Intent { act=android.intent.action.MAIN cat=[android.intent.category.LAUNCHER] cmp=com.example.lunchtray/.MainActivity }, activity.getIntent()=Intent { act=android.intent.action.MAIN cat=[android.intent.category.LAUNCHER] flg=0x10008000 cmp=com.example.lunchtray/androidx.test.core.app.InstrumentationActivityInvoker$BootstrapActivity (has extras) }, activity=androidx.test.core.app.InstrumentationActivityInvoker$BootstrapActivity@dba0780
04-03 11:42:13.364  5740  5740 D LifecycleMonitor: callback completes: androidx.test.core.app.ActivityScenario$1@3e8d795
04-03 11:42:13.364  5740  5740 D LifecycleMonitor: running callback: androidx.test.core.app.ActivityScenario$1@474bb00
04-03 11:42:13.364  5740  5740 V ActivityScenario: Activity lifecycle changed event received but ignored because the intent does not match. startActivityIntent=Intent { act=android.intent.action.MAIN cat=[android.intent.category.LAUNCHER] cmp=com.example.lunchtray/.MainActivity }, activity.getIntent()=Intent { act=android.intent.action.MAIN cat=[android.intent.category.LAUNCHER] flg=0x10008000 cmp=com.example.lunchtray/androidx.test.core.app.InstrumentationActivityInvoker$BootstrapActivity (has extras) }, activity=androidx.test.core.app.InstrumentationActivityInvoker$BootstrapActivity@dba0780
04-03 11:42:13.364  5740  5740 D LifecycleMonitor: callback completes: androidx.test.core.app.ActivityScenario$1@474bb00
04-03 11:42:13.364  5740  5740 D LifecycleMonitor: running callback: androidx.test.core.app.ActivityScenario$1@37e61b9
04-03 11:42:13.364  5740  5740 V ActivityScenario: Activity lifecycle changed event received but ignored because the intent does not match. startActivityIntent=Intent { act=android.intent.action.MAIN cat=[android.intent.category.LAUNCHER] cmp=com.example.lunchtray/.MainActivity }, activity.getIntent()=Intent { act=android.intent.action.MAIN cat=[android.intent.category.LAUNCHER] flg=0x10008000 cmp=com.example.lunchtray/androidx.test.core.app.InstrumentationActivityInvoker$BootstrapActivity (has extras) }, activity=androidx.test.core.app.InstrumentationActivityInvoker$BootstrapActivity@dba0780
04-03 11:42:13.364  5740  5740 D LifecycleMonitor: callback completes: androidx.test.core.app.ActivityScenario$1@37e61b9
04-03 11:42:13.368  5740  5740 D LifecycleMonitor: Lifecycle status change: androidx.test.core.app.InstrumentationActivityInvoker$BootstrapActivity@dba0780 in: CREATED
04-03 11:42:13.368  5740  5740 D LifecycleMonitor: running callback: androidx.test.core.app.ActivityScenario$1@90c55f3
04-03 11:42:13.368  5740  5740 V ActivityScenario: Activity lifecycle changed event received but ignored because the intent does not match. startActivityIntent=Intent { act=android.intent.action.MAIN cat=[android.intent.category.LAUNCHER] cmp=com.example.lunchtray/.MainActivity }, activity.getIntent()=Intent { act=android.intent.action.MAIN cat=[android.intent.category.LAUNCHER] flg=0x10008000 cmp=com.example.lunchtray/androidx.test.core.app.InstrumentationActivityInvoker$BootstrapActivity (has extras) }, activity=androidx.test.core.app.InstrumentationActivityInvoker$BootstrapActivity@dba0780
04-03 11:42:13.368  5740  5740 D LifecycleMonitor: callback completes: androidx.test.core.app.ActivityScenario$1@90c55f3
04-03 11:42:13.368  5740  5740 D LifecycleMonitor: running callback: androidx.test.core.app.ActivityScenario$1@ca6a48
04-03 11:42:13.368  5740  5740 V ActivityScenario: Activity lifecycle changed event received but ignored because the intent does not match. startActivityIntent=Intent { act=android.intent.action.MAIN cat=[android.intent.category.LAUNCHER] cmp=com.example.lunchtray/.MainActivity }, activity.getIntent()=Intent { act=android.intent.action.MAIN cat=[android.intent.category.LAUNCHER] flg=0x10008000 cmp=com.example.lunchtray/androidx.test.core.app.InstrumentationActivityInvoker$BootstrapActivity (has extras) }, activity=androidx.test.core.app.InstrumentationActivityInvoker$BootstrapActivity@dba0780
04-03 11:42:13.368  5740  5740 D LifecycleMonitor: callback completes: androidx.test.core.app.ActivityScenario$1@ca6a48
04-03 11:42:13.368  5740  5740 D LifecycleMonitor: running callback: androidx.test.core.app.ActivityScenario$1@3e8d795
04-03 11:42:13.368  5740  5740 V ActivityScenario: Activity lifecycle changed event received but ignored because the intent does not match. startActivityIntent=Intent { act=android.intent.action.MAIN cat=[android.intent.category.LAUNCHER] cmp=com.example.lunchtray/.MainActivity }, activity.getIntent()=Intent { act=android.intent.action.MAIN cat=[android.intent.category.LAUNCHER] flg=0x10008000 cmp=com.example.lunchtray/androidx.test.core.app.InstrumentationActivityInvoker$BootstrapActivity (has extras) }, activity=androidx.test.core.app.InstrumentationActivityInvoker$BootstrapActivity@dba0780
04-03 11:42:13.368  5740  5740 D LifecycleMonitor: callback completes: androidx.test.core.app.ActivityScenario$1@3e8d795
04-03 11:42:13.368  5740  5740 D LifecycleMonitor: running callback: androidx.test.core.app.ActivityScenario$1@474bb00
04-03 11:42:13.369  5740  5740 V ActivityScenario: Activity lifecycle changed event received but ignored because the intent does not match. startActivityIntent=Intent { act=android.intent.action.MAIN cat=[android.intent.category.LAUNCHER] cmp=com.example.lunchtray/.MainActivity }, activity.getIntent()=Intent { act=android.intent.action.MAIN cat=[android.intent.category.LAUNCHER] flg=0x10008000 cmp=com.example.lunchtray/androidx.test.core.app.InstrumentationActivityInvoker$BootstrapActivity (has extras) }, activity=androidx.test.core.app.InstrumentationActivityInvoker$BootstrapActivity@dba0780
04-03 11:42:13.369  5740  5740 D LifecycleMonitor: callback completes: androidx.test.core.app.ActivityScenario$1@474bb00
04-03 11:42:13.369  5740  5740 D LifecycleMonitor: running callback: androidx.test.core.app.ActivityScenario$1@37e61b9
04-03 11:42:13.369  5740  5740 V ActivityScenario: Activity lifecycle changed event received but ignored because the intent does not match. startActivityIntent=Intent { act=android.intent.action.MAIN cat=[android.intent.category.LAUNCHER] cmp=com.example.lunchtray/.MainActivity }, activity.getIntent()=Intent { act=android.intent.action.MAIN cat=[android.intent.category.LAUNCHER] flg=0x10008000 cmp=com.example.lunchtray/androidx.test.core.app.InstrumentationActivityInvoker$BootstrapActivity (has extras) }, activity=androidx.test.core.app.InstrumentationActivityInvoker$BootstrapActivity@dba0780
04-03 11:42:13.369  5740  5740 D LifecycleMonitor: callback completes: androidx.test.core.app.ActivityScenario$1@37e61b9
04-03 11:42:13.371  5740  5740 D LifecycleMonitor: Lifecycle status change: androidx.test.core.app.InstrumentationActivityInvoker$BootstrapActivity@dba0780 in: STARTED
04-03 11:42:13.371  5740  5740 D LifecycleMonitor: running callback: androidx.test.core.app.ActivityScenario$1@90c55f3
04-03 11:42:13.371  5740  5740 V ActivityScenario: Activity lifecycle changed event received but ignored because the intent does not match. startActivityIntent=Intent { act=android.intent.action.MAIN cat=[android.intent.category.LAUNCHER] cmp=com.example.lunchtray/.MainActivity }, activity.getIntent()=Intent { act=android.intent.action.MAIN cat=[android.intent.category.LAUNCHER] flg=0x10008000 cmp=com.example.lunchtray/androidx.test.core.app.InstrumentationActivityInvoker$BootstrapActivity (has extras) }, activity=androidx.test.core.app.InstrumentationActivityInvoker$BootstrapActivity@dba0780
04-03 11:42:13.371  5740  5740 D LifecycleMonitor: callback completes: androidx.test.core.app.ActivityScenario$1@90c55f3
04-03 11:42:13.371  5740  5740 D LifecycleMonitor: running callback: androidx.test.core.app.ActivityScenario$1@ca6a48
04-03 11:42:13.371  5740  5740 V ActivityScenario: Activity lifecycle changed event received but ignored because the intent does not match. startActivityIntent=Intent { act=android.intent.action.MAIN cat=[android.intent.category.LAUNCHER] cmp=com.example.lunchtray/.MainActivity }, activity.getIntent()=Intent { act=android.intent.action.MAIN cat=[android.intent.category.LAUNCHER] flg=0x10008000 cmp=com.example.lunchtray/androidx.test.core.app.InstrumentationActivityInvoker$BootstrapActivity (has extras) }, activity=androidx.test.core.app.InstrumentationActivityInvoker$BootstrapActivity@dba0780
04-03 11:42:13.371  5740  5740 D LifecycleMonitor: callback completes: androidx.test.core.app.ActivityScenario$1@ca6a48
04-03 11:42:13.371  5740  5740 D LifecycleMonitor: running callback: androidx.test.core.app.ActivityScenario$1@3e8d795
04-03 11:42:13.371  5740  5740 V ActivityScenario: Activity lifecycle changed event received but ignored because the intent does not match. startActivityIntent=Intent { act=android.intent.action.MAIN cat=[android.intent.category.LAUNCHER] cmp=com.example.lunchtray/.MainActivity }, activity.getIntent()=Intent { act=android.intent.action.MAIN cat=[android.intent.category.LAUNCHER] flg=0x10008000 cmp=com.example.lunchtray/androidx.test.core.app.InstrumentationActivityInvoker$BootstrapActivity (has extras) }, activity=androidx.test.core.app.InstrumentationActivityInvoker$BootstrapActivity@dba0780
04-03 11:42:13.371  5740  5740 D LifecycleMonitor: callback completes: androidx.test.core.app.ActivityScenario$1@3e8d795
04-03 11:42:13.371  5740  5740 D LifecycleMonitor: running callback: androidx.test.core.app.ActivityScenario$1@474bb00
04-03 11:42:13.371  5740  5740 V ActivityScenario: Activity lifecycle changed event received but ignored because the intent does not match. startActivityIntent=Intent { act=android.intent.action.MAIN cat=[android.intent.category.LAUNCHER] cmp=com.example.lunchtray/.MainActivity }, activity.getIntent()=Intent { act=android.intent.action.MAIN cat=[android.intent.category.LAUNCHER] flg=0x10008000 cmp=com.example.lunchtray/androidx.test.core.app.InstrumentationActivityInvoker$BootstrapActivity (has extras) }, activity=androidx.test.core.app.InstrumentationActivityInvoker$BootstrapActivity@dba0780
04-03 11:42:13.371  5740  5740 D LifecycleMonitor: callback completes: androidx.test.core.app.ActivityScenario$1@474bb00
04-03 11:42:13.371  5740  5740 D LifecycleMonitor: running callback: androidx.test.core.app.ActivityScenario$1@37e61b9
04-03 11:42:13.371  5740  5740 V ActivityScenario: Activity lifecycle changed event received but ignored because the intent does not match. startActivityIntent=Intent { act=android.intent.action.MAIN cat=[android.intent.category.LAUNCHER] cmp=com.example.lunchtray/.MainActivity }, activity.getIntent()=Intent { act=android.intent.action.MAIN cat=[android.intent.category.LAUNCHER] flg=0x10008000 cmp=com.example.lunchtray/androidx.test.core.app.InstrumentationActivityInvoker$BootstrapActivity (has extras) }, activity=androidx.test.core.app.InstrumentationActivityInvoker$BootstrapActivity@dba0780
04-03 11:42:13.371  5740  5740 D LifecycleMonitor: callback completes: androidx.test.core.app.ActivityScenario$1@37e61b9
04-03 11:42:13.374  5740  5740 D LifecycleMonitor: Lifecycle status change: androidx.test.core.app.InstrumentationActivityInvoker$BootstrapActivity@dba0780 in: RESUMED
04-03 11:42:13.374  5740  5740 D LifecycleMonitor: running callback: androidx.test.core.app.ActivityScenario$1@90c55f3
04-03 11:42:13.375  5740  5740 V ActivityScenario: Activity lifecycle changed event received but ignored because the intent does not match. startActivityIntent=Intent { act=android.intent.action.MAIN cat=[android.intent.category.LAUNCHER] cmp=com.example.lunchtray/.MainActivity }, activity.getIntent()=Intent { act=android.intent.action.MAIN cat=[android.intent.category.LAUNCHER] flg=0x10008000 cmp=com.example.lunchtray/androidx.test.core.app.InstrumentationActivityInvoker$BootstrapActivity (has extras) }, activity=androidx.test.core.app.InstrumentationActivityInvoker$BootstrapActivity@dba0780
04-03 11:42:13.375  5740  5740 D LifecycleMonitor: callback completes: androidx.test.core.app.ActivityScenario$1@90c55f3
04-03 11:42:13.375  5740  5740 D LifecycleMonitor: running callback: androidx.test.core.app.ActivityScenario$1@ca6a48
04-03 11:42:13.375  5740  5740 V ActivityScenario: Activity lifecycle changed event received but ignored because the intent does not match. startActivityIntent=Intent { act=android.intent.action.MAIN cat=[android.intent.category.LAUNCHER] cmp=com.example.lunchtray/.MainActivity }, activity.getIntent()=Intent { act=android.intent.action.MAIN cat=[android.intent.category.LAUNCHER] flg=0x10008000 cmp=com.example.lunchtray/androidx.test.core.app.InstrumentationActivityInvoker$BootstrapActivity (has extras) }, activity=androidx.test.core.app.InstrumentationActivityInvoker$BootstrapActivity@dba0780
04-03 11:42:13.375  5740  5740 D LifecycleMonitor: callback completes: androidx.test.core.app.ActivityScenario$1@ca6a48
04-03 11:42:13.375  5740  5740 D LifecycleMonitor: running callback: androidx.test.core.app.ActivityScenario$1@3e8d795
04-03 11:42:13.375  5740  5740 V ActivityScenario: Activity lifecycle changed event received but ignored because the intent does not match. startActivityIntent=Intent { act=android.intent.action.MAIN cat=[android.intent.category.LAUNCHER] cmp=com.example.lunchtray/.MainActivity }, activity.getIntent()=Intent { act=android.intent.action.MAIN cat=[android.intent.category.LAUNCHER] flg=0x10008000 cmp=com.example.lunchtray/androidx.test.core.app.InstrumentationActivityInvoker$BootstrapActivity (has extras) }, activity=androidx.test.core.app.InstrumentationActivityInvoker$BootstrapActivity@dba0780
04-03 11:42:13.375  5740  5740 D LifecycleMonitor: callback completes: androidx.test.core.app.ActivityScenario$1@3e8d795
04-03 11:42:13.375  5740  5740 D LifecycleMonitor: running callback: androidx.test.core.app.ActivityScenario$1@474bb00
04-03 11:42:13.375  5740  5740 V ActivityScenario: Activity lifecycle changed event received but ignored because the intent does not match. startActivityIntent=Intent { act=android.intent.action.MAIN cat=[android.intent.category.LAUNCHER] cmp=com.example.lunchtray/.MainActivity }, activity.getIntent()=Intent { act=android.intent.action.MAIN cat=[android.intent.category.LAUNCHER] flg=0x10008000 cmp=com.example.lunchtray/androidx.test.core.app.InstrumentationActivityInvoker$BootstrapActivity (has extras) }, activity=androidx.test.core.app.InstrumentationActivityInvoker$BootstrapActivity@dba0780
04-03 11:42:13.375  5740  5740 D LifecycleMonitor: callback completes: androidx.test.core.app.ActivityScenario$1@474bb00
04-03 11:42:13.375  5740  5740 D LifecycleMonitor: running callback: androidx.test.core.app.ActivityScenario$1@37e61b9
04-03 11:42:13.375  5740  5740 V ActivityScenario: Activity lifecycle changed event received but ignored because the intent does not match. startActivityIntent=Intent { act=android.intent.action.MAIN cat=[android.intent.category.LAUNCHER] cmp=com.example.lunchtray/.MainActivity }, activity.getIntent()=Intent { act=android.intent.action.MAIN cat=[android.intent.category.LAUNCHER] flg=0x10008000 cmp=com.example.lunchtray/androidx.test.core.app.InstrumentationActivityInvoker$BootstrapActivity (has extras) }, activity=androidx.test.core.app.InstrumentationActivityInvoker$BootstrapActivity@dba0780
04-03 11:42:13.375  5740  5740 D LifecycleMonitor: callback completes: androidx.test.core.app.ActivityScenario$1@37e61b9
04-03 11:42:13.380  5740  5740 D LifecycleMonitor: Lifecycle status change: androidx.test.core.app.InstrumentationActivityInvoker$BootstrapActivity@dba0780 in: PAUSED
04-03 11:42:13.380  5740  5740 D LifecycleMonitor: running callback: androidx.test.core.app.ActivityScenario$1@90c55f3
04-03 11:42:13.381  5740  5740 V ActivityScenario: Activity lifecycle changed event received but ignored because the intent does not match. startActivityIntent=Intent { act=android.intent.action.MAIN cat=[android.intent.category.LAUNCHER] cmp=com.example.lunchtray/.MainActivity }, activity.getIntent()=Intent { act=android.intent.action.MAIN cat=[android.intent.category.LAUNCHER] flg=0x10008000 cmp=com.example.lunchtray/androidx.test.core.app.InstrumentationActivityInvoker$BootstrapActivity (has extras) }, activity=androidx.test.core.app.InstrumentationActivityInvoker$BootstrapActivity@dba0780
04-03 11:42:13.381  5740  5740 D LifecycleMonitor: callback completes: androidx.test.core.app.ActivityScenario$1@90c55f3
04-03 11:42:13.381  5740  5740 D LifecycleMonitor: running callback: androidx.test.core.app.ActivityScenario$1@ca6a48
04-03 11:42:13.381  5740  5740 V ActivityScenario: Activity lifecycle changed event received but ignored because the intent does not match. startActivityIntent=Intent { act=android.intent.action.MAIN cat=[android.intent.category.LAUNCHER] cmp=com.example.lunchtray/.MainActivity }, activity.getIntent()=Intent { act=android.intent.action.MAIN cat=[android.intent.category.LAUNCHER] flg=0x10008000 cmp=com.example.lunchtray/androidx.test.core.app.InstrumentationActivityInvoker$BootstrapActivity (has extras) }, activity=androidx.test.core.app.InstrumentationActivityInvoker$BootstrapActivity@dba0780
04-03 11:42:13.381  5740  5740 D LifecycleMonitor: callback completes: androidx.test.core.app.ActivityScenario$1@ca6a48
04-03 11:42:13.381  5740  5740 D LifecycleMonitor: running callback: androidx.test.core.app.ActivityScenario$1@3e8d795
04-03 11:42:13.381  5740  5740 V ActivityScenario: Activity lifecycle changed event received but ignored because the intent does not match. startActivityIntent=Intent { act=android.intent.action.MAIN cat=[android.intent.category.LAUNCHER] cmp=com.example.lunchtray/.MainActivity }, activity.getIntent()=Intent { act=android.intent.action.MAIN cat=[android.intent.category.LAUNCHER] flg=0x10008000 cmp=com.example.lunchtray/androidx.test.core.app.InstrumentationActivityInvoker$BootstrapActivity (has extras) }, activity=androidx.test.core.app.InstrumentationActivityInvoker$BootstrapActivity@dba0780
04-03 11:42:13.381  5740  5740 D LifecycleMonitor: callback completes: androidx.test.core.app.ActivityScenario$1@3e8d795
04-03 11:42:13.381  5740  5740 D LifecycleMonitor: running callback: androidx.test.core.app.ActivityScenario$1@474bb00
04-03 11:42:13.381  5740  5740 V ActivityScenario: Activity lifecycle changed event received but ignored because the intent does not match. startActivityIntent=Intent { act=android.intent.action.MAIN cat=[android.intent.category.LAUNCHER] cmp=com.example.lunchtray/.MainActivity }, activity.getIntent()=Intent { act=android.intent.action.MAIN cat=[android.intent.category.LAUNCHER] flg=0x10008000 cmp=com.example.lunchtray/androidx.test.core.app.InstrumentationActivityInvoker$BootstrapActivity (has extras) }, activity=androidx.test.core.app.InstrumentationActivityInvoker$BootstrapActivity@dba0780
04-03 11:42:13.381  5740  5740 D LifecycleMonitor: callback completes: androidx.test.core.app.ActivityScenario$1@474bb00
04-03 11:42:13.381  5740  5740 D LifecycleMonitor: running callback: androidx.test.core.app.ActivityScenario$1@37e61b9
04-03 11:42:13.381  5740  5740 V ActivityScenario: Activity lifecycle changed event received but ignored because the intent does not match. startActivityIntent=Intent { act=android.intent.action.MAIN cat=[android.intent.category.LAUNCHER] cmp=com.example.lunchtray/.MainActivity }, activity.getIntent()=Intent { act=android.intent.action.MAIN cat=[android.intent.category.LAUNCHER] flg=0x10008000 cmp=com.example.lunchtray/androidx.test.core.app.InstrumentationActivityInvoker$BootstrapActivity (has extras) }, activity=androidx.test.core.app.InstrumentationActivityInvoker$BootstrapActivity@dba0780
04-03 11:42:13.381  5740  5740 D LifecycleMonitor: callback completes: androidx.test.core.app.ActivityScenario$1@37e61b9
04-03 11:42:13.382   515  1430 W InputReader: Device virtio_input_multi_touch_9 is associated with display ADISPLAY_ID_NONE.
04-03 11:42:13.382   515  1430 W InputReader: Device virtio_input_multi_touch_7 is associated with display ADISPLAY_ID_NONE.
04-03 11:42:13.382   515  1430 W InputReader: Device virtio_input_multi_touch_10 is associated with display ADISPLAY_ID_NONE.
04-03 11:42:13.382   515  1430 W InputReader: Device virtio_input_multi_touch_4 is associated with display ADISPLAY_ID_NONE.
04-03 11:42:13.382   515  1430 W InputReader: Device virtio_input_multi_touch_11 is associated with display ADISPLAY_ID_NONE.
04-03 11:42:13.382   515  1430 W InputReader: Device virtio_input_multi_touch_5 is associated with display ADISPLAY_ID_NONE.
04-03 11:42:13.382   515  1430 W InputReader: Device virtio_input_multi_touch_2 is associated with display ADISPLAY_ID_NONE.
04-03 11:42:13.382   515  1430 W InputReader: Device virtio_input_multi_touch_6 is associated with display ADISPLAY_ID_NONE.
04-03 11:42:13.382   515  1430 W InputReader: Device virtio_input_multi_touch_3 is associated with display ADISPLAY_ID_NONE.
04-03 11:42:13.382   515  1430 W InputReader: Device virtio_input_multi_touch_8 is associated with display ADISPLAY_ID_NONE.
04-03 11:42:13.382   515  1430 W InputReader: Device virtio_input_multi_touch_9 is associated with display ADISPLAY_ID_NONE.
04-03 11:42:13.382   515  1430 W InputReader: Device virtio_input_multi_touch_7 is associated with display ADISPLAY_ID_NONE.
04-03 11:42:13.382   515  1430 W InputReader: Device virtio_input_multi_touch_10 is associated with display ADISPLAY_ID_NONE.
04-03 11:42:13.382   515  1430 W InputReader: Device virtio_input_multi_touch_4 is associated with display ADISPLAY_ID_NONE.
04-03 11:42:13.383   515  1430 W InputReader: Device virtio_input_multi_touch_11 is associated with display ADISPLAY_ID_NONE.
04-03 11:42:13.383   515  1430 W InputReader: Device virtio_input_multi_touch_5 is associated with display ADISPLAY_ID_NONE.
04-03 11:42:13.383   515  1430 W InputReader: Device virtio_input_multi_touch_2 is associated with display ADISPLAY_ID_NONE.
04-03 11:42:13.383   515  1430 W InputReader: Device virtio_input_multi_touch_6 is associated with display ADISPLAY_ID_NONE.
04-03 11:42:13.383   515  1430 W InputReader: Device virtio_input_multi_touch_3 is associated with display ADISPLAY_ID_NONE.
04-03 11:42:13.383   515  1430 W InputReader: Device virtio_input_multi_touch_8 is associated with display ADISPLAY_ID_NONE.
04-03 11:42:13.388  5740  5740 D LifecycleMonitor: Lifecycle status change: com.example.lunchtray.MainActivity@13e087b in: PRE_ON_CREATE
04-03 11:42:13.388  5740  5740 D LifecycleMonitor: running callback: androidx.test.core.app.ActivityScenario$1@90c55f3
04-03 11:42:13.388  5740  5740 V ActivityScenario: Activity lifecycle changed event received but ignored because the reported transition was not ON_CREATE while the last known transition was DESTROYED
04-03 11:42:13.388  5740  5740 D LifecycleMonitor: callback completes: androidx.test.core.app.ActivityScenario$1@90c55f3
04-03 11:42:13.388  5740  5740 D LifecycleMonitor: running callback: androidx.test.core.app.ActivityScenario$1@ca6a48
04-03 11:42:13.388  5740  5740 V ActivityScenario: Activity lifecycle changed event received but ignored because the reported transition was not ON_CREATE while the last known transition was DESTROYED
04-03 11:42:13.388  5740  5740 D LifecycleMonitor: callback completes: androidx.test.core.app.ActivityScenario$1@ca6a48
04-03 11:42:13.389  5740  5740 D LifecycleMonitor: running callback: androidx.test.core.app.ActivityScenario$1@3e8d795
04-03 11:42:13.389  5740  5740 V ActivityScenario: Activity lifecycle changed event received but ignored because the reported transition was not ON_CREATE while the last known transition was DESTROYED
04-03 11:42:13.389  5740  5740 D LifecycleMonitor: callback completes: androidx.test.core.app.ActivityScenario$1@3e8d795
04-03 11:42:13.389  5740  5740 D LifecycleMonitor: running callback: androidx.test.core.app.ActivityScenario$1@474bb00
04-03 11:42:13.389  5740  5740 V ActivityScenario: Activity lifecycle changed event received but ignored because the reported transition was not ON_CREATE while the last known transition was DESTROYED
04-03 11:42:13.389  5740  5740 D LifecycleMonitor: callback completes: androidx.test.core.app.ActivityScenario$1@474bb00
04-03 11:42:13.389  5740  5740 D LifecycleMonitor: running callback: androidx.test.core.app.ActivityScenario$1@37e61b9
04-03 11:42:13.389  5740  5740 V ActivityScenario: Activity lifecycle changed event received but ignored because the reported transition was not ON_CREATE while the last known transition was PRE_ON_CREATE
04-03 11:42:13.389  5740  5740 D LifecycleMonitor: callback completes: androidx.test.core.app.ActivityScenario$1@37e61b9
04-03 11:42:13.402  5740  5740 D LifecycleMonitor: Lifecycle status change: com.example.lunchtray.MainActivity@13e087b in: CREATED
04-03 11:42:13.402  5740  5740 D LifecycleMonitor: running callback: androidx.test.core.app.ActivityScenario$1@90c55f3
04-03 11:42:13.402  5740  5740 V ActivityScenario: Update currentActivityStage to CREATED, currentActivity=com.example.lunchtray.MainActivity@13e087b
04-03 11:42:13.402  5740  5740 D LifecycleMonitor: callback completes: androidx.test.core.app.ActivityScenario$1@90c55f3
04-03 11:42:13.402  5740  5740 D LifecycleMonitor: running callback: androidx.test.core.app.ActivityScenario$1@ca6a48
04-03 11:42:13.402  5740  5740 V ActivityScenario: Update currentActivityStage to CREATED, currentActivity=com.example.lunchtray.MainActivity@13e087b
04-03 11:42:13.402  5740  5740 D LifecycleMonitor: callback completes: androidx.test.core.app.ActivityScenario$1@ca6a48
04-03 11:42:13.402  5740  5740 D LifecycleMonitor: running callback: androidx.test.core.app.ActivityScenario$1@3e8d795
04-03 11:42:13.402  5740  5740 V ActivityScenario: Update currentActivityStage to CREATED, currentActivity=com.example.lunchtray.MainActivity@13e087b
04-03 11:42:13.402  5740  5740 D LifecycleMonitor: callback completes: androidx.test.core.app.ActivityScenario$1@3e8d795
04-03 11:42:13.402  5740  5740 D LifecycleMonitor: running callback: androidx.test.core.app.ActivityScenario$1@474bb00
04-03 11:42:13.402  5740  5740 V ActivityScenario: Update currentActivityStage to CREATED, currentActivity=com.example.lunchtray.MainActivity@13e087b
04-03 11:42:13.402  5740  5740 D LifecycleMonitor: callback completes: androidx.test.core.app.ActivityScenario$1@474bb00
04-03 11:42:13.402  5740  5740 D LifecycleMonitor: running callback: androidx.test.core.app.ActivityScenario$1@37e61b9
04-03 11:42:13.403  5740  5740 V ActivityScenario: Update currentActivityStage to CREATED, currentActivity=com.example.lunchtray.MainActivity@13e087b
04-03 11:42:13.403  5740  5740 D LifecycleMonitor: callback completes: androidx.test.core.app.ActivityScenario$1@37e61b9
04-03 11:42:13.407   307   349 D goldfish-address-space: claimShared: Ask to claim region [0x3f4000000 0x3f47e9000]
04-03 11:42:13.415  5740  5740 D LifecycleMonitor: Lifecycle status change: com.example.lunchtray.MainActivity@13e087b in: STARTED
04-03 11:42:13.415  5740  5740 D LifecycleMonitor: running callback: androidx.test.core.app.ActivityScenario$1@90c55f3
04-03 11:42:13.415  5740  5740 V ActivityScenario: Update currentActivityStage to STARTED, currentActivity=com.example.lunchtray.MainActivity@13e087b
04-03 11:42:13.415  5740  5740 D LifecycleMonitor: callback completes: androidx.test.core.app.ActivityScenario$1@90c55f3
04-03 11:42:13.415  5740  5740 D LifecycleMonitor: running callback: androidx.test.core.app.ActivityScenario$1@ca6a48
04-03 11:42:13.415  5740  5740 V ActivityScenario: Update currentActivityStage to STARTED, currentActivity=com.example.lunchtray.MainActivity@13e087b
04-03 11:42:13.415  5740  5740 D LifecycleMonitor: callback completes: androidx.test.core.app.ActivityScenario$1@ca6a48
04-03 11:42:13.415  5740  5740 D LifecycleMonitor: running callback: androidx.test.core.app.ActivityScenario$1@3e8d795
04-03 11:42:13.415  5740  5740 V ActivityScenario: Update currentActivityStage to STARTED, currentActivity=com.example.lunchtray.MainActivity@13e087b
04-03 11:42:13.415  5740  5740 D LifecycleMonitor: callback completes: androidx.test.core.app.ActivityScenario$1@3e8d795
04-03 11:42:13.415  5740  5740 D LifecycleMonitor: running callback: androidx.test.core.app.ActivityScenario$1@474bb00
04-03 11:42:13.415  5740  5740 V ActivityScenario: Update currentActivityStage to STARTED, currentActivity=com.example.lunchtray.MainActivity@13e087b
04-03 11:42:13.415  5740  5740 D LifecycleMonitor: callback completes: androidx.test.core.app.ActivityScenario$1@474bb00
04-03 11:42:13.415  5740  5740 D LifecycleMonitor: running callback: androidx.test.core.app.ActivityScenario$1@37e61b9
04-03 11:42:13.416  5740  5740 V ActivityScenario: Update currentActivityStage to STARTED, currentActivity=com.example.lunchtray.MainActivity@13e087b
04-03 11:42:13.416  5740  5740 D LifecycleMonitor: callback completes: androidx.test.core.app.ActivityScenario$1@37e61b9
04-03 11:42:13.417  5740  5740 D LifecycleMonitor: Lifecycle status change: com.example.lunchtray.MainActivity@13e087b in: RESUMED
04-03 11:42:13.417  5740  5740 D LifecycleMonitor: running callback: androidx.test.core.app.ActivityScenario$1@90c55f3
04-03 11:42:13.417  5740  5740 V ActivityScenario: Update currentActivityStage to RESUMED, currentActivity=com.example.lunchtray.MainActivity@13e087b
04-03 11:42:13.417  5740  5740 D LifecycleMonitor: callback completes: androidx.test.core.app.ActivityScenario$1@90c55f3
04-03 11:42:13.417  5740  5740 D LifecycleMonitor: running callback: androidx.test.core.app.ActivityScenario$1@ca6a48
04-03 11:42:13.417  5740  5740 V ActivityScenario: Update currentActivityStage to RESUMED, currentActivity=com.example.lunchtray.MainActivity@13e087b
04-03 11:42:13.417  5740  5740 D LifecycleMonitor: callback completes: androidx.test.core.app.ActivityScenario$1@ca6a48
04-03 11:42:13.417  5740  5740 D LifecycleMonitor: running callback: androidx.test.core.app.ActivityScenario$1@3e8d795
04-03 11:42:13.417  5740  5740 V ActivityScenario: Update currentActivityStage to RESUMED, currentActivity=com.example.lunchtray.MainActivity@13e087b
04-03 11:42:13.417  5740  5740 D LifecycleMonitor: callback completes: androidx.test.core.app.ActivityScenario$1@3e8d795
04-03 11:42:13.417  5740  5740 D LifecycleMonitor: running callback: androidx.test.core.app.ActivityScenario$1@474bb00
04-03 11:42:13.417  5740  5740 V ActivityScenario: Update currentActivityStage to RESUMED, currentActivity=com.example.lunchtray.MainActivity@13e087b
04-03 11:42:13.417  5740  5740 D LifecycleMonitor: callback completes: androidx.test.core.app.ActivityScenario$1@474bb00
04-03 11:42:13.417  5740  5740 D LifecycleMonitor: running callback: androidx.test.core.app.ActivityScenario$1@37e61b9
04-03 11:42:13.417  5740  5740 V ActivityScenario: Update currentActivityStage to RESUMED, currentActivity=com.example.lunchtray.MainActivity@13e087b
04-03 11:42:13.417  5740  5740 D LifecycleMonitor: callback completes: androidx.test.core.app.ActivityScenario$1@37e61b9
04-03 11:42:13.424  5740  5740 D IdlingResourceRegistry: All idling resources are idle.
04-03 11:42:13.446   307   349 D goldfish-address-space: claimShared: Ask to claim region [0x3f4fd2000 0x3f57bb000]
04-03 11:42:13.451   307   349 D goldfish-address-space: claimShared: Ask to claim region [0x3f57bb000 0x3f5fa4000]
04-03 11:42:13.453   307   349 D goldfish-address-space: claimShared: Ask to claim region [0x3f5fa4000 0x3f678d000]
04-03 11:42:13.465   515   542 D ArtManagerInternalImpl: /data/misc/iorapd/com.example.lunchtray/1/com.example.lunchtray.MainActivity/compiled_traces/compiled_trace.pb doesn't exist
04-03 11:42:13.465   515   542 I ActivityTaskManager: Displayed com.example.lunchtray/.MainActivity: +120ms
04-03 11:42:13.468  5740  5740 D IdlingResourceRegistry: All idling resources are idle.
04-03 11:42:13.469   515   535 D EventSequenceValidator: dec AccIntentStartedEvents to 1
04-03 11:42:13.469  5740  5740 D RootViewPicker: Root not ready - waiting: 10ms for one to appear.
04-03 11:42:13.477  5740  5740 D LifecycleMonitor: Lifecycle status change: androidx.test.core.app.InstrumentationActivityInvoker$BootstrapActivity@dba0780 in: STOPPED
04-03 11:42:13.477  5740  5740 D LifecycleMonitor: running callback: androidx.test.core.app.ActivityScenario$1@90c55f3
04-03 11:42:13.477  5740  5740 V ActivityScenario: Activity lifecycle changed event received but ignored because the intent does not match. startActivityIntent=Intent { act=android.intent.action.MAIN cat=[android.intent.category.LAUNCHER] cmp=com.example.lunchtray/.MainActivity }, activity.getIntent()=Intent { act=android.intent.action.MAIN cat=[android.intent.category.LAUNCHER] flg=0x10008000 cmp=com.example.lunchtray/androidx.test.core.app.InstrumentationActivityInvoker$BootstrapActivity (has extras) }, activity=androidx.test.core.app.InstrumentationActivityInvoker$BootstrapActivity@dba0780
04-03 11:42:13.477  5740  5740 D LifecycleMonitor: callback completes: androidx.test.core.app.ActivityScenario$1@90c55f3
04-03 11:42:13.477  5740  5740 D LifecycleMonitor: running callback: androidx.test.core.app.ActivityScenario$1@ca6a48
04-03 11:42:13.477  5740  5740 V ActivityScenario: Activity lifecycle changed event received but ignored because the intent does not match. startActivityIntent=Intent { act=android.intent.action.MAIN cat=[android.intent.category.LAUNCHER] cmp=com.example.lunchtray/.MainActivity }, activity.getIntent()=Intent { act=android.intent.action.MAIN cat=[android.intent.category.LAUNCHER] flg=0x10008000 cmp=com.example.lunchtray/androidx.test.core.app.InstrumentationActivityInvoker$BootstrapActivity (has extras) }, activity=androidx.test.core.app.InstrumentationActivityInvoker$BootstrapActivity@dba0780
04-03 11:42:13.477  5740  5740 D LifecycleMonitor: callback completes: androidx.test.core.app.ActivityScenario$1@ca6a48
04-03 11:42:13.477  5740  5740 D LifecycleMonitor: running callback: androidx.test.core.app.ActivityScenario$1@3e8d795
04-03 11:42:13.477  5740  5740 V ActivityScenario: Activity lifecycle changed event received but ignored because the intent does not match. startActivityIntent=Intent { act=android.intent.action.MAIN cat=[android.intent.category.LAUNCHER] cmp=com.example.lunchtray/.MainActivity }, activity.getIntent()=Intent { act=android.intent.action.MAIN cat=[android.intent.category.LAUNCHER] flg=0x10008000 cmp=com.example.lunchtray/androidx.test.core.app.InstrumentationActivityInvoker$BootstrapActivity (has extras) }, activity=androidx.test.core.app.InstrumentationActivityInvoker$BootstrapActivity@dba0780
04-03 11:42:13.477  5740  5740 D LifecycleMonitor: callback completes: androidx.test.core.app.ActivityScenario$1@3e8d795
04-03 11:42:13.477  5740  5740 D LifecycleMonitor: running callback: androidx.test.core.app.ActivityScenario$1@474bb00
04-03 11:42:13.477  5740  5740 V ActivityScenario: Activity lifecycle changed event received but ignored because the intent does not match. startActivityIntent=Intent { act=android.intent.action.MAIN cat=[android.intent.category.LAUNCHER] cmp=com.example.lunchtray/.MainActivity }, activity.getIntent()=Intent { act=android.intent.action.MAIN cat=[android.intent.category.LAUNCHER] flg=0x10008000 cmp=com.example.lunchtray/androidx.test.core.app.InstrumentationActivityInvoker$BootstrapActivity (has extras) }, activity=androidx.test.core.app.InstrumentationActivityInvoker$BootstrapActivity@dba0780
04-03 11:42:13.477  5740  5740 D LifecycleMonitor: callback completes: androidx.test.core.app.ActivityScenario$1@474bb00
04-03 11:42:13.477  5740  5740 D LifecycleMonitor: running callback: androidx.test.core.app.ActivityScenario$1@37e61b9
04-03 11:42:13.477  5740  5740 V ActivityScenario: Activity lifecycle changed event received but ignored because the intent does not match. startActivityIntent=Intent { act=android.intent.action.MAIN cat=[android.intent.category.LAUNCHER] cmp=com.example.lunchtray/.MainActivity }, activity.getIntent()=Intent { act=android.intent.action.MAIN cat=[android.intent.category.LAUNCHER] flg=0x10008000 cmp=com.example.lunchtray/androidx.test.core.app.InstrumentationActivityInvoker$BootstrapActivity (has extras) }, activity=androidx.test.core.app.InstrumentationActivityInvoker$BootstrapActivity@dba0780
04-03 11:42:13.477  5740  5740 D LifecycleMonitor: callback completes: androidx.test.core.app.ActivityScenario$1@37e61b9
04-03 11:42:13.478  5740  5740 D IdlingResourceRegistry: All idling resources are idle.
04-03 11:42:13.478  5740  5740 D IdlingResourceRegistry: All idling resources are idle.
04-03 11:42:13.479  5740  5740 D RootViewPicker: Root not ready - waiting: 25ms for one to appear.
04-03 11:42:13.490  1435  2598 I PBSessionCacheImpl: Deleted sessionId[6312845729506947] from persistence.
04-03 11:42:13.497  1435  2004 W SearchServiceCore: Abort, client detached.
04-03 11:42:13.504  5740  5740 D IdlingResourceRegistry: All idling resources are idle.
04-03 11:42:13.504  5740  5740 D IdlingResourceRegistry: All idling resources are idle.
04-03 11:42:13.506  5740  5740 I ViewInteraction: Performing 'single click' action on view with id is <com.example.lunchtray:id/start_order_btn>
04-03 11:42:13.522  5740  5740 D IdlingResourceRegistry: All idling resources are idle.
04-03 11:42:13.548  5740  5740 I chatty  : uid=10173(com.example.lunchtray) identical 10 lines
04-03 11:42:13.548  5740  5740 D IdlingResourceRegistry: All idling resources are idle.
04-03 11:42:13.551   515  1424 I system_server: oneway function results will be dropped but finished with status OK and parcel size 4
04-03 11:42:13.589  5740  5740 D IdlingResourceRegistry: All idling resources are idle.
04-03 11:42:13.589  5740  5740 D IdlingResourceRegistry: All idling resources are idle.
04-03 11:42:13.682   515   843 I system_server: oneway function results will be dropped but finished with status OK and parcel size 4
04-03 11:42:13.742  5740  5740 D IdlingResourceRegistry: All idling resources are idle.
04-03 11:42:13.807  5740  5740 I chatty  : uid=10173(com.example.lunchtray) identical 4 lines
04-03 11:42:13.807  5740  5740 D IdlingResourceRegistry: All idling resources are idle.
04-03 11:42:13.807  5740  5740 I ViewInteraction: Performing 'single click' action on view with id is <com.example.lunchtray:id/cauliflower>
04-03 11:42:13.809  5740  5740 D IdlingResourceRegistry: All idling resources are idle.
04-03 11:42:13.848  5740  5740 I chatty  : uid=10173(com.example.lunchtray) identical 10 lines
04-03 11:42:13.848  5740  5740 D IdlingResourceRegistry: All idling resources are idle.
04-03 11:42:13.858   515  1430 I system_server: oneway function results will be dropped but finished with status OK and parcel size 4
04-03 11:42:13.888  5740  5740 D IdlingResourceRegistry: All idling resources are idle.
04-03 11:42:13.889  5740  5740 D IdlingResourceRegistry: All idling resources are idle.
04-03 11:42:13.993   515  1430 I system_server: oneway function results will be dropped but finished with status OK and parcel size 4
04-03 11:42:14.040  5740  5740 D IdlingResourceRegistry: All idling resources are idle.
04-03 11:42:14.104  5740  5740 I chatty  : uid=10173(com.example.lunchtray) identical 4 lines
04-03 11:42:14.104  5740  5740 D IdlingResourceRegistry: All idling resources are idle.
04-03 11:42:14.105  5740  5740 I ViewInteraction: Performing 'single click' action on view with id is <com.example.lunchtray:id/next_button>
04-03 11:42:14.107  5740  5740 D IdlingResourceRegistry: All idling resources are idle.
04-03 11:42:14.146  5740  5740 I chatty  : uid=10173(com.example.lunchtray) identical 10 lines
04-03 11:42:14.147  5740  5740 D IdlingResourceRegistry: All idling resources are idle.
04-03 11:42:14.158   515  1430 I system_server: oneway function results will be dropped but finished with status OK and parcel size 4
04-03 11:42:14.188  5740  5740 D IdlingResourceRegistry: All idling resources are idle.
04-03 11:42:14.188  5740  5740 D IdlingResourceRegistry: All idling resources are idle.
04-03 11:42:14.280   515  1430 I system_server: oneway function results will be dropped but finished with status OK and parcel size 4
04-03 11:42:14.339  5740  5740 D IdlingResourceRegistry: All idling resources are idle.
04-03 11:42:14.404  5740  5740 I chatty  : uid=10173(com.example.lunchtray) identical 4 lines
04-03 11:42:14.404  5740  5740 D IdlingResourceRegistry: All idling resources are idle.
04-03 11:42:14.405  5740  5740 I ViewInteraction: Performing 'single click' action on view with id is <com.example.lunchtray:id/salad>
04-03 11:42:14.407  5740  5740 D IdlingResourceRegistry: All idling resources are idle.
04-03 11:42:14.445  5740  5740 I chatty  : uid=10173(com.example.lunchtray) identical 10 lines
04-03 11:42:14.446  5740  5740 D IdlingResourceRegistry: All idling resources are idle.
04-03 11:42:14.457   515  1424 I system_server: oneway function results will be dropped but finished with status OK and parcel size 4
04-03 11:42:14.488  5740  5740 D IdlingResourceRegistry: All idling resources are idle.
04-03 11:42:14.488  5740  5740 D IdlingResourceRegistry: All idling resources are idle.
04-03 11:42:14.590   515  1430 I system_server: oneway function results will be dropped but finished with status OK and parcel size 4
04-03 11:42:14.640  5740  5740 D IdlingResourceRegistry: All idling resources are idle.
04-03 11:42:14.706  5740  5740 I chatty  : uid=10173(com.example.lunchtray) identical 4 lines
04-03 11:42:14.706  5740  5740 D IdlingResourceRegistry: All idling resources are idle.
04-03 11:42:14.706  5740  5740 I ViewInteraction: Performing 'single click' action on view with id is <com.example.lunchtray:id/next_button>
04-03 11:42:14.709  5740  5740 D IdlingResourceRegistry: All idling resources are idle.
04-03 11:42:14.747  5740  5740 I chatty  : uid=10173(com.example.lunchtray) identical 10 lines
04-03 11:42:14.747  5740  5740 D IdlingResourceRegistry: All idling resources are idle.
04-03 11:42:14.766   515  1424 I system_server: oneway function results will be dropped but finished with status OK and parcel size 4
04-03 11:42:14.788  5740  5740 D IdlingResourceRegistry: All idling resources are idle.
04-03 11:42:14.788  5740  5740 D IdlingResourceRegistry: All idling resources are idle.
04-03 11:42:14.900   515  1430 I system_server: oneway function results will be dropped but finished with status OK and parcel size 4
04-03 11:42:14.939  5740  5740 D IdlingResourceRegistry: All idling resources are idle.
04-03 11:42:15.005  5740  5740 I chatty  : uid=10173(com.example.lunchtray) identical 4 lines
04-03 11:42:15.005  5740  5740 D IdlingResourceRegistry: All idling resources are idle.
04-03 11:42:15.006  5740  5740 I ViewInteraction: Performing 'single click' action on view with id is <com.example.lunchtray:id/bread>
04-03 11:42:15.009  5740  5740 D IdlingResourceRegistry: All idling resources are idle.
04-03 11:42:15.047  5740  5740 I chatty  : uid=10173(com.example.lunchtray) identical 10 lines
04-03 11:42:15.047  5740  5740 D IdlingResourceRegistry: All idling resources are idle.
04-03 11:42:15.057   515  1430 I system_server: oneway function results will be dropped but finished with status OK and parcel size 4
04-03 11:42:15.088  5740  5740 D IdlingResourceRegistry: All idling resources are idle.
04-03 11:42:15.088  5740  5740 D IdlingResourceRegistry: All idling resources are idle.
04-03 11:42:15.187   515   843 I system_server: oneway function results will be dropped but finished with status OK and parcel size 4
04-03 11:42:15.217   288   288 D Zygote  : Forked child process 6268
04-03 11:42:15.224  6268  6268 W s.youtube.musi: Unexpected CPU variant for X86 using defaults: x86
04-03 11:42:15.226  6268  6268 E s.youtube.musi: Not starting debugger since process cannot load the jdwp agent.
04-03 11:42:15.235  6268  6268 D ApplicationLoaders: Returning zygote-cached class loader: /system/framework/android.test.base.jar
04-03 11:42:15.239  5740  5740 D IdlingResourceRegistry: All idling resources are idle.
04-03 11:42:15.239  5740  5740 D IdlingResourceRegistry: All idling resources are idle.
04-03 11:42:15.239  6268  6268 I s.youtube.musi: The ClassLoaderContext is a special shared library.
04-03 11:42:15.241  6268  6268 I s.youtube.musi: The ClassLoaderContext is a special shared library.
04-03 11:42:15.242  6268  6268 D nativeloader: classloader namespace configured for unbundled product apk. library_path=/product/app/YouTubeMusicPrebuilt/lib/x86:/product/app/YouTubeMusicPrebuilt/YouTubeMusicPrebuilt.apk!/lib/x86:/product/lib:/system/product/lib
04-03 11:42:15.248  6268  6268 D NetworkSecurityConfig: Using Network Security Config from resource network_security_config debugBuild: false
