04-03 11:42:00.526  5740  5762 I TestRunner: started: order_reset_after_cancel_from_accompaniment_menu(com.example.lunchtray.OrderFunctionalityTests)
04-03 11:42:00.528  5825  5825 D BoundBrokerSvc: onBind: Intent { act=android.net.action.RECOMMEND_NETWORKS cmp=com.google.android.gms/.chimera.PersistentBoundBrokerService }
04-03 11:42:00.528  5825  5825 D BoundBrokerSvc: Loading bound service for intent: Intent { act=android.net.action.RECOMMEND_NETWORKS cmp=com.google.android.gms/.chimera.PersistentBoundBrokerService }
04-03 11:42:00.530  5740  5762 W Settings: Setting always_finish_activities has moved from android.provider.Settings.System to android.provider.Settings.Global, returning read-only value.
04-03 11:42:00.531  5825  5825 I ChimeraSrvcProxy: com.google.android.gms.chimera.PersistentBoundBrokerService returning NullBinder for action android.net.action.RECOMMEND_NETWORKS
04-03 11:42:00.534  5825  5825 D BoundBrokerSvc: onBind: Intent { act=com.google.android.gms.icing.LIGHTWEIGHT_INDEX_SERVICE dat=chimera-action:com.google.android.gms.icing.LIGHTWEIGHT_INDEX_SERVICE cmp=com.google.android.gms/.chimera.PersistentApiService }
04-03 11:42:00.534  5825  5825 D BoundBrokerSvc: Loading bound service for intent: Intent { act=com.google.android.gms.icing.LIGHTWEIGHT_INDEX_SERVICE dat=chimera-action:com.google.android.gms.icing.LIGHTWEIGHT_INDEX_SERVICE cmp=com.google.android.gms/.chimera.PersistentApiService }
04-03 11:42:00.535   515   535 D EventSequenceValidator: inc AccIntentStartedEvents to 2
04-03 11:42:00.541   515  1430 W InputReader: Device virtio_input_multi_touch_9 is associated with display ADISPLAY_ID_NONE.
04-03 11:42:00.541   515  1430 W InputReader: Device virtio_input_multi_touch_7 is associated with display ADISPLAY_ID_NONE.
04-03 11:42:00.541   515  1430 W InputReader: Device virtio_input_multi_touch_10 is associated with display ADISPLAY_ID_NONE.
04-03 11:42:00.541   515  1430 W InputReader: Device virtio_input_multi_touch_4 is associated with display ADISPLAY_ID_NONE.
04-03 11:42:00.541   515  1430 W InputReader: Device virtio_input_multi_touch_11 is associated with display ADISPLAY_ID_NONE.
04-03 11:42:00.541   515  1430 W InputReader: Device virtio_input_multi_touch_5 is associated with display ADISPLAY_ID_NONE.
04-03 11:42:00.541   515  1430 W InputReader: Device virtio_input_multi_touch_2 is associated with display ADISPLAY_ID_NONE.
04-03 11:42:00.541   515  1430 W InputReader: Device virtio_input_multi_touch_6 is associated with display ADISPLAY_ID_NONE.
04-03 11:42:00.541   515  1430 W InputReader: Device virtio_input_multi_touch_3 is associated with display ADISPLAY_ID_NONE.
04-03 11:42:00.541   515  1430 W InputReader: Device virtio_input_multi_touch_8 is associated with display ADISPLAY_ID_NONE.
04-03 11:42:00.541   515  1430 W InputReader: Device virtio_input_multi_touch_9 is associated with display ADISPLAY_ID_NONE.
04-03 11:42:00.541   515  1430 W InputReader: Device virtio_input_multi_touch_7 is associated with display ADISPLAY_ID_NONE.
04-03 11:42:00.541   515  1430 W InputReader: Device virtio_input_multi_touch_10 is associated with display ADISPLAY_ID_NONE.
04-03 11:42:00.541   515  1430 W InputReader: Device virtio_input_multi_touch_4 is associated with display ADISPLAY_ID_NONE.
04-03 11:42:00.541   515  1430 W InputReader: Device virtio_input_multi_touch_11 is associated with display ADISPLAY_ID_NONE.
04-03 11:42:00.541   515  1430 W InputReader: Device virtio_input_multi_touch_5 is associated with display ADISPLAY_ID_NONE.
04-03 11:42:00.541   515  1430 W InputReader: Device virtio_input_multi_touch_2 is associated with display ADISPLAY_ID_NONE.
04-03 11:42:00.541   515  1430 W InputReader: Device virtio_input_multi_touch_6 is associated with display ADISPLAY_ID_NONE.
04-03 11:42:00.541   515  1430 W InputReader: Device virtio_input_multi_touch_3 is associated with display ADISPLAY_ID_NONE.
04-03 11:42:00.541   515  1430 W InputReader: Device virtio_input_multi_touch_8 is associated with display ADISPLAY_ID_NONE.
04-03 11:42:00.548  5740  5740 D LifecycleMonitor: Lifecycle status change: androidx.test.core.app.InstrumentationActivityInvoker$BootstrapActivity@7d6a062 in: PRE_ON_CREATE
04-03 11:42:00.548  5740  5740 D LifecycleMonitor: running callback: androidx.test.core.app.ActivityScenario$1@90c55f3
04-03 11:42:00.549  5740  5740 V ActivityScenario: Activity lifecycle changed event received but ignored because the intent does not match. startActivityIntent=Intent { act=android.intent.action.MAIN cat=[android.intent.category.LAUNCHER] cmp=com.example.lunchtray/.MainActivity }, activity.getIntent()=Intent { act=android.intent.action.MAIN cat=[android.intent.category.LAUNCHER] flg=0x10008000 cmp=com.example.lunchtray/androidx.test.core.app.InstrumentationActivityInvoker$BootstrapActivity (has extras) }, activity=androidx.test.core.app.InstrumentationActivityInvoker$BootstrapActivity@7d6a062
04-03 11:42:00.549  5740  5740 D LifecycleMonitor: callback completes: androidx.test.core.app.ActivityScenario$1@90c55f3
04-03 11:42:00.554  5740  5740 D LifecycleMonitor: Lifecycle status change: androidx.test.core.app.InstrumentationActivityInvoker$BootstrapActivity@7d6a062 in: CREATED
04-03 11:42:00.554  5740  5740 D LifecycleMonitor: running callback: androidx.test.core.app.ActivityScenario$1@90c55f3
04-03 11:42:00.554  5740  5740 V ActivityScenario: Activity lifecycle changed event received but ignored because the intent does not match. startActivityIntent=Intent { act=android.intent.action.MAIN cat=[android.intent.category.LAUNCHER] cmp=com.example.lunchtray/.MainActivity }, activity.getIntent()=Intent { act=android.intent.action.MAIN cat=[android.intent.category.LAUNCHER] flg=0x10008000 cmp=com.example.lunchtray/androidx.test.core.app.InstrumentationActivityInvoker$BootstrapActivity (has extras) }, activity=androidx.test.core.app.InstrumentationActivityInvoker$BootstrapActivity@7d6a062
04-03 11:42:00.554  5740  5740 D LifecycleMonitor: callback completes: androidx.test.core.app.ActivityScenario$1@90c55f3
04-03 11:42:00.556  5740  5740 D LifecycleMonitor: Lifecycle status change: androidx.test.core.app.InstrumentationActivityInvoker$BootstrapActivity@7d6a062 in: STARTED
04-03 11:42:00.556  5740  5740 D LifecycleMonitor: running callback: androidx.test.core.app.ActivityScenario$1@90c55f3
04-03 11:42:00.556  5740  5740 V ActivityScenario: Activity lifecycle changed event received but ignored because the intent does not match. startActivityIntent=Intent { act=android.intent.action.MAIN cat=[android.intent.category.LAUNCHER] cmp=com.example.lunchtray/.MainActivity }, activity.getIntent()=Intent { act=android.intent.action.MAIN cat=[android.intent.category.LAUNCHER] flg=0x10008000 cmp=com.example.lunchtray/androidx.test.core.app.InstrumentationActivityInvoker$BootstrapActivity (has extras) }, activity=androidx.test.core.app.InstrumentationActivityInvoker$BootstrapActivity@7d6a062
04-03 11:42:00.556  5740  5740 D LifecycleMonitor: callback completes: androidx.test.core.app.ActivityScenario$1@90c55f3
04-03 11:42:00.560   307   307 D goldfish-address-space: claimShared: Ask to claim region [0x3f94a0000 0x3f9c89000]
04-03 11:42:00.562  5825  5825 D BoundBrokerSvc: onBind: Intent { act=com.google.android.gms.pseudonymous.service.START pkg=com.google.android.gms }
04-03 11:42:00.562  5825  5825 D BoundBrokerSvc: Loading bound service for intent: Intent { act=com.google.android.gms.pseudonymous.service.START pkg=com.google.android.gms }
04-03 11:42:00.565  5740  5740 D LifecycleMonitor: Lifecycle status change: androidx.test.core.app.InstrumentationActivityInvoker$BootstrapActivity@7d6a062 in: RESUMED
04-03 11:42:00.565  5740  5740 D LifecycleMonitor: running callback: androidx.test.core.app.ActivityScenario$1@90c55f3
04-03 11:42:00.565  5740  5740 V ActivityScenario: Activity lifecycle changed event received but ignored because the intent does not match. startActivityIntent=Intent { act=android.intent.action.MAIN cat=[android.intent.category.LAUNCHER] cmp=com.example.lunchtray/.MainActivity }, activity.getIntent()=Intent { act=android.intent.action.MAIN cat=[android.intent.category.LAUNCHER] flg=0x10008000 cmp=com.example.lunchtray/androidx.test.core.app.InstrumentationActivityInvoker$BootstrapActivity (has extras) }, activity=androidx.test.core.app.InstrumentationActivityInvoker$BootstrapActivity@7d6a062
04-03 11:42:00.565  5740  5740 D LifecycleMonitor: callback completes: androidx.test.core.app.ActivityScenario$1@90c55f3
04-03 11:42:00.566  5740  5740 D LifecycleMonitor: Lifecycle status change: androidx.test.core.app.InstrumentationActivityInvoker$BootstrapActivity@7d6a062 in: PAUSED
04-03 11:42:00.566  5740  5740 D LifecycleMonitor: running callback: androidx.test.core.app.ActivityScenario$1@90c55f3
04-03 11:42:00.567  5740  5740 V ActivityScenario: Activity lifecycle changed event received but ignored because the intent does not match. startActivityIntent=Intent { act=android.intent.action.MAIN cat=[android.intent.category.LAUNCHER] cmp=com.example.lunchtray/.MainActivity }, activity.getIntent()=Intent { act=android.intent.action.MAIN cat=[android.intent.category.LAUNCHER] flg=0x10008000 cmp=com.example.lunchtray/androidx.test.core.app.InstrumentationActivityInvoker$BootstrapActivity (has extras) }, activity=androidx.test.core.app.InstrumentationActivityInvoker$BootstrapActivity@7d6a062
04-03 11:42:00.567  5740  5740 D LifecycleMonitor: callback completes: androidx.test.core.app.ActivityScenario$1@90c55f3
04-03 11:42:00.567   515  1430 W InputReader: Device virtio_input_multi_touch_9 is associated with display ADISPLAY_ID_NONE.
04-03 11:42:00.567   515  1430 W InputReader: Device virtio_input_multi_touch_7 is associated with display ADISPLAY_ID_NONE.
04-03 11:42:00.567   515  1430 W InputReader: Device virtio_input_multi_touch_10 is associated with display ADISPLAY_ID_NONE.
04-03 11:42:00.567   515  1430 W InputReader: Device virtio_input_multi_touch_4 is associated with display ADISPLAY_ID_NONE.
04-03 11:42:00.567   515  1430 W InputReader: Device virtio_input_multi_touch_11 is associated with display ADISPLAY_ID_NONE.
04-03 11:42:00.567   515  1430 W InputReader: Device virtio_input_multi_touch_5 is associated with display ADISPLAY_ID_NONE.
04-03 11:42:00.567   515  1430 W InputReader: Device virtio_input_multi_touch_2 is associated with display ADISPLAY_ID_NONE.
04-03 11:42:00.567   515  1430 W InputReader: Device virtio_input_multi_touch_6 is associated with display ADISPLAY_ID_NONE.
04-03 11:42:00.568   515  1430 W InputReader: Device virtio_input_multi_touch_3 is associated with display ADISPLAY_ID_NONE.
04-03 11:42:00.568   515  1430 W InputReader: Device virtio_input_multi_touch_8 is associated with display ADISPLAY_ID_NONE.
04-03 11:42:00.568   515  1430 W InputReader: Device virtio_input_multi_touch_9 is associated with display ADISPLAY_ID_NONE.
04-03 11:42:00.568   515  1430 W InputReader: Device virtio_input_multi_touch_7 is associated with display ADISPLAY_ID_NONE.
04-03 11:42:00.568   515  1430 W InputReader: Device virtio_input_multi_touch_10 is associated with display ADISPLAY_ID_NONE.
04-03 11:42:00.568   515  1430 W InputReader: Device virtio_input_multi_touch_4 is associated with display ADISPLAY_ID_NONE.
04-03 11:42:00.568   515  1430 W InputReader: Device virtio_input_multi_touch_11 is associated with display ADISPLAY_ID_NONE.
04-03 11:42:00.568   515  1430 W InputReader: Device virtio_input_multi_touch_5 is associated with display ADISPLAY_ID_NONE.
04-03 11:42:00.568   515  1430 W InputReader: Device virtio_input_multi_touch_2 is associated with display ADISPLAY_ID_NONE.
04-03 11:42:00.568   515  1430 W InputReader: Device virtio_input_multi_touch_6 is associated with display ADISPLAY_ID_NONE.
04-03 11:42:00.568   515  1430 W InputReader: Device virtio_input_multi_touch_3 is associated with display ADISPLAY_ID_NONE.
04-03 11:42:00.568   515  1430 W InputReader: Device virtio_input_multi_touch_8 is associated with display ADISPLAY_ID_NONE.
04-03 11:42:00.570  5825  5825 D BoundBrokerSvc: onBind: Intent { act=com.google.android.gms.phenotype.service.START dat=chimera-action:com.google.android.gms.phenotype.service.START cmp=com.google.android.gms/.chimera.PersistentApiService }
04-03 11:42:00.574  5825  5825 D BoundBrokerSvc: Loading bound service for intent: Intent { act=com.google.android.gms.phenotype.service.START dat=chimera-action:com.google.android.gms.phenotype.service.START cmp=com.google.android.gms/.chimera.PersistentApiService }
04-03 11:42:00.578  5825  5825 D BoundBrokerSvc: onBind: Intent { act=com.google.android.contextmanager.service.ContextManagerService.START pkg=com.google.android.gms }
04-03 11:42:00.578  5825  5825 D BoundBrokerSvc: Loading bound service for intent: Intent { act=com.google.android.contextmanager.service.ContextManagerService.START pkg=com.google.android.gms }
04-03 11:42:00.594  5740  5740 D LifecycleMonitor: Lifecycle status change: com.example.lunchtray.MainActivity@3f6a1e3 in: PRE_ON_CREATE
04-03 11:42:00.594  5740  5740 D LifecycleMonitor: running callback: androidx.test.core.app.ActivityScenario$1@90c55f3
04-03 11:42:00.594  5740  5740 V ActivityScenario: Activity lifecycle changed event received but ignored because the reported transition was not ON_CREATE while the last known transition was PRE_ON_CREATE
04-03 11:42:00.594  5740  5740 D LifecycleMonitor: callback completes: androidx.test.core.app.ActivityScenario$1@90c55f3
04-03 11:42:00.625   307   307 D goldfish-address-space: claimShared: Ask to claim region [0x3f9c89000 0x3fa472000]
04-03 11:42:00.647  5825  5825 D BoundBrokerSvc: onBind: Intent { act=com.google.android.gms.nearby.exposurenotification.START dat=chimera-action:com.google.android.gms.nearby.exposurenotification.START cmp=com.google.android.gms/.chimera.PersistentApiService }
04-03 11:42:00.647  5825  5825 D BoundBrokerSvc: Loading bound service for intent: Intent { act=com.google.android.gms.nearby.exposurenotification.START dat=chimera-action:com.google.android.gms.nearby.exposurenotification.START cmp=com.google.android.gms/.chimera.PersistentApiService }
04-03 11:42:00.693  5740  5740 W ample.lunchtra: Accessing hidden method Landroid/view/View;->computeFitSystemWindows(Landroid/graphics/Rect;Landroid/graphics/Rect;)Z (greylist, reflection, allowed)
04-03 11:42:00.693  5740  5740 W ample.lunchtra: Accessing hidden method Landroid/view/ViewGroup;->makeOptionalFitsSystemWindows()V (greylist, reflection, allowed)
04-03 11:42:00.700  5825  5825 D BoundBrokerSvc: onBind: Intent { act=com.google.android.gms.scheduler.ACTION_PROXY_SCHEDULE dat=chimera-action:com.google.android.gms.scheduler.ACTION_PROXY_SCHEDULE cmp=com.google.android.gms/.chimera.PersistentApiService }
04-03 11:42:00.700  5825  5825 D BoundBrokerSvc: Loading bound service for intent: Intent { act=com.google.android.gms.scheduler.ACTION_PROXY_SCHEDULE dat=chimera-action:com.google.android.gms.scheduler.ACTION_PROXY_SCHEDULE cmp=com.google.android.gms/.chimera.PersistentApiService }
04-03 11:42:00.703  5825  5825 D BoundBrokerSvc: onBind: Intent { act=com.google.android.gms.phenotype.service.START pkg=com.google.android.gms }
04-03 11:42:00.703  5825  5825 D BoundBrokerSvc: Loading bound service for intent: Intent { act=com.google.android.gms.phenotype.service.START pkg=com.google.android.gms }
04-03 11:42:00.706  5825  5825 D BoundBrokerSvc: onBind: Intent { act=com.google.android.gms.herrevad.services.LightweightNetworkQualityAndroidService.START pkg=com.google.android.gms }
04-03 11:42:00.706  5825  5825 D BoundBrokerSvc: Loading bound service for intent: Intent { act=com.google.android.gms.herrevad.services.LightweightNetworkQualityAndroidService.START pkg=com.google.android.gms }
04-03 11:42:00.708  5740  5740 D LifecycleMonitor: Lifecycle status change: com.example.lunchtray.MainActivity@3f6a1e3 in: CREATED
04-03 11:42:00.708  5740  5740 D LifecycleMonitor: running callback: androidx.test.core.app.ActivityScenario$1@90c55f3
04-03 11:42:00.708  5740  5740 V ActivityScenario: Update currentActivityStage to CREATED, currentActivity=com.example.lunchtray.MainActivity@3f6a1e3
04-03 11:42:00.708  5740  5740 D LifecycleMonitor: callback completes: androidx.test.core.app.ActivityScenario$1@90c55f3
04-03 11:42:00.713  5825  5825 I Herrevad: [2] ahpi.a: updateListenState
04-03 11:42:00.738  5740  5740 D LifecycleMonitor: Lifecycle status change: com.example.lunchtray.MainActivity@3f6a1e3 in: STARTED
04-03 11:42:00.738  5740  5740 D LifecycleMonitor: running callback: androidx.test.core.app.ActivityScenario$1@90c55f3
04-03 11:42:00.738  5740  5740 V ActivityScenario: Update currentActivityStage to STARTED, currentActivity=com.example.lunchtray.MainActivity@3f6a1e3
04-03 11:42:00.738  5740  5740 D LifecycleMonitor: callback completes: androidx.test.core.app.ActivityScenario$1@90c55f3
04-03 11:42:00.740  5740  5740 D LifecycleMonitor: Lifecycle status change: com.example.lunchtray.MainActivity@3f6a1e3 in: RESUMED
04-03 11:42:00.740  5740  5740 D LifecycleMonitor: running callback: androidx.test.core.app.ActivityScenario$1@90c55f3
04-03 11:42:00.740  5740  5740 V ActivityScenario: Update currentActivityStage to RESUMED, currentActivity=com.example.lunchtray.MainActivity@3f6a1e3
04-03 11:42:00.740  5740  5740 D LifecycleMonitor: callback completes: androidx.test.core.app.ActivityScenario$1@90c55f3
04-03 11:42:00.750  5740  5740 D IdlingResourceRegistry: All idling resources are idle.
04-03 11:42:00.765  5825  5870 W ChimeraUtils: Module com.google.android.gms.nearby_en has empty metadata display_name_string_id
04-03 11:42:00.765   307   307 D goldfish-address-space: claimShared: Ask to claim region [0x3fa747000 0x3faf30000]
04-03 11:42:00.768  1435  2343 W TimedProcessReaper: Scheduling killing of process to refresh configuration
04-03 11:42:00.773  5825  5870 W ChimeraUtils: Module com.google.android.gms.nearby_en has empty metadata display_name_string_id
04-03 11:42:00.775   307   307 D goldfish-address-space: claimShared: Ask to claim region [0x3fef76000 0x3ff75f000]
04-03 11:42:00.778   307   349 D goldfish-address-space: claimShared: Ask to claim region [0x3ff75f000 0x3fff48000]
04-03 11:42:00.784  5825  5870 W ChimeraUtils: Module com.google.android.gms.nearby_en has empty metadata display_name_string_id
04-03 11:42:00.787  5202  5202 I PhenotypeBackgroundRecv: Skipping com.google.android.libraries.search.googleapp.device#com.google.android.googlequicksearchbox which doesn't use ProcessStable flags.
04-03 11:42:00.798   515   542 D ArtManagerInternalImpl: /data/misc/iorapd/com.example.lunchtray/1/com.example.lunchtray.MainActivity/compiled_traces/compiled_trace.pb doesn't exist
04-03 11:42:00.799   515   542 I ActivityTaskManager: Displayed com.example.lunchtray/.MainActivity: +263ms
04-03 11:42:00.799   515   535 D EventSequenceValidator: dec AccIntentStartedEvents to 1
04-03 11:42:00.801  1435  1435 I A       : Refusing EXCLUSIVE task 21, it is already pending. Try again in 359 seconds.
04-03 11:42:00.812  5202  5202 I PhenotypeBackgroundRecv: Skipping com.google.android.gms.icing.mdd#com.google.android.googlequicksearchbox which doesn't use ProcessStable flags.
04-03 11:42:00.818  1435  1435 I A       : Refusing EXCLUSIVE task 21, it is already pending. Try again in 359 seconds.
04-03 11:42:00.824  5740  5740 D IdlingResourceRegistry: All idling resources are idle.
04-03 11:42:00.825  5740  5740 I ViewInteraction: Performing 'single click' action on view with id is <com.example.lunchtray:id/start_order_btn>
04-03 11:42:00.832  5740  5740 D LifecycleMonitor: Lifecycle status change: androidx.test.core.app.InstrumentationActivityInvoker$BootstrapActivity@7d6a062 in: STOPPED
04-03 11:42:00.832  5740  5740 D LifecycleMonitor: running callback: androidx.test.core.app.ActivityScenario$1@90c55f3
04-03 11:42:00.832  5740  5740 V ActivityScenario: Activity lifecycle changed event received but ignored because the intent does not match. startActivityIntent=Intent { act=android.intent.action.MAIN cat=[android.intent.category.LAUNCHER] cmp=com.example.lunchtray/.MainActivity }, activity.getIntent()=Intent { act=android.intent.action.MAIN cat=[android.intent.category.LAUNCHER] flg=0x10008000 cmp=com.example.lunchtray/androidx.test.core.app.InstrumentationActivityInvoker$BootstrapActivity (has extras) }, activity=androidx.test.core.app.InstrumentationActivityInvoker$BootstrapActivity@7d6a062
04-03 11:42:00.832  5740  5740 D LifecycleMonitor: callback completes: androidx.test.core.app.ActivityScenario$1@90c55f3
04-03 11:42:00.836  5825  5825 W SystemServiceRegistry: No service published for: contexthub
04-03 11:42:00.844  1435  2598 I PBSessionCacheImpl: Deleted sessionId[6312845729506927] from persistence.
04-03 11:42:00.845  5740  5740 D IdlingResourceRegistry: All idling resources are idle.
04-03 11:42:00.861  5740  5740 I chatty  : uid=10173(com.example.lunchtray) identical 4 lines
04-03 11:42:00.861  5740  5740 D IdlingResourceRegistry: All idling resources are idle.
04-03 11:42:00.862  1435  2004 W SearchServiceCore: Abort, client detached.
04-03 11:42:00.863  1435  2004 I chatty  : uid=10109(com.google.android.googlequicksearchbox) EventBus0 identical 3 lines
04-03 11:42:00.863  1435  2004 W SearchServiceCore: Abort, client detached.
04-03 11:42:00.865  5740  5740 D IdlingResourceRegistry: All idling resources are idle.
04-03 11:42:00.865  5740  5740 D IdlingResourceRegistry: All idling resources are idle.
04-03 11:42:00.892   515  2915 I system_server: oneway function results will be dropped but finished with status OK and parcel size 4
04-03 11:42:00.958  5740  5740 D IdlingResourceRegistry: All idling resources are idle.
04-03 11:42:00.958  5740  5740 D IdlingResourceRegistry: All idling resources are idle.
04-03 11:42:00.961  5421  5459 W GoogleHttpServiceClient: Timeout on service connection
04-03 11:42:00.961  5421  5459 W GoogleHttpServiceClient: java.lang.Throwable
04-03 11:42:00.961  5421  5459 W GoogleHttpServiceClient: 	at ahrw.a(:com.google.android.gms@220618040@22.06.18 (150700-433619428):3)
04-03 11:42:00.961  5421  5459 W GoogleHttpServiceClient: 	at ahrx.c(:com.google.android.gms@220618040@22.06.18 (150700-433619428):3)
04-03 11:42:00.961  5421  5459 W GoogleHttpServiceClient: 	at ahro.e(:com.google.android.gms@220618040@22.06.18 (150700-433619428):1)
04-03 11:42:00.961  5421  5459 W GoogleHttpServiceClient: 	at ahrt.a(:com.google.android.gms@220618040@22.06.18 (150700-433619428):0)
04-03 11:42:00.961  5421  5459 W GoogleHttpServiceClient: 	at ahro.b(:com.google.android.gms@220618040@22.06.18 (150700-433619428):5)
04-03 11:42:00.961  5421  5459 W GoogleHttpServiceClient: 	at ahro.execute(:com.google.android.gms@220618040@22.06.18 (150700-433619428):8)
04-03 11:42:00.961  5421  5459 W GoogleHttpServiceClient: 	at ahro.execute(:com.google.android.gms@220618040@22.06.18 (150700-433619428):7)
04-03 11:42:00.961  5421  5459 W GoogleHttpServiceClient: 	at com.android.volley.toolbox.HttpClientStack.performRequest(:com.google.android.gms@220618040@22.06.18 (150700-433619428):19)
04-03 11:42:00.961  5421  5459 W GoogleHttpServiceClient: 	at vuf.performRequest(:com.google.android.gms@220618040@22.06.18 (150700-433619428):1)
04-03 11:42:00.961  5421  5459 W GoogleHttpServiceClient: 	at cod.executeRequest(:com.google.android.gms@220618040@22.06.18 (150700-433619428):1)
04-03 11:42:00.961  5421  5459 W GoogleHttpServiceClient: 	at com.android.volley.toolbox.BasicNetwork.performRequest(:com.google.android.gms@220618040@22.06.18 (150700-433619428):3)
04-03 11:42:00.961  5421  5459 W GoogleHttpServiceClient: 	at vug.performRequest(:com.google.android.gms@220618040@22.06.18 (150700-433619428):16)
04-03 11:42:00.961  5421  5459 W GoogleHttpServiceClient: 	at com.android.volley.NetworkDispatcher.processRequest(:com.google.android.gms@220618040@22.06.18 (150700-433619428):5)
04-03 11:42:00.961  5421  5459 W GoogleHttpServiceClient: 	at com.android.volley.GmsAbstractNetworkDispatcher.processRequest(:com.google.android.gms@220618040@22.06.18 (150700-433619428):0)
04-03 11:42:00.961  5421  5459 W GoogleHttpServiceClient: 	at aljg.a(:com.google.android.gms@220618040@22.06.18 (150700-433619428):0)
04-03 11:42:00.961  5421  5459 W GoogleHttpServiceClient: 	at aljm.run(:com.google.android.gms@220618040@22.06.18 (150700-433619428):0)
04-03 11:42:00.961  5421  5459 W GoogleHttpServiceClient: 	at wah.c(:com.google.android.gms@220618040@22.06.18 (150700-433619428):6)
04-03 11:42:00.961  5421  5459 W GoogleHttpServiceClient: 	at wah.run(:com.google.android.gms@220618040@22.06.18 (150700-433619428):7)
04-03 11:42:00.961  5421  5459 W GoogleHttpServiceClient: 	at java.util.concurrent.ThreadPoolExecutor.runWorker(ThreadPoolExecutor.java:1167)
04-03 11:42:00.961  5421  5459 W GoogleHttpServiceClient: 	at java.util.concurrent.ThreadPoolExecutor$Worker.run(ThreadPoolExecutor.java:641)
04-03 11:42:00.961  5421  5459 W GoogleHttpServiceClient: 	at wfl.run(:com.google.android.gms@220618040@22.06.18 (150700-433619428):0)
04-03 11:42:00.961  5421  5459 W GoogleHttpServiceClient: 	at java.lang.Thread.run(Thread.java:923)
04-03 11:42:00.979  2950  3098 I BuglePhenotype: Notify about updates in current package [CONTEXT current_package_name="com.google.android.ims.library" ]
04-03 11:42:00.981  3123  5400 I CarrierServices: [316] czm.b: Reinitialize CSLib Flags: com.google.android.ims.library
04-03 11:42:00.985  5202  5238 I PhenotypeBackgroundRecv: Successfully updated snapshot for com.google.android.libraries.notifications.platform#com.google.android.googlequicksearchbox
04-03 11:42:00.988  3123  5400 I CarrierServices: [316] dvk.a: Using config server URL from cqx
04-03 11:42:00.990  3123  5883 I CarrierServices: [319] eav.a: Received Provisioning Event: [Bugle information (100)]
04-03 11:42:00.991  3123  5883 I CarrierServices: [319] eav.a: JibeService is running, passing event to provisioning engine.
04-03 11:42:00.993  3123  5883 I CarrierServices: [319] dqc.a: Handling Provisioning Event: [Bugle information (100)]
04-03 11:42:00.994  3123  5883 I CarrierServices: [319] dsd.a: RcsAvailabilityManager: Calculating Rcs Availability
04-03 11:42:01.000  3123  5400 I CarrierServices: [316] dsd.a: RcsAvailabilityManager: Calculating Rcs Availability
04-03 11:42:01.002  5421  5421 D BoundBrokerSvc: onUnbind: Intent { act=com.google.android.gms.measurement.START pkg=com.google.android.gms }
04-03 11:42:01.007  3123  5883 I CarrierServices: [319] dtf.b: Bugle has minimum required RCS permissions: true
04-03 11:42:01.010  3123  5400 I CarrierServices: [316] dtf.b: Bugle has minimum required RCS permissions: true
04-03 11:42:01.020  5421  5459 I DynamiteModule: Considering local module com.google.android.gms.providerinstaller.dynamite:1 and remote module com.google.android.gms.providerinstaller.dynamite:0
04-03 11:42:01.020  5421  5459 I DynamiteModule: Selected local version of com.google.android.gms.providerinstaller.dynamite
04-03 11:42:01.022  3123  5883 I CarrierServices: [319] dtf.a: Rcs is enabled from user settings: true
04-03 11:42:01.023  3123  5400 I CarrierServices: [316] dtf.a: Rcs is enabled from user settings: true
04-03 11:42:01.023  5421  5459 W Conscrypt: Could not set socket write timeout: java.net.SocketException: Socket closed
04-03 11:42:01.024  5421  5459 W Conscrypt: 	at com.google.android.gms.org.conscrypt.Platform.setSocketWriteTimeout(:com.google.android.gms@220618040@22.06.18 (150700-433619428):2)
04-03 11:42:01.024  5421  5459 W Conscrypt: 	at com.google.android.gms.org.conscrypt.ConscryptFileDescriptorSocket.setSoWriteTimeout(:com.google.android.gms@220618040@22.06.18 (150700-433619428):0)
04-03 11:42:01.025   515  2915 I system_server: oneway function results will be dropped but finished with status OK and parcel size 4
04-03 11:42:01.026  3123  5883 I CarrierServices: [319] dtf.c: Bugle is default SMS app: true
04-03 11:42:01.027  3123  5883 I CarrierServices: [319] dvk.a: Using config server URL from cqx
04-03 11:42:01.027  2950  3094 I BugleRcsEngine: [254] aeec.connect: Connecting SignupService
04-03 11:42:01.031  3123  5883 I CarrierServices: [319] ekb.b: Checking if using CarrierServices.apk is possible. Enabled: true, isAtLeastM: true, runningInsideBugle: false
04-03 11:42:01.031  1435  2343 W TimedProcessReaper: Scheduling killing of process to refresh configuration
04-03 11:42:01.032  1435  1435 I A       : Refusing EXCLUSIVE task 21, it is already pending. Try again in 359 seconds.
04-03 11:42:01.033  2950  3094 I BugleRcsEngine: [254] aeec.connect: shouldUseCarrierServicesJibeService: true, CarrierServices rcs service found: true
04-03 11:42:01.034  5202  5202 I PhenotypeBackgroundRecv: Skipping com.google.android.apps.search.assistant.user#com.google.android.googlequicksearchbox which doesn't use ProcessStable flags.
04-03 11:42:01.034  2950  3094 I BugleRcsEngine: [254] aeec.connect: Binding to JibeService in CarrierServices.
04-03 11:42:01.038  1435  1435 I A       : Refusing EXCLUSIVE task 21, it is already pending. Try again in 359 seconds.
04-03 11:42:01.040  5202  5202 I PhenotypeBackgroundRecv: Skipping com.google.android.googlequicksearchbox which doesn't use ProcessStable flags.
04-03 11:42:01.042  3123  5883 I gle.android.im: IncrementDisableThreadFlip blocked for 10.438ms
04-03 11:42:01.043  2950  2950 I RcsClientLib: Service com.google.android.rcs.client.signup.SignupService connected. Will notify listeners: true
04-03 11:42:01.050  5825  5825 W SystemServiceRegistry: No service published for: contexthub
04-03 11:42:01.058  3123  5400 I CarrierServices: [316] dtf.c: Bugle is default SMS app: true
04-03 11:42:01.058  3123  5883 I CarrierServices: [319] chn.h: BindingManager: binding and reset P/H Flag stay same
04-03 11:42:01.058  3123  5883 I CarrierServices: [319] dsd.a: RcsAvailabilityManager: Rcs Availability still CARRIER_SETUP_PENDING (Carrier RCS is not set up)
04-03 11:42:01.062  3123  5400 I CarrierServices: [316] dvk.a: Using config server URL from cqx
04-03 11:42:01.065  5825  5825 E NanoAppLogging: Failed to begin contexthub communication
04-03 11:42:01.067  3123  5400 I CarrierServices: [316] ekb.b: Checking if using CarrierServices.apk is possible. Enabled: true, isAtLeastM: true, runningInsideBugle: false
04-03 11:42:01.068  3123  5400 I CarrierServices: [316] chn.h: BindingManager: binding and reset P/H Flag stay same
04-03 11:42:01.068  3123  5400 I CarrierServices: [316] dsd.a: RcsAvailabilityManager: Rcs Availability still CARRIER_SETUP_PENDING (Carrier RCS is not set up)
04-03 11:42:01.069  3123  5500 I CarrierServices: [317] dsd.a: RcsAvailabilityManager: Calculating Rcs Availability
04-03 11:42:01.070  5825  5825 W Settings: Setting airplane_mode_on has moved from android.provider.Settings.System to android.provider.Settings.Global, returning read-only value.
04-03 11:42:01.079  5825  5825 W ChimeraUtils: Module com.google.android.gms.nearby has empty metadata display_name_string_id
04-03 11:42:01.079  5825  5825 W ChimeraUtils: Module com.google.android.gms.nearby has empty metadata display_name_string_id
04-03 11:42:01.085  3123  5500 I CarrierServices: [317] dtf.b: Bugle has minimum required RCS permissions: true
04-03 11:42:01.095  3123  5500 I CarrierServices: [317] dtf.a: Rcs is enabled from user settings: true
04-03 11:42:01.099  5825  5825 I NearbySharing: ReceiveSurfaceService created [CONTEXT service_id=194 ]
04-03 11:42:01.099  5825  5825 I NearbySharing: ReceiveSurfaceService started [CONTEXT service_id=194 ]
04-03 11:42:01.099  3123  5500 I CarrierServices: [317] dtf.c: Bugle is default SMS app: true
04-03 11:42:01.100  3123  5500 I CarrierServices: [317] dvk.a: Using config server URL from cqx
04-03 11:42:01.100  3123  5500 I CarrierServices: [317] ekb.b: Checking if using CarrierServices.apk is possible. Enabled: true, isAtLeastM: true, runningInsideBugle: false
04-03 11:42:01.101  3123  5500 I CarrierServices: [317] chn.h: BindingManager: binding and reset P/H Flag stay same
04-03 11:42:01.101  3123  5500 I CarrierServices: [317] dsd.a: RcsAvailabilityManager: Rcs Availability still CARRIER_SETUP_PENDING (Carrier RCS is not set up)
04-03 11:42:01.101  2950  3099 I BugleRcs: RcsAvailabilityUtilForProvisioningEngineV2: updated datastore for rcs availability, simId: Redacted-20, availability: CARRIER_SETUP_PENDING
04-03 11:42:01.101  2950  3099 I BugleRcs: RcsAvailabilityUtilForProvisioningEngineV2: Get Updated RcsAvailability, RcsAvailability: CARRIER_SETUP_PENDING, SimId: Redacted-20
04-03 11:42:01.102  2950  3099 I BugleRcsEngine: [258] aeec.disconnect: Disconnecting SignupService
04-03 11:42:01.102  2950  2950 I BugleRcsEngine: [2] aeec.disconnect: Disconnecting ChatSessionService
04-03 11:42:01.102  2950  2950 W RcsClientLib: Unexpected error when trying to unbind com.google.android.ims.rcsservice.chatsession.IChatSession: Service not registered: aeed@b2adc54
04-03 11:42:01.102  2950  2950 W RcsClientLib: java.lang.IllegalArgumentException: Service not registered: aeed@b2adc54
04-03 11:42:01.102  2950  2950 W RcsClientLib: 	at android.app.LoadedApk.forgetServiceDispatcher(LoadedApk.java:1757)
04-03 11:42:01.102  2950  2950 W RcsClientLib: 	at android.app.ContextImpl.unbindService(ContextImpl.java:1874)
04-03 11:42:01.102  2950  2950 W RcsClientLib: 	at android.content.ContextWrapper.unbindService(ContextWrapper.java:792)
04-03 11:42:01.102  2950  2950 W RcsClientLib: 	at aeec.b(PG:43)
04-03 11:42:01.102  2950  2950 W RcsClientLib: 	at aeec.disconnect(PG:41)
04-03 11:42:01.102  2950  2950 W RcsClientLib: 	at koc.b(PG:36)
04-03 11:42:01.102  2950  2950 W RcsClientLib: 	at kof.a(PG:38)
04-03 11:42:01.102  2950  2950 W RcsClientLib: 	at riw.a(PG:43)
04-03 11:42:01.102  2950  2950 W RcsClientLib: 	at rif.run(Unknown Source:1)
04-03 11:42:01.102  2950  2950 W RcsClientLib: 	at afou.run(PG:3)
04-03 11:42:01.102  2950  2950 W RcsClientLib: 	at android.os.Handler.handleCallback(Handler.java:938)
04-03 11:42:01.102  2950  2950 W RcsClientLib: 	at android.os.Handler.dispatchMessage(Handler.java:99)
04-03 11:42:01.102  2950  2950 W RcsClientLib: 	at android.os.Looper.loop(Looper.java:223)
04-03 11:42:01.102  2950  2950 W RcsClientLib: 	at android.app.ActivityThread.main(ActivityThread.java:7656)
04-03 11:42:01.102  2950  2950 W RcsClientLib: 	at java.lang.reflect.Method.invoke(Native Method)
04-03 11:42:01.102  2950  2950 W RcsClientLib: 	at com.android.internal.os.RuntimeInit$MethodAndArgsCaller.run(RuntimeInit.java:592)
04-03 11:42:01.102  2950  2950 W RcsClientLib: 	at com.android.internal.os.ZygoteInit.main(ZygoteInit.java:947)
04-03 11:42:01.104  2950  2950 I BugleRcsEngine: [2] aeec.disconnect: Disconnecting EventService
04-03 11:42:01.104  2950  2950 W RcsClientLib: Unexpected error when trying to unbind com.google.android.ims.rcsservice.events.IEvent: Service not registered: aeed@b239f43
04-03 11:42:01.104  2950  2950 W RcsClientLib: java.lang.IllegalArgumentException: Service not registered: aeed@b239f43
04-03 11:42:01.104  2950  2950 W RcsClientLib: 	at android.app.LoadedApk.forgetServiceDispatcher(LoadedApk.java:1757)
04-03 11:42:01.104  2950  2950 W RcsClientLib: 	at android.app.ContextImpl.unbindService(ContextImpl.java:1874)
04-03 11:42:01.104  2950  2950 W RcsClientLib: 	at android.content.ContextWrapper.unbindService(ContextWrapper.java:792)
04-03 11:42:01.104  2950  2950 W RcsClientLib: 	at aeec.b(PG:43)
04-03 11:42:01.104  2950  2950 W RcsClientLib: 	at aeec.disconnect(PG:41)
04-03 11:42:01.104  2950  2950 W RcsClientLib: 	at com.google.android.rcs.client.events.EventService.disconnect(PG:7)
04-03 11:42:01.104  2950  2950 W RcsClientLib: 	at koc.b(PG:37)
04-03 11:42:01.104  2950  2950 W RcsClientLib: 	at kof.a(PG:38)
04-03 11:42:01.104  2950  2950 W RcsClientLib: 	at riw.a(PG:43)
04-03 11:42:01.104  2950  2950 W RcsClientLib: 	at rif.run(Unknown Source:1)
04-03 11:42:01.104  2950  2950 W RcsClientLib: 	at afou.run(PG:3)
04-03 11:42:01.104  2950  2950 W RcsClientLib: 	at android.os.Handler.handleCallback(Handler.java:938)
04-03 11:42:01.104  2950  2950 W RcsClientLib: 	at android.os.Handler.dispatchMessage(Handler.java:99)
04-03 11:42:01.104  2950  2950 W RcsClientLib: 	at android.os.Looper.loop(Looper.java:223)
04-03 11:42:01.104  2950  2950 W RcsClientLib: 	at android.app.ActivityThread.main(ActivityThread.java:7656)
04-03 11:42:01.104  2950  2950 W RcsClientLib: 	at java.lang.reflect.Method.invoke(Native Method)
04-03 11:42:01.104  2950  2950 W RcsClientLib: 	at com.android.internal.os.RuntimeInit$MethodAndArgsCaller.run(RuntimeInit.java:592)
04-03 11:42:01.104  2950  2950 W RcsClientLib: 	at com.android.internal.os.ZygoteInit.main(ZygoteInit.java:947)
04-03 11:42:01.104  2950  2950 I BugleRcsEngine: [2] aeec.disconnect: Disconnecting ContactsService
04-03 11:42:01.104  2950  2950 W RcsClientLib: Unexpected error when trying to unbind com.google.android.ims.rcsservice.contacts.IContactsManagement: Service not registered: aeed@1acb6f9
04-03 11:42:01.104  2950  2950 W RcsClientLib: java.lang.IllegalArgumentException: Service not registered: aeed@1acb6f9
04-03 11:42:01.104  2950  2950 W RcsClientLib: 	at android.app.LoadedApk.forgetServiceDispatcher(LoadedApk.java:1757)
04-03 11:42:01.104  2950  2950 W RcsClientLib: 	at android.app.ContextImpl.unbindService(ContextImpl.java:1874)
04-03 11:42:01.104  2950  2950 W RcsClientLib: 	at android.content.ContextWrapper.unbindService(ContextWrapper.java:792)
04-03 11:42:01.104  2950  2950 W RcsClientLib: 	at aeec.b(PG:43)
04-03 11:42:01.104  2950  2950 W RcsClientLib: 	at aeec.disconnect(PG:41)
04-03 11:42:01.104  2950  2950 W RcsClientLib: 	at koc.b(PG:38)
04-03 11:42:01.104  2950  2950 W RcsClientLib: 	at kof.a(PG:38)
04-03 11:42:01.104  2950  2950 W RcsClientLib: 	at riw.a(PG:43)
04-03 11:42:01.104  2950  2950 W RcsClientLib: 	at rif.run(Unknown Source:1)
04-03 11:42:01.104  2950  2950 W RcsClientLib: 	at afou.run(PG:3)
04-03 11:42:01.104  2950  2950 W RcsClientLib: 	at android.os.Handler.handleCallback(Handler.java:938)
04-03 11:42:01.104  2950  2950 W RcsClientLib: 	at android.os.Handler.dispatchMessage(Handler.java:99)
04-03 11:42:01.104  2950  2950 W RcsClientLib: 	at android.os.Looper.loop(Looper.java:223)
04-03 11:42:01.104  2950  2950 W RcsClientLib: 	at android.app.ActivityThread.main(ActivityThread.java:7656)
04-03 11:42:01.104  2950  2950 W RcsClientLib: 	at java.lang.reflect.Method.invoke(Native Method)
04-03 11:42:01.104  2950  2950 W RcsClientLib: 	at com.android.internal.os.RuntimeInit$MethodAndArgsCaller.run(RuntimeInit.java:592)
04-03 11:42:01.104  2950  2950 W RcsClientLib: 	at com.android.internal.os.ZygoteInit.main(ZygoteInit.java:947)
04-03 11:42:01.104  2950  2950 I BugleRcsEngine: [2] aeec.disconnect: Disconnecting FileTransferService
04-03 11:42:01.104  2950  2950 W RcsClientLib: Unexpected error when trying to unbind com.google.android.ims.rcsservice.filetransfer.IFileTransfer: Service not registered: aeed@556ec9f
04-03 11:42:01.104  2950  2950 W RcsClientLib: java.lang.IllegalArgumentException: Service not registered: aeed@556ec9f
04-03 11:42:01.104  2950  2950 W RcsClientLib: 	at android.app.LoadedApk.forgetServiceDispatcher(LoadedApk.java:1757)
04-03 11:42:01.104  2950  2950 W RcsClientLib: 	at android.app.ContextImpl.unbindService(ContextImpl.java:1874)
04-03 11:42:01.104  2950  2950 W RcsClientLib: 	at android.content.ContextWrapper.unbindService(ContextWrapper.java:792)
04-03 11:42:01.104  2950  2950 W RcsClientLib: 	at aeec.b(PG:43)
04-03 11:42:01.104  2950  2950 W RcsClientLib: 	at aeec.disconnect(PG:41)
04-03 11:42:01.104  2950  2950 W RcsClientLib: 	at koc.b(PG:39)
04-03 11:42:01.104  2950  2950 W RcsClientLib: 	at kof.a(PG:38)
04-03 11:42:01.104  2950  2950 W RcsClientLib: 	at riw.a(PG:43)
04-03 11:42:01.104  2950  2950 W RcsClientLib: 	at rif.run(Unknown Source:1)
04-03 11:42:01.104  2950  2950 W RcsClientLib: 	at afou.run(PG:3)
04-03 11:42:01.104  2950  2950 W RcsClientLib: 	at android.os.Handler.handleCallback(Handler.java:938)
04-03 11:42:01.104  2950  2950 W RcsClientLib: 	at android.os.Handler.dispatchMessage(Handler.java:99)
04-03 11:42:01.104  2950  2950 W RcsClientLib: 	at android.os.Looper.loop(Looper.java:223)
04-03 11:42:01.104  2950  2950 W RcsClientLib: 	at android.app.ActivityThread.main(ActivityThread.java:7656)
04-03 11:42:01.104  2950  2950 W RcsClientLib: 	at java.lang.reflect.Method.invoke(Native Method)
04-03 11:42:01.104  2950  2950 W RcsClientLib: 	at com.android.internal.os.RuntimeInit$MethodAndArgsCaller.run(RuntimeInit.java:592)
04-03 11:42:01.104  2950  2950 W RcsClientLib: 	at com.android.internal.os.ZygoteInit.main(ZygoteInit.java:947)
04-03 11:42:01.104  2950  2950 I BugleRcsEngine: [2] aeec.disconnect: Disconnecting LocationSharingService
04-03 11:42:01.104  2950  2950 W RcsClientLib: Unexpected error when trying to unbind com.google.android.ims.rcsservice.locationsharing.ILocationSharing: Service not registered: aeed@978c9b5
04-03 11:42:01.104  2950  2950 W RcsClientLib: java.lang.IllegalArgumentException: Service not registered: aeed@978c9b5
04-03 11:42:01.104  2950  2950 W RcsClientLib: 	at android.app.LoadedApk.forgetServiceDispatcher(LoadedApk.java:1757)
04-03 11:42:01.104  2950  2950 W RcsClientLib: 	at android.app.ContextImpl.unbindService(ContextImpl.java:1874)
04-03 11:42:01.104  2950  2950 W RcsClientLib: 	at android.content.ContextWrapper.unbindService(ContextWrapper.java:792)
04-03 11:42:01.104  2950  2950 W RcsClientLib: 	at aeec.b(PG:43)
04-03 11:42:01.104  2950  2950 W RcsClientLib: 	at aeec.disconnect(PG:41)
04-03 11:42:01.104  2950  2950 W RcsClientLib: 	at koc.b(PG:40)
04-03 11:42:01.104  2950  2950 W RcsClientLib: 	at kof.a(PG:38)
04-03 11:42:01.104  2950  2950 W RcsClientLib: 	at riw.a(PG:43)
04-03 11:42:01.104  2950  2950 W RcsClientLib: 	at rif.run(Unknown Source:1)
04-03 11:42:01.104  2950  2950 W RcsClientLib: 	at afou.run(PG:3)
04-03 11:42:01.104  2950  2950 W RcsClientLib: 	at android.os.Handler.handleCallback(Handler.java:938)
04-03 11:42:01.104  2950  2950 W RcsClientLib: 	at android.os.Handler.dispatchMessage(Handler.java:99)
04-03 11:42:01.104  2950  2950 W RcsClientLib: 	at android.os.Looper.loop(Looper.java:223)
04-03 11:42:01.104  2950  2950 W RcsClientLib: 	at android.app.ActivityThread.main(ActivityThread.java:7656)
04-03 11:42:01.104  2950  2950 W RcsClientLib: 	at java.lang.reflect.Method.invoke(Native Method)
04-03 11:42:01.104  2950  2950 W RcsClientLib: 	at com.android.internal.os.RuntimeInit$MethodAndArgsCaller.run(RuntimeInit.java:592)
04-03 11:42:01.104  2950  2950 W RcsClientLib: 	at com.android.internal.os.ZygoteInit.main(ZygoteInit.java:947)
04-03 11:42:01.104  2950  2950 I BugleRcsEngine: [2] aeec.disconnect: Disconnecting ImsConnectionTrackerService
04-03 11:42:01.104  2950  2950 W RcsClientLib: Unexpected error when trying to unbind com.google.android.ims.rcsservice.ims.IImsConnectionTracker: Service not registered: aeed@e47b3bb
04-03 11:42:01.104  2950  2950 W RcsClientLib: java.lang.IllegalArgumentException: Service not registered: aeed@e47b3bb
04-03 11:42:01.104  2950  2950 W RcsClientLib: 	at android.app.LoadedApk.forgetServiceDispatcher(LoadedApk.java:1757)
04-03 11:42:01.104  2950  2950 W RcsClientLib: 	at android.app.ContextImpl.unbindService(ContextImpl.java:1874)
04-03 11:42:01.104  2950  2950 W RcsClientLib: 	at android.content.ContextWrapper.unbindService(ContextWrapper.java:792)
04-03 11:42:01.104  2950  2950 W RcsClientLib: 	at aeec.b(PG:43)
04-03 11:42:01.104  2950  2950 W RcsClientLib: 	at aeec.disconnect(PG:41)
04-03 11:42:01.104  2950  2950 W RcsClientLib: 	at koc.b(PG:41)
04-03 11:42:01.104  2950  2950 W RcsClientLib: 	at kof.a(PG:38)
04-03 11:42:01.104  2950  2950 W RcsClientLib: 	at riw.a(PG:43)
04-03 11:42:01.104  2950  2950 W RcsClientLib: 	at rif.run(Unknown Source:1)
04-03 11:42:01.104  2950  2950 W RcsClientLib: 	at afou.run(PG:3)
04-03 11:42:01.104  2950  2950 W RcsClientLib: 	at android.os.Handler.handleCallback(Handler.java:938)
04-03 11:42:01.104  2950  2950 W RcsClientLib: 	at android.os.Handler.dispatchMessage(Handler.java:99)
04-03 11:42:01.104  2950  2950 W RcsClientLib: 	at android.os.Looper.loop(Looper.java:223)
04-03 11:42:01.104  2950  2950 W RcsClientLib: 	at android.app.ActivityThread.main(ActivityThread.java:7656)
04-03 11:42:01.104  2950  2950 W RcsClientLib: 	at java.lang.reflect.Method.invoke(Native Method)
04-03 11:42:01.104  2950  2950 W RcsClientLib: 	at com.android.internal.os.RuntimeInit$MethodAndArgsCaller.run(RuntimeInit.java:592)
04-03 11:42:01.104  2950  2950 W RcsClientLib: 	at com.android.internal.os.ZygoteInit.main(ZygoteInit.java:947)
04-03 11:42:01.104  2950  2950 I BugleRcsEngine: [2] aeec.disconnect: Disconnecting RcsProfileService
04-03 11:42:01.104  2950  2950 W RcsClientLib: Unexpected error when trying to unbind com.google.android.ims.rcsservice.profile.IRcsProfile: Service not registered: aeed@3b94c31
04-03 11:42:01.105  2950  2950 W RcsClientLib: java.lang.IllegalArgumentException: Service not registered: aeed@3b94c31
04-03 11:42:01.105  2950  2950 W RcsClientLib: 	at android.app.LoadedApk.forgetServiceDispatcher(LoadedApk.java:1757)
04-03 11:42:01.105  2950  2950 W RcsClientLib: 	at android.app.ContextImpl.unbindService(ContextImpl.java:1874)
04-03 11:42:01.105  2950  2950 W RcsClientLib: 	at android.content.ContextWrapper.unbindService(ContextWrapper.java:792)
04-03 11:42:01.105  2950  2950 W RcsClientLib: 	at aeec.b(PG:43)
04-03 11:42:01.105  2950  2950 W RcsClientLib: 	at aeec.disconnect(PG:41)
04-03 11:42:01.105  2950  2950 W RcsClientLib: 	at koc.b(PG:42)
04-03 11:42:01.105  2950  2950 W RcsClientLib: 	at kof.a(PG:38)
04-03 11:42:01.105  2950  2950 W RcsClientLib: 	at riw.a(PG:43)
04-03 11:42:01.105  2950  2950 W RcsClientLib: 	at rif.run(Unknown Source:1)
04-03 11:42:01.105  2950  2950 W RcsClientLib: 	at afou.run(PG:3)
04-03 11:42:01.105  2950  2950 W RcsClientLib: 	at android.os.Handler.handleCallback(Handler.java:938)
04-03 11:42:01.105  2950  2950 W RcsClientLib: 	at android.os.Handler.dispatchMessage(Handler.java:99)
04-03 11:42:01.105  2950  2950 W RcsClientLib: 	at android.os.Looper.loop(Looper.java:223)
04-03 11:42:01.105  2950  2950 W RcsClientLib: 	at android.app.ActivityThread.main(ActivityThread.java:7656)
04-03 11:42:01.105  2950  2950 W RcsClientLib: 	at java.lang.reflect.Method.invoke(Native Method)
04-03 11:42:01.105  2950  2950 W RcsClientLib: 	at com.android.internal.os.RuntimeInit$MethodAndArgsCaller.run(RuntimeInit.java:592)
04-03 11:42:01.105  2950  2950 W RcsClientLib: 	at com.android.internal.os.ZygoteInit.main(ZygoteInit.java:947)
04-03 11:42:01.105  2950  2950 I BugleRcsEngine: [2] aeec.disconnect: Disconnecting BusinessInfoService
04-03 11:42:01.105  2950  2950 W RcsClientLib: Unexpected error when trying to unbind com.google.android.ims.rcsservice.businessinfo.IBusinessInfo: Service not registered: aeed@bb3d097
04-03 11:42:01.105  2950  2950 W RcsClientLib: java.lang.IllegalArgumentException: Service not registered: aeed@bb3d097
04-03 11:42:01.105  2950  2950 W RcsClientLib: 	at android.app.LoadedApk.forgetServiceDispatcher(LoadedApk.java:1757)
04-03 11:42:01.105  2950  2950 W RcsClientLib: 	at android.app.ContextImpl.unbindService(ContextImpl.java:1874)
04-03 11:42:01.105  2950  2950 W RcsClientLib: 	at android.content.ContextWrapper.unbindService(ContextWrapper.java:792)
04-03 11:42:01.105  2950  2950 W RcsClientLib: 	at aeec.b(PG:43)
04-03 11:42:01.105  2950  2950 W RcsClientLib: 	at aeec.disconnect(PG:41)
04-03 11:42:01.105  2950  2950 W RcsClientLib: 	at koc.b(PG:43)
04-03 11:42:01.105  2950  2950 W RcsClientLib: 	at kof.a(PG:38)
04-03 11:42:01.105  2950  2950 W RcsClientLib: 	at riw.a(PG:43)
04-03 11:42:01.105  2950  2950 W RcsClientLib: 	at rif.run(Unknown Source:1)
04-03 11:42:01.105  2950  2950 W RcsClientLib: 	at afou.run(PG:3)
04-03 11:42:01.105  2950  2950 W RcsClientLib: 	at android.os.Handler.handleCallback(Handler.java:938)
04-03 11:42:01.105  2950  2950 W RcsClientLib: 	at android.os.Handler.dispatchMessage(Handler.java:99)
04-03 11:42:01.105  2950  2950 W RcsClientLib: 	at android.os.Looper.loop(Looper.java:223)
04-03 11:42:01.105  2950  2950 W RcsClientLib: 	at android.app.ActivityThread.main(ActivityThread.java:7656)
04-03 11:42:01.105  2950  2950 W RcsClientLib: 	at java.lang.reflect.Method.invoke(Native Method)
04-03 11:42:01.105  2950  2950 W RcsClientLib: 	at com.android.internal.os.RuntimeInit$MethodAndArgsCaller.run(RuntimeInit.java:592)
04-03 11:42:01.105  2950  2950 W RcsClientLib: 	at com.android.internal.os.ZygoteInit.main(ZygoteInit.java:947)
04-03 11:42:01.105  2950  2950 I BugleRcsEngine: [2] aeec.disconnect: Disconnecting RcsMessagingService
04-03 11:42:01.105  2950  2950 W RcsClientLib: Unexpected error when trying to unbind com.google.android.rcs.client.messaging.IMessaging: Service not registered: aeed@9a57a6d
04-03 11:42:01.105  2950  2950 W RcsClientLib: java.lang.IllegalArgumentException: Service not registered: aeed@9a57a6d
04-03 11:42:01.105  2950  2950 W RcsClientLib: 	at android.app.LoadedApk.forgetServiceDispatcher(LoadedApk.java:1757)
04-03 11:42:01.105  2950  2950 W RcsClientLib: 	at android.app.ContextImpl.unbindService(ContextImpl.java:1874)
04-03 11:42:01.105  2950  2950 W RcsClientLib: 	at android.content.ContextWrapper.unbindService(ContextWrapper.java:792)
04-03 11:42:01.105  2950  2950 W RcsClientLib: 	at aeec.b(PG:43)
04-03 11:42:01.105  2950  2950 W RcsClientLib: 	at aeec.disconnect(PG:41)
04-03 11:42:01.105  2950  2950 W RcsClientLib: 	at koc.b(PG:44)
04-03 11:42:01.105  2950  2950 W RcsClientLib: 	at kof.a(PG:38)
04-03 11:42:01.105  2950  2950 W RcsClientLib: 	at riw.a(PG:43)
04-03 11:42:01.105  2950  2950 W RcsClientLib: 	at rif.run(Unknown Source:1)
04-03 11:42:01.105  2950  2950 W RcsClientLib: 	at afou.run(PG:3)
04-03 11:42:01.105  2950  2950 W RcsClientLib: 	at android.os.Handler.handleCallback(Handler.java:938)
