04-03 11:42:01.105  2950  2950 W RcsClientLib: 	at android.os.Handler.dispatchMessage(Handler.java:99)
04-03 11:42:01.105  2950  2950 W RcsClientLib: 	at android.os.Looper.loop(Looper.java:223)
04-03 11:42:01.105  2950  2950 W RcsClientLib: 	at android.app.ActivityThread.main(ActivityThread.java:7656)
04-03 11:42:01.105  2950  2950 W RcsClientLib: 	at java.lang.reflect.Method.invoke(Native Method)
04-03 11:42:01.105  2950  2950 W RcsClientLib: 	at com.android.internal.os.RuntimeInit$MethodAndArgsCaller.run(RuntimeInit.java:592)
04-03 11:42:01.105  2950  2950 W RcsClientLib: 	at com.android.internal.os.ZygoteInit.main(ZygoteInit.java:947)
04-03 11:42:01.105  2950  2950 I BugleRcsEngine: [2] aeec.disconnect: Disconnecting TransportControlService
04-03 11:42:01.105  2950  2950 W RcsClientLib: Unexpected error when trying to unbind com.google.android.ims.rcsservice.transportcontrol.ITransportControl: Service not registered: aeed@75adf33
04-03 11:42:01.105  2950  2950 W RcsClientLib: java.lang.IllegalArgumentException: Service not registered: aeed@75adf33
04-03 11:42:01.105  2950  2950 W RcsClientLib: 	at android.app.LoadedApk.forgetServiceDispatcher(LoadedApk.java:1757)
04-03 11:42:01.105  2950  2950 W RcsClientLib: 	at android.app.ContextImpl.unbindService(ContextImpl.java:1874)
04-03 11:42:01.105  2950  2950 W RcsClientLib: 	at android.content.ContextWrapper.unbindService(ContextWrapper.java:792)
04-03 11:42:01.105  2950  2950 W RcsClientLib: 	at aeec.b(PG:43)
04-03 11:42:01.105  2950  2950 W RcsClientLib: 	at aeec.disconnect(PG:41)
04-03 11:42:01.105  2950  2950 W RcsClientLib: 	at koc.b(PG:45)
04-03 11:42:01.105  2950  2950 W RcsClientLib: 	at kof.a(PG:38)
04-03 11:42:01.105  2950  2950 W RcsClientLib: 	at riw.a(PG:43)
04-03 11:42:01.105  2950  2950 W RcsClientLib: 	at rif.run(Unknown Source:1)
04-03 11:42:01.105  2950  2950 W RcsClientLib: 	at afou.run(PG:3)
04-03 11:42:01.105  2950  2950 W RcsClientLib: 	at android.os.Handler.handleCallback(Handler.java:938)
04-03 11:42:01.105  2950  2950 W RcsClientLib: 	at android.os.Handler.dispatchMessage(Handler.java:99)
04-03 11:42:01.105  2950  2950 W RcsClientLib: 	at android.os.Looper.loop(Looper.java:223)
04-03 11:42:01.105  2950  2950 W RcsClientLib: 	at android.app.ActivityThread.main(ActivityThread.java:7656)
04-03 11:42:01.105  2950  2950 W RcsClientLib: 	at java.lang.reflect.Method.invoke(Native Method)
04-03 11:42:01.105  2950  2950 W RcsClientLib: 	at com.android.internal.os.RuntimeInit$MethodAndArgsCaller.run(RuntimeInit.java:592)
04-03 11:42:01.105  2950  2950 W RcsClientLib: 	at com.android.internal.os.ZygoteInit.main(ZygoteInit.java:947)
04-03 11:42:01.105  2950  2950 W BugleRcs: disconnecting from all Rcs Services
04-03 11:42:01.107  2950  3099 I BugleRcs: RcsAvailabilityUtilForProvisioningEngineV2: success updating RCS availability async
04-03 11:42:01.109  5740  5740 D IdlingResourceRegistry: All idling resources are idle.
04-03 11:42:01.109  5740  5740 D IdlingResourceRegistry: All idling resources are idle.
04-03 11:42:01.113  5421  5459 W Conscrypt: Could not set socket write timeout: java.net.SocketException: Socket closed
04-03 11:42:01.113  5421  5459 W Conscrypt: 	at com.google.android.gms.org.conscrypt.Platform.setSocketWriteTimeout(:com.google.android.gms@220618040@22.06.18 (150700-433619428):2)
04-03 11:42:01.113  5421  5459 W Conscrypt: 	at com.google.android.gms.org.conscrypt.ConscryptFileDescriptorSocket.setSoWriteTimeout(:com.google.android.gms@220618040@22.06.18 (150700-433619428):0)
04-03 11:42:01.125  5246  5246 I Pixelmigrate: [PhenotypeSyncHelper] Phenotype flags updated successfully.
04-03 11:42:01.135  5825  5875 W .gms.persisten: Accessing hidden method Landroid/net/ConnectivityManager;->isNetworkSupported(I)Z (greylist-max-p, reflection, denied)
04-03 11:42:01.137  5825  5875 I TetheringManager: registerTetheringEventCallback:com.google.android.gms
04-03 11:42:01.164  5342  5342 I Pixelmigrate: [PhenotypeSyncHelper] Phenotype flags updated successfully.
04-03 11:42:01.174  5740  5740 D IdlingResourceRegistry: All idling resources are idle.
04-03 11:42:01.175  5740  5740 I chatty  : uid=10173(com.example.lunchtray) identical 2 lines
04-03 11:42:01.175  5740  5740 D IdlingResourceRegistry: All idling resources are idle.
04-03 11:42:01.175  5740  5740 I ViewInteraction: Performing 'single click' action on view with id is <com.example.lunchtray:id/cauliflower>
04-03 11:42:01.178  5740  5740 D IdlingResourceRegistry: All idling resources are idle.
04-03 11:42:01.178  5740  5740 D IdlingResourceRegistry: All idling resources are idle.
04-03 11:42:01.185  5825  5825 W ctxmgr  : [ContextManagerPersistentService]Received null intent [CONTEXT service_id=47 ]
04-03 11:42:01.190  5740  5740 D IdlingResourceRegistry: All idling resources are idle.
04-03 11:42:01.206  5740  5740 I chatty  : uid=10173(com.example.lunchtray) identical 4 lines
04-03 11:42:01.206  5740  5740 D IdlingResourceRegistry: All idling resources are idle.
04-03 11:42:01.207  5825  5825 W .gms.persisten: Accessing hidden method Landroid/net/ConnectivityManager;->isNetworkTypeMobile(I)Z (greylist-max-p, reflection, denied)
04-03 11:42:01.211  5740  5740 D IdlingResourceRegistry: All idling resources are idle.
04-03 11:42:01.215  5740  5740 I chatty  : uid=10173(com.example.lunchtray) identical 2 lines
04-03 11:42:01.215  5740  5740 D IdlingResourceRegistry: All idling resources are idle.
04-03 11:42:01.229   515   573 I system_server: oneway function results will be dropped but finished with status OK and parcel size 4
04-03 11:42:01.250  4646  4646 W GrowthKit: Failed to get phenotypeManager in PhenotypeBroadcastReceiver
04-03 11:42:01.250  4646  4646 W GrowthKit: java.lang.NullPointerException: Unable to get GrowthKit Component from host app: com.google.android.calendar
04-03 11:42:01.250  4646  4646 W GrowthKit: 	at cal.ott.a(PG:12)
04-03 11:42:01.250  4646  4646 W GrowthKit: 	at com.google.android.libraries.internal.growth.growthkit.internal.experiments.impl.PhenotypeBroadcastReceiver.onReceive(PG:3)
04-03 11:42:01.250  4646  4646 W GrowthKit: 	at android.app.ActivityThread.handleReceiver(ActivityThread.java:4032)
04-03 11:42:01.250  4646  4646 W GrowthKit: 	at android.app.ActivityThread.access$1400(ActivityThread.java:237)
04-03 11:42:01.250  4646  4646 W GrowthKit: 	at android.app.ActivityThread$H.handleMessage(ActivityThread.java:1924)
04-03 11:42:01.250  4646  4646 W GrowthKit: 	at android.os.Handler.dispatchMessage(Handler.java:106)
04-03 11:42:01.250  4646  4646 W GrowthKit: 	at android.os.Looper.loop(Looper.java:223)
04-03 11:42:01.250  4646  4646 W GrowthKit: 	at android.app.ActivityThread.main(ActivityThread.java:7656)
04-03 11:42:01.250  4646  4646 W GrowthKit: 	at java.lang.reflect.Method.invoke(Native Method)
04-03 11:42:01.250  4646  4646 W GrowthKit: 	at com.android.internal.os.RuntimeInit$MethodAndArgsCaller.run(RuntimeInit.java:592)
04-03 11:42:01.250  4646  4646 W GrowthKit: 	at com.android.internal.os.ZygoteInit.main(ZygoteInit.java:947)
04-03 11:42:01.258  5740  5740 D IdlingResourceRegistry: All idling resources are idle.
04-03 11:42:01.258  5740  5740 D IdlingResourceRegistry: All idling resources are idle.
04-03 11:42:01.287  1435  1898 I OpaEligibilityChecker: send OpaEligibilityChange broadcast to CommonBroadcastReceiver
04-03 11:42:01.289  1435  1832 I A       : NGA enabled in interactor.
04-03 11:42:01.291  1435  1898 W CorpusConfigHelper: Invalid input from icing corpus JSON flag.
04-03 11:42:01.291  1435  1898 W CorpusConfigHelper: android.util.MalformedJsonException: Use JsonReader.setLenient(true) to accept malformed JSON at line 123 column 2
04-03 11:42:01.291  1435  1898 W CorpusConfigHelper: 	at android.util.JsonReader.syntaxError(JsonReader.java:1162)
04-03 11:42:01.291  1435  1898 W CorpusConfigHelper: 	at android.util.JsonReader.checkLenient(JsonReader.java:840)
04-03 11:42:01.291  1435  1898 W CorpusConfigHelper: 	at android.util.JsonReader.nextInArray(JsonReader.java:615)
04-03 11:42:01.291  1435  1898 W CorpusConfigHelper: 	at android.util.JsonReader.peek(JsonReader.java:345)
04-03 11:42:01.291  1435  1898 W CorpusConfigHelper: 	at android.util.JsonReader.hasNext(JsonReader.java:321)
04-03 11:42:01.291  1435  1898 W CorpusConfigHelper: 	at com.google.android.apps.gsa.searchbox.c.b.b.k.c(PG:7)
04-03 11:42:01.291  1435  1898 W CorpusConfigHelper: 	at com.google.android.apps.gsa.searchbox.c.b.b.j.a(PG:1)
04-03 11:42:01.291  1435  1898 W CorpusConfigHelper: 	at com.google.android.apps.gsa.search.core.i.q.run(PG:20)
04-03 11:42:01.291  1435  1898 W CorpusConfigHelper: 	at com.google.android.libraries.gsa.k.a.k.run(PG:2)
04-03 11:42:01.291  1435  1898 W CorpusConfigHelper: 	at com.google.android.apps.gsa.shared.util.c.a.cf.b(PG:1)
04-03 11:42:01.291  1435  1898 W CorpusConfigHelper: 	at com.google.android.apps.gsa.shared.util.c.a.ci.run(PG:1)
04-03 11:42:01.291  1435  1898 W CorpusConfigHelper: 	at com.google.android.libraries.i.ai.run(PG:1)
04-03 11:42:01.291  1435  1898 W CorpusConfigHelper: 	at java.util.concurrent.ThreadPoolExecutor.runWorker(ThreadPoolExecutor.java:1167)
04-03 11:42:01.291  1435  1898 W CorpusConfigHelper: 	at java.util.concurrent.ThreadPoolExecutor$Worker.run(ThreadPoolExecutor.java:641)
04-03 11:42:01.291  1435  1898 W CorpusConfigHelper: 	at com.google.android.libraries.i.f.run(PG:2)
04-03 11:42:01.291  1435  1898 W CorpusConfigHelper: 	at com.google.android.libraries.i.t.run(PG:4)
04-03 11:42:01.291  1435  1898 W CorpusConfigHelper: 	at java.lang.Thread.run(Thread.java:923)
04-03 11:42:01.292  1435  1896 I FedAssExpListener: Fed-ass not supported for signed out users.
04-03 11:42:01.292  1435  1832 I FedAssExpListener: Successfully processed experiments changed.
04-03 11:42:01.307  5421  5463 I Icing   : IndexChimeraService.getServiceInterface callingPackage=com.google.android.googlequicksearchbox componentName=agsa_icing_connection serviceId=32
04-03 11:42:01.308  5421  5465 I Icing   : IndexChimeraService.getServiceInterface callingPackage=com.google.android.googlequicksearchbox componentName=agsa_icing_connection serviceId=33
04-03 11:42:01.331  5825  5825 I Fido    : [CableAuthenticatorChimeraService] Registering broadcast receiver.
04-03 11:42:01.336  1435  2004 W SearchServiceCore: Abort, client detached.
04-03 11:42:01.336  1435  2343 I BgTaskExecutorImpl: Starting EXCLUSIVE background task FETCH_CONFIGS_FROM_PHENOTYPE.
04-03 11:42:01.347  5825  5878 D CompatibilityChangeReporter: Compat change id reported: 150939131; UID 10108; state: ENABLED
04-03 11:42:01.354  5825  5825 D BoundBrokerSvc: onBind: Intent { act=com.google.android.gms.usagereporting.service.START dat=chimera-action:com.google.android.gms.usagereporting.service.START cmp=com.google.android.gms/.chimera.PersistentDirectBootAwareApiService }
04-03 11:42:01.354  5825  5825 D BoundBrokerSvc: Loading bound service for intent: Intent { act=com.google.android.gms.usagereporting.service.START dat=chimera-action:com.google.android.gms.usagereporting.service.START cmp=com.google.android.gms/.chimera.PersistentDirectBootAwareApiService }
04-03 11:42:01.355   515  1116 I system_server: oneway function results will be dropped but finished with status OK and parcel size 4
04-03 11:42:01.357  5825  5825 D BoundBrokerSvc: onBind: Intent { act=com.google.android.gms.clearcut.service.START dat=chimera-action:com.google.android.gms.clearcut.service.START cmp=com.google.android.gms/.chimera.PersistentDirectBootAwareApiService }
04-03 11:42:01.357  5825  5825 D BoundBrokerSvc: Loading bound service for intent: Intent { act=com.google.android.gms.clearcut.service.START dat=chimera-action:com.google.android.gms.clearcut.service.START cmp=com.google.android.gms/.chimera.PersistentDirectBootAwareApiService }
04-03 11:42:01.359  5421  5459 W Icing   : No valid account for uploading user actions
04-03 11:42:01.365  5825  5854 I DynamiteModule: Considering local module com.google.android.gms.providerinstaller.dynamite:1 and remote module com.google.android.gms.providerinstaller.dynamite:0
04-03 11:42:01.365  5825  5854 I DynamiteModule: Selected local version of com.google.android.gms.providerinstaller.dynamite
04-03 11:42:01.368  5825  5825 D BoundBrokerSvc: onBind: Intent { act=com.google.android.gms.clearcut.service.START pkg=com.google.android.gms }
04-03 11:42:01.368  5825  5825 D BoundBrokerSvc: Loading bound service for intent: Intent { act=com.google.android.gms.clearcut.service.START pkg=com.google.android.gms }
04-03 11:42:01.384  5825  5854 I NetworkManagementSocketTagger: tagSocketFd(-1, 536871943, -1) failed with errno-9
04-03 11:42:01.407  5421  5459 I Icing   : Usage reports ok 1, Failed Usage reports 0, indexed 0, rejected 0
04-03 11:42:01.409  5740  5740 D IdlingResourceRegistry: All idling resources are idle.
04-03 11:42:01.409  5740  5740 D IdlingResourceRegistry: All idling resources are idle.
04-03 11:42:01.421  5421  5459 W Icing   : No valid account for uploading user actions
04-03 11:42:01.427  5825  5825 I NetworkScheduler: Using standalone scheduling engine [CONTEXT service_id=218 ]
04-03 11:42:01.429  5421  5459 I Icing   : Usage reports ok 0, Failed Usage reports 0, indexed 0, rejected 0
04-03 11:42:01.474  5740  5740 D IdlingResourceRegistry: All idling resources are idle.
04-03 11:42:01.475  5740  5740 I chatty  : uid=10173(com.example.lunchtray) identical 2 lines
04-03 11:42:01.475  5740  5740 D IdlingResourceRegistry: All idling resources are idle.
04-03 11:42:01.476  5740  5740 I ViewInteraction: Performing 'single click' action on view with id is <com.example.lunchtray:id/next_button>
04-03 11:42:01.480  5740  5740 D IdlingResourceRegistry: All idling resources are idle.
04-03 11:42:01.480  5740  5740 D IdlingResourceRegistry: All idling resources are idle.
04-03 11:42:01.491  5825  5825 I Thunderbird: starting outgoing sms listener [CONTEXT service_id=226 ]
04-03 11:42:01.492  5740  5740 D IdlingResourceRegistry: All idling resources are idle.
04-03 11:42:01.514  5740  5740 I chatty  : uid=10173(com.example.lunchtray) identical 6 lines
04-03 11:42:01.514  5740  5740 D IdlingResourceRegistry: All idling resources are idle.
04-03 11:42:01.517  5825  5825 W ctxmgr  : [ContextManagerPersistentService]Unable to start system_memory_cache. [CONTEXT service_id=47 ]
04-03 11:42:01.518  5740  5740 D IdlingResourceRegistry: All idling resources are idle.
04-03 11:42:01.518  5740  5740 D IdlingResourceRegistry: All idling resources are idle.
04-03 11:42:01.531   515  2999 I system_server: oneway function results will be dropped but finished with status OK and parcel size 4
04-03 11:42:01.564  5825  5825 D CompatibilityChangeReporter: Compat change id reported: 148180766; UID 10108; state: ENABLED
04-03 11:42:01.583  5740  5740 D IdlingResourceRegistry: All idling resources are idle.
04-03 11:42:01.583  5740  5740 D IdlingResourceRegistry: All idling resources are idle.
04-03 11:42:01.610  5825  5825 D BoundBrokerSvc: onBind: Intent { act=com.google.android.gms.nearby.sharing.START_SERVICE dat=chimera-action:com.google.android.gms.nearby.sharing.START_SERVICE cmp=com.google.android.gms/.chimera.PersistentApiService }
04-03 11:42:01.610  5825  5825 D BoundBrokerSvc: Loading bound service for intent: Intent { act=com.google.android.gms.nearby.sharing.START_SERVICE dat=chimera-action:com.google.android.gms.nearby.sharing.START_SERVICE cmp=com.google.android.gms/.chimera.PersistentApiService }
04-03 11:42:01.649  5825  5825 I NearbySharing: NearbySharingService created [CONTEXT service_id=194 ]
04-03 11:42:01.665   515  4188 I system_server: oneway function results will be dropped but finished with status OK and parcel size 4
04-03 11:42:01.681  5825  5910 D CompatibilityChangeReporter: Compat change id reported: 150935354; UID 10108; state: ENABLED
04-03 11:42:01.695  5825  5825 D BoundBrokerSvc: onBind: Intent { act=com.google.android.gms.clearcut.bootcount.service.START dat=chimera-action:com.google.android.gms.clearcut.bootcount.service.START cmp=com.google.android.gms/.chimera.PersistentBoundBrokerService }
04-03 11:42:01.695  5825  5825 D BoundBrokerSvc: Loading bound service for intent: Intent { act=com.google.android.gms.clearcut.bootcount.service.START dat=chimera-action:com.google.android.gms.clearcut.bootcount.service.START cmp=com.google.android.gms/.chimera.PersistentBoundBrokerService }
04-03 11:42:01.698  5825  5910 W Settings: Setting airplane_mode_on has moved from android.provider.Settings.System to android.provider.Settings.Global, returning read-only value.
04-03 11:42:01.714  5825  5910 W SystemServiceRegistry: No service published for: wifirtt
04-03 11:42:01.732  5825  5922 I ExperimentPackageManage: Package com.google.android.as name not found! Using module version.
04-03 11:42:01.734  5825  5922 I ExperimentPackageManage: Package com.android.refreshratecontrol name not found! Using module version.
04-03 11:42:01.735  5740  5740 D IdlingResourceRegistry: All idling resources are idle.
04-03 11:42:01.735  5740  5740 D IdlingResourceRegistry: All idling resources are idle.
04-03 11:42:01.735  5825  5922 I ExperimentPackageManage: Package com.google.android.as name not found! Using module version.
04-03 11:42:01.735  5825  5825 W Nearby  : Bind call too late - someone already tried to get: interface cmix [CONTEXT service_id=49 ]
04-03 11:42:01.741  5825  5922 I ExperimentPackageManage: Package com.google.oslo name not found! Using module version.
04-03 11:42:01.742  5825  5922 I ExperimentPackageManage: Package com.google.android.art name not found! Using module version.
04-03 11:42:01.742  5825  5922 I ExperimentPackageManage: Package com.google.android.art name not found! Using module version.
04-03 11:42:01.745  5825  5922 I ExperimentPackageManage: Package com.android.media name not found! Using module version.
04-03 11:42:01.745  5825  5922 I ExperimentPackageManage: Package com.android.media.swcodec name not found! Using module version.
04-03 11:42:01.746  5825  5922 I ExperimentPackageManage: Package com.android.appsearch name not found! Using module version.
04-03 11:42:01.748  5825  5922 I ExperimentPackageManage: Package com.android.neuralnetworks name not found! Using module version.
04-03 11:42:01.749  5825  5922 I ExperimentPackageManage: Package com.google.android.odad name not found! Using module version.
04-03 11:42:01.749  5825  5922 I ExperimentPackageManage: Package com.android.media name not found! Using module version.
04-03 11:42:01.751  5825  5922 I ExperimentPackageManage: Package com.android.privateads.apk name not found! Using module version.
04-03 11:42:01.751  5825  5922 I ExperimentPackageManage: Package com.google.android.as.oss name not found! Using module version.
04-03 11:42:01.768  5825  5891 I NearbyMessages: OfflineCache: old scanner cache is not enabled [CONTEXT service_id=62 ]
04-03 11:42:01.777  1435  1898 I A       : Refusing EXCLUSIVE task 24, it is already pending. Try again in 359 seconds.
04-03 11:42:01.778  1435  1861 I FedAssExpListener: Fed-ass not supported for signed out users.
04-03 11:42:01.778  1435  1861 I FedAssExpListener: Successfully processed experiments changed.
04-03 11:42:01.778  1435  1898 I OpaEligibilityChecker: send OpaEligibilityChange broadcast to CommonBroadcastReceiver
04-03 11:42:01.779  1435  1861 I A       : NGA enabled in interactor.
04-03 11:42:01.800  5740  5740 D IdlingResourceRegistry: All idling resources are idle.
04-03 11:42:01.801  5740  5740 I chatty  : uid=10173(com.example.lunchtray) identical 2 lines
04-03 11:42:01.801  5740  5740 D IdlingResourceRegistry: All idling resources are idle.
04-03 11:42:01.802  5740  5740 I ViewInteraction: Performing 'single click' action on view with id is <com.example.lunchtray:id/soup>
04-03 11:42:01.808  5740  5740 D IdlingResourceRegistry: All idling resources are idle.
04-03 11:42:01.820  5740  5740 I chatty  : uid=10173(com.example.lunchtray) identical 2 lines
04-03 11:42:01.820  5740  5740 D IdlingResourceRegistry: All idling resources are idle.
04-03 11:42:01.821  5421  5463 I Icing   : IndexChimeraService.getServiceInterface callingPackage=com.google.android.gms componentName=null serviceId=30
04-03 11:42:01.828  1435  1898 W CorpusConfigHelper: Invalid input from icing corpus JSON flag.
04-03 11:42:01.828  1435  1898 W CorpusConfigHelper: android.util.MalformedJsonException: Use JsonReader.setLenient(true) to accept malformed JSON at line 123 column 2
04-03 11:42:01.828  1435  1898 W CorpusConfigHelper: 	at android.util.JsonReader.syntaxError(JsonReader.java:1162)
04-03 11:42:01.828  1435  1898 W CorpusConfigHelper: 	at android.util.JsonReader.checkLenient(JsonReader.java:840)
04-03 11:42:01.828  1435  1898 W CorpusConfigHelper: 	at android.util.JsonReader.nextInArray(JsonReader.java:615)
04-03 11:42:01.828  1435  1898 W CorpusConfigHelper: 	at android.util.JsonReader.peek(JsonReader.java:345)
04-03 11:42:01.828  1435  1898 W CorpusConfigHelper: 	at android.util.JsonReader.hasNext(JsonReader.java:321)
04-03 11:42:01.828  1435  1898 W CorpusConfigHelper: 	at com.google.android.apps.gsa.searchbox.c.b.b.k.c(PG:7)
04-03 11:42:01.828  1435  1898 W CorpusConfigHelper: 	at com.google.android.apps.gsa.searchbox.c.b.b.j.a(PG:1)
04-03 11:42:01.828  1435  1898 W CorpusConfigHelper: 	at com.google.android.apps.gsa.search.core.i.q.run(PG:20)
04-03 11:42:01.828  1435  1898 W CorpusConfigHelper: 	at com.google.android.libraries.gsa.k.a.k.run(PG:2)
04-03 11:42:01.828  1435  1898 W CorpusConfigHelper: 	at com.google.android.apps.gsa.shared.util.c.a.cf.b(PG:1)
04-03 11:42:01.828  1435  1898 W CorpusConfigHelper: 	at com.google.android.apps.gsa.shared.util.c.a.ci.run(PG:1)
04-03 11:42:01.828  1435  1898 W CorpusConfigHelper: 	at com.google.android.libraries.i.ai.run(PG:1)
04-03 11:42:01.828  1435  1898 W CorpusConfigHelper: 	at java.util.concurrent.ThreadPoolExecutor.runWorker(ThreadPoolExecutor.java:1167)
04-03 11:42:01.828  1435  1898 W CorpusConfigHelper: 	at java.util.concurrent.ThreadPoolExecutor$Worker.run(ThreadPoolExecutor.java:641)
04-03 11:42:01.828  1435  1898 W CorpusConfigHelper: 	at com.google.android.libraries.i.f.run(PG:2)
04-03 11:42:01.828  1435  1898 W CorpusConfigHelper: 	at com.google.android.libraries.i.t.run(PG:4)
04-03 11:42:01.828  1435  1898 W CorpusConfigHelper: 	at java.lang.Thread.run(Thread.java:923)
04-03 11:42:01.829  5740  5740 D IdlingResourceRegistry: All idling resources are idle.
04-03 11:42:01.836  5740  5740 I chatty  : uid=10173(com.example.lunchtray) identical 2 lines
04-03 11:42:01.836  5740  5740 D IdlingResourceRegistry: All idling resources are idle.
04-03 11:42:01.839  5421  5465 I Icing   : IndexChimeraService.getServiceInterface callingPackage=com.google.android.googlequicksearchbox componentName=agsa_icing_connection serviceId=32
04-03 11:42:01.840  5825  5925 W ctxmgr  : [FencePendingIntentCache]Sending CONTEXT_MANAGER_RESTARTED broadcast to com.google.android.apps.wellbeing [CONTEXT service_id=47 ]
04-03 11:42:01.840  5015  5015 W ContextManagerRestartBr: Context manager broadcast triggered fence restoration
04-03 11:42:01.841  5740  5740 D IdlingResourceRegistry: All idling resources are idle.
04-03 11:42:01.841  5740  5740 D IdlingResourceRegistry: All idling resources are idle.
04-03 11:42:01.841  5421  5463 I Icing   : IndexChimeraService.getServiceInterface callingPackage=com.google.android.googlequicksearchbox componentName=agsa_icing_connection serviceId=33
04-03 11:42:01.842  5421  5459 W Icing   : No valid account for uploading user actions
04-03 11:42:01.843  5015  5015 W AutoDndManagerImpl: Context manager requested to re-register fence
04-03 11:42:01.844  5740  5740 D IdlingResourceRegistry: All idling resources are idle.
04-03 11:42:01.844  5740  5740 D IdlingResourceRegistry: All idling resources are idle.
04-03 11:42:01.851  1435  2004 W SearchServiceCore: Abort, client detached.
04-03 11:42:01.855  5015  5015 W ContextManagerRestarted: Context manager broadcast triggered power state fence restoration
04-03 11:42:01.855  5015  5015 W PowerStateManagerImpl: Context manager requested to re-register fence
04-03 11:42:01.865   515  1116 I system_server: oneway function results will be dropped but finished with status OK and parcel size 4
04-03 11:42:01.867  5421  5459 I Icing   : Usage reports ok 0, Failed Usage reports 0, indexed 0, rejected 0
04-03 11:42:01.869  5421  5459 W Icing   : No valid account for uploading user actions
04-03 11:42:01.884  5825  5910 W Settings: Setting airplane_mode_on has moved from android.provider.Settings.System to android.provider.Settings.Global, returning read-only value.
04-03 11:42:01.887  5740  5740 D IdlingResourceRegistry: All idling resources are idle.
04-03 11:42:01.887  5740  5740 D IdlingResourceRegistry: All idling resources are idle.
04-03 11:42:01.898  5825  5825 W SystemServiceRegistry: No service published for: persistent_data_block
04-03 11:42:01.898  5421  5459 I Icing   : Usage reports ok 0, Failed Usage reports 0, indexed 0, rejected 0
04-03 11:42:01.924  5421  5459 W Icing   : No valid account for uploading user actions
04-03 11:42:01.936  5825  5872 I NearbySharing: Removed active account [CONTEXT service_id=194 ]
04-03 11:42:01.944  5825  5825 D BoundBrokerSvc: onUnbind: Intent { act=com.google.android.contextmanager.service.ContextManagerService.START pkg=com.google.android.gms }
04-03 11:42:01.959  5421  5459 I Icing   : Usage reports ok 0, Failed Usage reports 0, indexed 0, rejected 0
04-03 11:42:01.960  5825  5872 I NearbySharing: Broadcasting NearbySharing state change. [CONTEXT service_id=194 ]
04-03 11:42:01.964  5421  5477 W ModuleInitIntentOp: Dropping unexpected action com.google.android.gms.phenotype.COMMITTED
04-03 11:42:01.966  5825  5921 I PTCommittedOperation: Receive new configuration for com.google.android.gms.people
04-03 11:42:01.978  5825  5825 I NearbyDiscovery: DiscoveryService created [CONTEXT service_id=49 ]
04-03 11:42:01.987  5825  5860 I NearbySharing: A new client has bound to the NearbySharingService ClientBridge for calling package com.google.android.gms [CONTEXT service_id=194 ]
04-03 11:42:01.990  5825  5825 W ChimeraUtils: Module com.google.android.gms.nearby has empty metadata display_name_string_id
04-03 11:42:01.990  5825  5872 W NearbySharing: Cannot set visibility on DisabledNearbySharingProvider. [CONTEXT service_id=194 ]
04-03 11:42:01.994  5825  5825 W ChimeraUtils: Module com.google.android.gms.nearby has empty metadata display_name_string_id
04-03 11:42:01.997   515  1116 I system_server: oneway function results will be dropped but finished with status OK and parcel size 4
04-03 11:42:02.003  5421  5950 I SyncIntentOperation: Handling the intent: Intent { act=com.google.android.gms.phenotype.COMMITTED flg=0x10 pkg=com.google.android.gms cmp=com.google.android.gms/.chimera.GmsIntentOperationService (has extras) }. [CONTEXT service_id=80 ]
04-03 11:42:02.017  5825  5872 I NearbySharing: Broadcasting NearbySharing state change. [CONTEXT service_id=194 ]
04-03 11:42:02.018  5421  5566 W ModuleInitIntentOp: Dropping unexpected action com.google.android.gms.phenotype.COMMITTED
04-03 11:42:02.026  5825  5872 I NearbySharing: Screen is unlocked [CONTEXT service_id=194 ]
04-03 11:42:02.026  5421  5954 I FsaEntryPointSwitcher: setting component enabled=1 for com.google.android.gms.people.sync.focus.ContactsSyncAdapterService
04-03 11:42:02.026  5421  5954 I FsaEntryPointSwitcher: Setting component enabled succeeds.
04-03 11:42:02.026  5421  5954 I FsaEntryPointSwitcher: setting component enabled=2 for com.google.android.syncadapters.contacts.ContactsSyncAdapterService
04-03 11:42:02.026  5421  5954 I FsaEntryPointSwitcher: Setting component enabled succeeds.
04-03 11:42:02.033  5825  5872 I NearbyMediums: FEATURE_UWB exists: false [CONTEXT service_id=54 ]
04-03 11:42:02.033  5825  5872 I NearbyMediums: FEATURE_SAMSUNG_UWB  exists: false [CONTEXT service_id=54 ]
04-03 11:42:02.033  5825  5872 I NearbyMediums: enable_platform_uwb flag: false [CONTEXT service_id=54 ]
04-03 11:42:02.034  5825  5910 W SystemServiceRegistry: No service published for: wifirtt
04-03 11:42:02.035  5825  5872 I NearbyMediums: FEATURE_UWB exists: false [CONTEXT service_id=54 ]
04-03 11:42:02.035  5825  5872 I NearbyMediums: FEATURE_SAMSUNG_UWB  exists: false [CONTEXT service_id=54 ]
04-03 11:42:02.035  5825  5872 I NearbyMediums: enable_platform_uwb flag: false [CONTEXT service_id=54 ]
04-03 11:42:02.037  5740  5740 D IdlingResourceRegistry: All idling resources are idle.
04-03 11:42:02.037  5740  5740 D IdlingResourceRegistry: All idling resources are idle.
04-03 11:42:02.041  5825  5872 I NearbyMediums: FEATURE_UWB exists: false [CONTEXT service_id=54 ]
04-03 11:42:02.041  5825  5872 I NearbyMediums: FEATURE_SAMSUNG_UWB  exists: false [CONTEXT service_id=54 ]
04-03 11:42:02.041  5825  5872 I NearbyMediums: enable_platform_uwb flag: false [CONTEXT service_id=54 ]
04-03 11:42:02.044  5825  5872 I NearbyMediums: FEATURE_UWB exists: false [CONTEXT service_id=54 ]
04-03 11:42:02.044  5825  5872 I NearbyMediums: FEATURE_SAMSUNG_UWB  exists: false [CONTEXT service_id=54 ]
04-03 11:42:02.045  5825  5872 I NearbyMediums: enable_platform_uwb flag: false [CONTEXT service_id=54 ]
04-03 11:42:02.046  5825  5872 I NearbySharing: Failed to stop scanning because weren't scanning. [CONTEXT service_id=194 ]
04-03 11:42:02.046  5825  5872 I NearbySharing: Stopping discovery because Bluetooth is disabled. [CONTEXT service_id=194 ]
04-03 11:42:02.049  5825  5872 I NearbySharing: Can't stop advertising FastInitiation. Not advertising. [CONTEXT service_id=194 ]
04-03 11:42:02.049  5825  5872 I NearbySharing: Stopping Fast Init advertisement because Bluetooth is off. [CONTEXT service_id=194 ]
04-03 11:42:02.049  5825  5872 I NearbySharing: Stopping advertising because Bluetooth is disabled. [CONTEXT service_id=194 ]
04-03 11:42:02.060  5825  5872 I NearbySharing: Can't stop scanning for FastInitiation. Not scanning. [CONTEXT service_id=194 ]
04-03 11:42:02.061  5825  5872 I NearbySharing: Cancelling in use notification [CONTEXT service_id=194 ]
04-03 11:42:02.063  5825  5872 I NearbySharing: Fast Initiation Scanning has stopped [CONTEXT service_id=194 ]
04-03 11:42:02.064  5825  5872 I NearbySharing: Stopping FastInitiation scanning because location is disabled. [CONTEXT service_id=194 ]
04-03 11:42:02.065  5825  5872 I NearbySharing: Dismissing HUN as there's no device nearby. [CONTEXT service_id=194 ]
04-03 11:42:02.066  5825  5872 I NearbySharing: Cancelling in use notification [CONTEXT service_id=194 ]
04-03 11:42:02.068  5421  5421 D BoundBrokerSvc: onBind: Intent { act=com.google.android.gms.checkin.START pkg=com.google.android.gms }
04-03 11:42:02.069  5421  5421 D BoundBrokerSvc: Loading bound service for intent: Intent { act=com.google.android.gms.checkin.START pkg=com.google.android.gms }
04-03 11:42:02.075  5421  5950 I MdiSyncModule: flag handling is skipping irrelevant intent.
04-03 11:42:02.075  5825  5872 I NearbySharing: Location is enabled [CONTEXT service_id=194 ]
04-03 11:42:02.077  5825  5872 I NearbyMediums: FEATURE_UWB exists: false [CONTEXT service_id=54 ]
04-03 11:42:02.078  5825  5872 I NearbyMediums: FEATURE_SAMSUNG_UWB  exists: false [CONTEXT service_id=54 ]
04-03 11:42:02.078  5825  5872 I NearbyMediums: enable_platform_uwb flag: false [CONTEXT service_id=54 ]
04-03 11:42:02.078  5825  5872 I NearbyMediums: FEATURE_UWB exists: false [CONTEXT service_id=54 ]
04-03 11:42:02.078  5825  5872 I NearbyMediums: FEATURE_SAMSUNG_UWB  exists: false [CONTEXT service_id=54 ]
04-03 11:42:02.078  5825  5872 I NearbyMediums: enable_platform_uwb flag: false [CONTEXT service_id=54 ]
04-03 11:42:02.078  5825  5872 I NearbySharing: Failed to stop scanning because weren't scanning. [CONTEXT service_id=194 ]
04-03 11:42:02.079  5825  5872 I NearbySharing: Stopping discovery because Bluetooth is disabled. [CONTEXT service_id=194 ]
04-03 11:42:02.081  5825  5872 I NearbySharing: Can't stop advertising FastInitiation. Not advertising. [CONTEXT service_id=194 ]
04-03 11:42:02.082  5825  5872 I NearbySharing: Stopping Fast Init advertisement because Bluetooth is off. [CONTEXT service_id=194 ]
04-03 11:42:02.085  5825  5872 I NearbySharing: Stopping advertising because Bluetooth is disabled. [CONTEXT service_id=194 ]
04-03 11:42:02.085  5825  5859 I GCoreUlr: WorldUpdater received intent Intent { act=com.google.android.location.reporting.ACTION_UPDATE_WORLD cmp=com.google.android.gms/com.google.android.location.reporting.service.DispatchingService (has extras) } with receiverAction android.location.PROVIDERS_CHANGED
04-03 11:42:02.089  5825  5872 I NearbySharing: Can't stop scanning for FastInitiation. Not scanning. [CONTEXT service_id=194 ]
04-03 11:42:02.094  5825  5872 I NearbySharing: Cancelling in use notification [CONTEXT service_id=194 ]
04-03 11:42:02.095  5825  5872 I NearbySharing: Fast Initiation Scanning has stopped [CONTEXT service_id=194 ]
04-03 11:42:02.095  5825  5872 I NearbySharing: Stopping FastInitiation scanning because Bluetooth is disabled. [CONTEXT service_id=194 ]
04-03 11:42:02.096  5825  5872 I NearbySharing: Dismissing HUN as there's no device nearby. [CONTEXT service_id=194 ]
04-03 11:42:02.098  5421  5566 I GmsSyncPolicyEngine: Periodic sync 1 disabled by policy, cancelled.
04-03 11:42:02.099  5421  5566 I GmsSyncPolicyEngine: Periodic sync 2 disabled by policy, cancelled.
04-03 11:42:02.102  5740  5740 D IdlingResourceRegistry: All idling resources are idle.
04-03 11:42:02.103  5740  5740 I chatty  : uid=10173(com.example.lunchtray) identical 2 lines
04-03 11:42:02.104  5740  5740 D IdlingResourceRegistry: All idling resources are idle.
04-03 11:42:02.104  5740  5740 I ViewInteraction: Performing 'single click' action on view with id is <com.example.lunchtray:id/next_button>
04-03 11:42:02.110  5740  5740 D IdlingResourceRegistry: All idling resources are idle.
04-03 11:42:02.110  5740  5740 D IdlingResourceRegistry: All idling resources are idle.
04-03 11:42:02.115  5825  5872 I NearbySharing: Cancelling in use notification [CONTEXT service_id=194 ]
04-03 11:42:02.116  5421  5954 I GalProviderController: setting component enabled=2 for com.google.android.syncadapters.contacts.ProxyGalProvider
04-03 11:42:02.117  5421  5954 I GalProviderController: Setting component enabled succeeds.
04-03 11:42:02.120  5825  5872 I NearbySharing: Bluetooth is enabled [CONTEXT service_id=194 ]
04-03 11:42:02.121  5825  5872 I NearbyMediums: FEATURE_UWB exists: false [CONTEXT service_id=54 ]
04-03 11:42:02.121  5825  5872 I NearbyMediums: FEATURE_SAMSUNG_UWB  exists: false [CONTEXT service_id=54 ]
04-03 11:42:02.121  5825  5872 I NearbyMediums: enable_platform_uwb flag: false [CONTEXT service_id=54 ]
04-03 11:42:02.122  5825  5872 I NearbyMediums: FEATURE_UWB exists: false [CONTEXT service_id=54 ]
04-03 11:42:02.122  5825  5872 I NearbyMediums: FEATURE_SAMSUNG_UWB  exists: false [CONTEXT service_id=54 ]
04-03 11:42:02.122  5825  5872 I NearbyMediums: enable_platform_uwb flag: false [CONTEXT service_id=54 ]
04-03 11:42:02.122  5825  5872 I NearbySharing: Failed to stop scanning because weren't scanning. [CONTEXT service_id=194 ]
04-03 11:42:02.122  5825  5872 I NearbySharing: Stopping discovery because Nearby Sharing is disabled. [CONTEXT service_id=194 ]
04-03 11:42:02.122  5740  5740 D IdlingResourceRegistry: All idling resources are idle.
04-03 11:42:02.122  5825  5872 I NearbySharing: Can't stop advertising FastInitiation. Not advertising. [CONTEXT service_id=194 ]
04-03 11:42:02.122  5740  5740 D IdlingResourceRegistry: All idling resources are idle.
04-03 11:42:02.123  5825  5872 I NearbySharing: Stopping Fast Init advertisement because we're not scanning. [CONTEXT service_id=194 ]
04-03 11:42:02.123  5825  5872 I NearbySharing: Stopping advertising because Nearby Sharing is disabled. [CONTEXT service_id=194 ]
04-03 11:42:02.124  5421  5954 I PeopleGalProvider: Gal directories started.
04-03 11:42:02.126  5421  5954 I PeopleGalProvider: Method 1 completed.
04-03 11:42:02.126  5421  5954 I PeopleGalProvider: Method 1 finished successfully.
04-03 11:42:02.130   668   668 D BluetoothPbapService:  onChange on contact uri
04-03 11:42:02.131  5740  5740 D IdlingResourceRegistry: All idling resources are idle.
04-03 11:42:02.131  5740  5740 D IdlingResourceRegistry: All idling resources are idle.
04-03 11:42:02.132  5421  5954 I GalProviderController: setting component enabled=1 for com.google.android.gms.people.service.galprovider.PeopleGalProvider
04-03 11:42:02.133  5421  5954 I GalProviderController: Setting component enabled succeeds.
04-03 11:42:02.137  5740  5740 D IdlingResourceRegistry: All idling resources are idle.
04-03 11:42:02.137  5740  5740 D IdlingResourceRegistry: All idling resources are idle.
04-03 11:42:02.139  5825  5872 D BluetoothAdapter: isLeEnabled(): ON
04-03 11:42:02.140  5421  5954 I PeopleGalProvider: Gal directories started.
04-03 11:42:02.141  5421  5954 I PeopleGalProvider: Method 1 completed.
04-03 11:42:02.141  5421  5954 I PeopleGalProvider: Method 1 finished successfully.
04-03 11:42:02.142  5740  5740 D IdlingResourceRegistry: All idling resources are idle.
04-03 11:42:02.142  5740  5740 D IdlingResourceRegistry: All idling resources are idle.
04-03 11:42:02.145  4781  5122 D CompatibilityChangeReporter: Compat change id reported: 150939131; UID 10062; state: ENABLED
04-03 11:42:02.145   668   668 D BluetoothPbapService:  onChange on contact uri
04-03 11:42:02.146  5740  5740 D IdlingResourceRegistry: All idling resources are idle.
04-03 11:42:02.146  5740  5740 D IdlingResourceRegistry: All idling resources are idle.
04-03 11:42:02.147  5825  5859 I GCoreUlr: WorldUpdater:android.location.PROVIDERS_CHANGED: Ensuring that reporting is stopped because of reasons: (no Google accounts)
04-03 11:42:02.151   668  5962 D BluetoothPbapUtils: primaryVersionCounter = 0, secondaryVersionCounter=0
04-03 11:42:02.160  5825  5859 I GCoreUlr: Unbound from all signal providers.
04-03 11:42:02.167  5421  5421 D BoundBrokerSvc: onBind: Intent { act=com.google.android.gms.findmydevice.spot.service.locationreport.START dat=chimera-action:com.google.android.gms.findmydevice.spot.service.locationreport.START cmp=com.google.android.gms/.chimera.GmsApiService }
04-03 11:42:02.167  5421  5421 D BoundBrokerSvc: Loading bound service for intent: Intent { act=com.google.android.gms.findmydevice.spot.service.locationreport.START dat=chimera-action:com.google.android.gms.findmydevice.spot.service.locationreport.START cmp=com.google.android.gms/.chimera.GmsApiService }
04-03 11:42:02.174   515  3875 I system_server: oneway function results will be dropped but finished with status OK and parcel size 4
04-03 11:42:02.177  5421  5421 D BoundBrokerSvc: onBind: Intent { act=com.google.android.gms.connectedhome.service.START pkg=com.google.android.gms }
04-03 11:42:02.177  5421  5421 D BoundBrokerSvc: Loading bound service for intent: Intent { act=com.google.android.gms.connectedhome.service.START pkg=com.google.android.gms }
04-03 11:42:02.177  5421  5421 I BndSvcConfigHelper: No bound-service is registered for action: com.google.android.gms.connectedhome.service.START
04-03 11:42:02.177  5421  5421 I BoundBrokerSvc: Bound service not available for: Intent { act=com.google.android.gms.connectedhome.service.START pkg=com.google.android.gms }
04-03 11:42:02.177  5421  5421 I GmsApiChimeraSvc: Handling missing api service for: com.google.android.gms.connectedhome.service.START
04-03 11:42:02.185   668  1106 I bt_stack: [INFO:gatt_api.cc(947)] GATT_Register f40bc2a9-2b68-39ee-d818-85cf5d1c6c6d
04-03 11:42:02.185   668  1106 I bt_stack: [INFO:gatt_api.cc(967)] allocated gatt_if=5
04-03 11:42:02.186  5825  5885 D BluetoothLeScanner: onScannerRegistered() - status=0 scannerId=5 mScannerId=0
04-03 11:42:02.198  5740  5740 D IdlingResourceRegistry: All idling resources are idle.
04-03 11:42:02.198  5740  5740 D IdlingResourceRegistry: All idling resources are idle.
04-03 11:42:02.200  5825  5872 I NearbySharing: Started scanning for FastInitiation with mode: SCAN_MODE_OPPORTUNISTIC [CONTEXT service_id=194 ]
04-03 11:42:02.202  5825  5872 I NearbySharing: Fast Initiation Scanning has started [CONTEXT service_id=194 ]
04-03 11:42:02.205  5825  5916 I Nearby  : Start ble scanning from NearbyDirect:BluetoothAdapterWrapper [CONTEXT service_id=49 ]
04-03 11:42:02.207  5825  5872 I NearbySharing: Dismissing HUN as there's no device nearby. [CONTEXT service_id=194 ]
04-03 11:42:02.210  5825  5872 I NearbySharing: Cancelling in use notification [CONTEXT service_id=194 ]
04-03 11:42:02.211  5825  5916 I Nearby  : M hardware scan: 1 clients, scanMode= LOW_LATENCY, callback type= ALL_MATCHES [CONTEXT service_id=49 ]
04-03 11:42:02.211  5825  5916 D BluetoothAdapter: isLeEnabled(): ON
04-03 11:42:02.213   668  1106 I bt_stack: [INFO:gatt_api.cc(947)] GATT_Register f493e69e-c612-f4f6-f264-bfb735a362f6
04-03 11:42:02.213   668  1106 I bt_stack: [INFO:gatt_api.cc(967)] allocated gatt_if=6
04-03 11:42:02.214  5825  5885 D BluetoothLeScanner: onScannerRegistered() - status=0 scannerId=6 mScannerId=0
04-03 11:42:02.221  5825  5872 I NearbySharing: No allow to auto turn on/off device settings. [CONTEXT service_id=194 ]
04-03 11:42:02.221  5825  5872 I NearbySharing: A ReceiveSurface(BACKGROUND) has been registered [CONTEXT service_id=194 ]
04-03 11:42:02.223  5825  5872 I NearbySharing: Stopping advertising because Nearby Sharing is disabled. [CONTEXT service_id=194 ]
04-03 11:42:02.234  5825  5872 I NearbySharing: Failed to scan for fast initiation because we're already scanning with isHighPowerAllowed=false. [CONTEXT service_id=194 ]
04-03 11:42:02.234  5825  5872 I NearbySharing: Dismissing HUN as there's no device nearby. [CONTEXT service_id=194 ]
04-03 11:42:02.234  5825  5872 I NearbySharing: Cancelling in use notification [CONTEXT service_id=194 ]
04-03 11:42:02.236  5825  5872 I NearbySharing: Broadcasting NearbySharing state change. [CONTEXT service_id=194 ]
04-03 11:42:02.237  5825  5872 I NearbySharing: No allow to auto turn on/off device settings. [CONTEXT service_id=194 ]
04-03 11:42:02.237  5825  5872 W NearbySharing: Cannot get discovered share targets on DisabledNearbySharingProvider. [CONTEXT service_id=194 ]
04-03 11:42:02.237  5825  5872 I NearbySharing: A SendSurface(BACKGROUND) has been registered [CONTEXT service_id=194 ]
04-03 11:42:02.237  5825  5872 I NearbyMediums: FEATURE_UWB exists: false [CONTEXT service_id=54 ]
04-03 11:42:02.238  5825  5872 I NearbyMediums: FEATURE_SAMSUNG_UWB  exists: false [CONTEXT service_id=54 ]
04-03 11:42:02.238  5825  5872 I NearbyMediums: enable_platform_uwb flag: false [CONTEXT service_id=54 ]
04-03 11:42:02.238  5825  5872 I NearbyMediums: FEATURE_UWB exists: false [CONTEXT service_id=54 ]
04-03 11:42:02.239  5825  5872 I NearbyMediums: FEATURE_SAMSUNG_UWB  exists: false [CONTEXT service_id=54 ]
04-03 11:42:02.239  5825  5872 I NearbyMediums: enable_platform_uwb flag: false [CONTEXT service_id=54 ]
04-03 11:42:02.239  5825  5872 I NearbySharing: Failed to stop scanning because weren't scanning. [CONTEXT service_id=194 ]
04-03 11:42:02.239  5825  5872 I NearbySharing: Stopping discovery because Nearby Sharing is disabled. [CONTEXT service_id=194 ]
04-03 11:42:02.239  5825  5872 I NearbySharing: Can't stop advertising FastInitiation. Not advertising. [CONTEXT service_id=194 ]
04-03 11:42:02.239  5825  5872 I NearbySharing: Stopping Fast Init advertisement because we're not scanning. [CONTEXT service_id=194 ]
04-03 11:42:02.239  5825  5872 I NearbySharing: Stopping advertising because Nearby Sharing is disabled. [CONTEXT service_id=194 ]
04-03 11:42:02.240  5825  5872 I NearbySharing: Failed to scan for fast initiation because we're already scanning with isHighPowerAllowed=false. [CONTEXT service_id=194 ]
04-03 11:42:02.240  5825  5872 I NearbySharing: Dismissing HUN as there's no device nearby. [CONTEXT service_id=194 ]
04-03 11:42:02.240  5825  5872 I NearbySharing: Cancelling in use notification [CONTEXT service_id=194 ]
04-03 11:42:02.243  5825  5872 I NearbySharing: Broadcasting NearbySharing state change. [CONTEXT service_id=194 ]
04-03 11:42:02.250  5825  5957 I NearbyDiscovery: FastPairScanner2: isScreenOn=true, scanWithScreenOff=false, isLocationEnabled=true, disableLocationRequirement=false, isDiscoveryScanningEnabled=true [CONTEXT service_id=49 ]
04-03 11:42:02.253  5825  5957 D BluetoothAdapter: isLeEnabled(): ON
04-03 11:42:02.254  5825  5957 I NearbyDiscovery: FastPairScanner2: eventType=SERVICE_INITIALIZE, intReq=false, scanning=false, scanAllowed=true, bleEnabled=true, bleScanAvailable=false, lockScanRate=false [CONTEXT service_id=49 ]
04-03 11:42:02.255  5825  5957 I NearbyDiscovery: FastPairScanner2: register location ble observer [CONTEXT service_id=49 ]
04-03 11:42:02.272  5825  5957 I NearbyDiscovery: FastPairScanner2: isScreenOn=true, scanWithScreenOff=false, isLocationEnabled=true, disableLocationRequirement=false, isDiscoveryScanningEnabled=true [CONTEXT service_id=49 ]
04-03 11:42:02.278  5825  5957 I NearbyDiscovery: FastPairScanner2: isScreenOn=true, scanWithScreenOff=false, isLocationEnabled=true, disableLocationRequirement=false, isDiscoveryScanningEnabled=true [CONTEXT service_id=49 ]
04-03 11:42:02.279  5825  5963 I GCoreUlr: DispatchingService ignoring Intent { act=android.net.wifi.WIFI_STATE_CHANGED flg=0x4000010 (has extras) } because ULR inactive
04-03 11:42:02.280  5825  5957 D BluetoothAdapter: isLeEnabled(): ON
04-03 11:42:02.282   668  1106 I bt_stack: [INFO:gatt_api.cc(947)] GATT_Register c6b64eb4-0d45-9f89-3a52-527ceb387645
04-03 11:42:02.282   668  1106 I bt_stack: [INFO:gatt_api.cc(967)] allocated gatt_if=7
04-03 11:42:02.282  5825  5844 D BluetoothLeScanner: onScannerRegistered() - status=0 scannerId=7 mScannerId=0
04-03 11:42:02.288  5825  5825 I GCoreUlr: Unbound from all signal providers.
04-03 11:42:02.288  5825  5825 I GCoreUlr: Stopping handler for UlrDispSvcFast
04-03 11:42:02.294  5825  5957 I NearbyDiscovery: FastPairScanner2: Starting LOW_LATENCY_SCANNING scan for 6 seconds [CONTEXT service_id=49 ]
04-03 11:42:02.297  5825  5957 I NearbyDiscovery: FastPair: HeadsetPieceImage, grant permission files:0 [CONTEXT service_id=49 ]
04-03 11:42:02.297  5825  5957 I NearbyDiscovery: FastPairEventStream: Initialize event stream [CONTEXT service_id=49 ]
04-03 11:42:02.306   515  4829 I system_server: oneway function results will be dropped but finished with status OK and parcel size 4
04-03 11:42:02.322  5825  5924 I ExperimentPackageManage: Package com.google.android.as name not found! Using module version.
04-03 11:42:02.324  5825  5924 I ExperimentPackageManage: Package com.android.refreshratecontrol name not found! Using module version.
04-03 11:42:02.324  5825  5924 I ExperimentPackageManage: Package com.google.android.as name not found! Using module version.
04-03 11:42:02.325  5825  5957 I NearbyDiscovery: Show notifications: 0 total, no changes since last shown, no-op. [CONTEXT service_id=49 ]
04-03 11:42:02.330  5825  5924 I ExperimentPackageManage: Package com.google.oslo name not found! Using module version.
04-03 11:42:02.331  5825  5924 I ExperimentPackageManage: Package com.google.android.art name not found! Using module version.
04-03 11:42:02.331  5825  5924 I ExperimentPackageManage: Package com.google.android.art name not found! Using module version.
04-03 11:42:02.335  5825  5924 I ExperimentPackageManage: Package com.android.media name not found! Using module version.
04-03 11:42:02.336  5825  5924 I ExperimentPackageManage: Package com.android.media.swcodec name not found! Using module version.
04-03 11:42:02.337  5825  5957 I NearbyDiscovery: FastPairHandler: Received action android.net.wifi.STATE_CHANGE [CONTEXT service_id=49 ]
04-03 11:42:02.338  5825  5957 I NearbyDiscovery: FastPairHandler: Received action android.net.conn.CONNECTIVITY_CHANGE [CONTEXT service_id=49 ]
04-03 11:42:02.339  5825  5924 I ExperimentPackageManage: Package com.android.appsearch name not found! Using module version.
04-03 11:42:02.340  5825  5924 I ExperimentPackageManage: Package com.android.neuralnetworks name not found! Using module version.
04-03 11:42:02.340  5825  5924 I ExperimentPackageManage: Package com.google.android.odad name not found! Using module version.
04-03 11:42:02.341  5825  5924 I ExperimentPackageManage: Package com.android.media name not found! Using module version.
04-03 11:42:02.344  5825  5924 I ExperimentPackageManage: Package com.android.privateads.apk name not found! Using module version.
04-03 11:42:02.344  5825  5924 I ExperimentPackageManage: Package com.google.android.as.oss name not found! Using module version.
04-03 11:42:02.347  5825  5924 W ConfiguratorPhenotypeUt: Package com.google.android.art name not found! Using module version. [CONTEXT service_id=204 ]
04-03 11:42:02.349  5740  5740 D IdlingResourceRegistry: All idling resources are idle.
04-03 11:42:02.349  5740  5740 D IdlingResourceRegistry: All idling resources are idle.
04-03 11:42:02.349  5825  5924 W ConfiguratorPhenotypeUt: Package com.android.privateads.apk name not found! Using module version. [CONTEXT service_id=204 ]
04-03 11:42:02.350  5825  5924 W ConfiguratorPhenotypeUt: Package com.google.android.as name not found! Using module version. [CONTEXT service_id=204 ]
04-03 11:42:02.351  5825  5924 W ConfiguratorPhenotypeUt: Package com.android.media name not found! Using module version. [CONTEXT service_id=204 ]
04-03 11:42:02.352  5825  5924 W ConfiguratorPhenotypeUt: Package com.google.oslo name not found! Using module version. [CONTEXT service_id=204 ]
04-03 11:42:02.353  5825  5825 I Wear_Controller: Wearable module requires a companion app to be installed.
04-03 11:42:02.353  5825  5825 I WearableService: onCreate: Wearable Services not starting. Wear is not available on this device.
